
 /----------------------------------------------------------------------------\
 |  yosys -- Yosys Open SYnthesis Suite                                       |
 |  Copyright (C) 2012 - 2026  Claire Xenia Wolf <claire@yosyshq.com>         |
 |  Distributed under an ISC-like license, type "license" to see terms        |
 \----------------------------------------------------------------------------/
 Yosys 0.67+40 (git sha1 45ea2b8d6-dirty, Release, Clang /usr/bin/clang++ 18.1.8)

-- Running command `read_verilog -sv /home/moein/projects/lithos/sandbox/computer-architecture-lab/scratch_pad/2026-09-04_sep/03_memory_options/rtl_variants/qspi_master_streaming.v; hierarchy -top qspi_master_streaming; flatten; proc; memory; opt -fast; techmap; opt -fast; dfflibmap -liberty /home/moein/.ciel/ciel/sky130/versions/8afc8346a57fe1ab7934ba5a6056ea8b43078e71/sky130A/libs.ref/sky130_fd_sc_hd/lib/sky130_fd_sc_hd__tt_025C_1v80.lib; abc -liberty /home/moein/.ciel/ciel/sky130/versions/8afc8346a57fe1ab7934ba5a6056ea8b43078e71/sky130A/libs.ref/sky130_fd_sc_hd/lib/sky130_fd_sc_hd__tt_025C_1v80.lib; opt_clean -purge; stat -liberty /home/moein/.ciel/ciel/sky130/versions/8afc8346a57fe1ab7934ba5a6056ea8b43078e71/sky130A/libs.ref/sky130_fd_sc_hd/lib/sky130_fd_sc_hd__tt_025C_1v80.lib' --

1. Executing Verilog-2005 frontend: /home/moein/projects/lithos/sandbox/computer-architecture-lab/scratch_pad/2026-09-04_sep/03_memory_options/rtl_variants/qspi_master_streaming.v
Parsing SystemVerilog input from `/home/moein/projects/lithos/sandbox/computer-architecture-lab/scratch_pad/2026-09-04_sep/03_memory_options/rtl_variants/qspi_master_streaming.v' to AST representation.
Generating RTLIL representation for module `\qspi_master_streaming'.
Successfully finished Verilog frontend.

2. Executing HIERARCHY pass (managing design hierarchy).

2.1. Analyzing design hierarchy..
Top module:  \qspi_master_streaming

2.2. Analyzing design hierarchy..
Top module:  \qspi_master_streaming
Removed 0 unused modules.

3. Executing FLATTEN pass (flatten design).

4. Executing PROC pass (convert processes to netlists).

4.1. Executing PROC_CLEAN pass (remove empty switches from decision trees).
Cleaned up 0 empty switches.

4.2. Executing PROC_RMDEAD pass (remove dead branches from decision trees).
Marked 5 switch rules as full_case in process $proc$/home/moein/projects/lithos/sandbox/computer-architecture-lab/scratch_pad/2026-09-04_sep/03_memory_options/rtl_variants/qspi_master_streaming.v:47$4 in module qspi_master_streaming.
Removed a total of 0 dead cases.

4.3. Executing PROC_PRUNE pass (remove redundant assignments in processes).
Removed 2 redundant assignments.
Promoted 0 assignments to connections.

4.4. Executing PROC_INIT pass (extract init attributes).

4.5. Executing PROC_ARST pass (detect async resets in processes).

4.6. Executing PROC_ROM pass (convert switches to ROMs).
Converted 0 switches.
<suppressed ~12 debug messages>

4.7. Executing PROC_MUX pass (convert decision trees to multiplexers).
Creating decoders for process `\qspi_master_streaming.$proc$/home/moein/projects/lithos/sandbox/computer-architecture-lab/scratch_pad/2026-09-04_sep/03_memory_options/rtl_variants/qspi_master_streaming.v:47$4'.
     1/17: $0\data_ready_out[0:0]
     2/17: $0\instr_ready_out[0:0]
     3/17: $0\stream_open[0:0]
     4/17: $0\stream_next_addr[23:0]
     5/17: $0\dq_o[3:0]
     6/17: $0\is_write[0:0]
     7/17: $0\is_instr[0:0]
     8/17: $0\rxreg[31:0]
     9/17: $0\shifter[31:0]
    10/17: $0\bitcnt[5:0]
    11/17: $0\state[2:0]
    12/17: $0\qspi_dq_oe_out[3:0]
    13/17: $0\qspi_cs_rama_n_out[0:0]
    14/17: $0\qspi_cs_flash_n_out[0:0]
    15/17: $0\qspi_sck_out[0:0]
    16/17: $0\data_rdata_out[15:0]
    17/17: $0\instr_data_out[31:0]

4.8. Executing PROC_DLATCH pass (convert process syncs to latches).

4.9. Executing PROC_DFF pass (convert process syncs to FFs).
Creating register for signal `\qspi_master_streaming.\instr_data_out' using process `\qspi_master_streaming.$proc$/home/moein/projects/lithos/sandbox/computer-architecture-lab/scratch_pad/2026-09-04_sep/03_memory_options/rtl_variants/qspi_master_streaming.v:47$4'.
  created $dff cell `$procdff$277' with positive edge clock.
Creating register for signal `\qspi_master_streaming.\instr_ready_out' using process `\qspi_master_streaming.$proc$/home/moein/projects/lithos/sandbox/computer-architecture-lab/scratch_pad/2026-09-04_sep/03_memory_options/rtl_variants/qspi_master_streaming.v:47$4'.
  created $dff cell `$procdff$278' with positive edge clock.
Creating register for signal `\qspi_master_streaming.\data_rdata_out' using process `\qspi_master_streaming.$proc$/home/moein/projects/lithos/sandbox/computer-architecture-lab/scratch_pad/2026-09-04_sep/03_memory_options/rtl_variants/qspi_master_streaming.v:47$4'.
  created $dff cell `$procdff$279' with positive edge clock.
Creating register for signal `\qspi_master_streaming.\data_ready_out' using process `\qspi_master_streaming.$proc$/home/moein/projects/lithos/sandbox/computer-architecture-lab/scratch_pad/2026-09-04_sep/03_memory_options/rtl_variants/qspi_master_streaming.v:47$4'.
  created $dff cell `$procdff$280' with positive edge clock.
Creating register for signal `\qspi_master_streaming.\qspi_sck_out' using process `\qspi_master_streaming.$proc$/home/moein/projects/lithos/sandbox/computer-architecture-lab/scratch_pad/2026-09-04_sep/03_memory_options/rtl_variants/qspi_master_streaming.v:47$4'.
  created $dff cell `$procdff$281' with positive edge clock.
Creating register for signal `\qspi_master_streaming.\qspi_cs_flash_n_out' using process `\qspi_master_streaming.$proc$/home/moein/projects/lithos/sandbox/computer-architecture-lab/scratch_pad/2026-09-04_sep/03_memory_options/rtl_variants/qspi_master_streaming.v:47$4'.
  created $dff cell `$procdff$282' with positive edge clock.
Creating register for signal `\qspi_master_streaming.\qspi_cs_rama_n_out' using process `\qspi_master_streaming.$proc$/home/moein/projects/lithos/sandbox/computer-architecture-lab/scratch_pad/2026-09-04_sep/03_memory_options/rtl_variants/qspi_master_streaming.v:47$4'.
  created $dff cell `$procdff$283' with positive edge clock.
Creating register for signal `\qspi_master_streaming.\qspi_dq_oe_out' using process `\qspi_master_streaming.$proc$/home/moein/projects/lithos/sandbox/computer-architecture-lab/scratch_pad/2026-09-04_sep/03_memory_options/rtl_variants/qspi_master_streaming.v:47$4'.
  created $dff cell `$procdff$284' with positive edge clock.
Creating register for signal `\qspi_master_streaming.\state' using process `\qspi_master_streaming.$proc$/home/moein/projects/lithos/sandbox/computer-architecture-lab/scratch_pad/2026-09-04_sep/03_memory_options/rtl_variants/qspi_master_streaming.v:47$4'.
  created $dff cell `$procdff$285' with positive edge clock.
Creating register for signal `\qspi_master_streaming.\bitcnt' using process `\qspi_master_streaming.$proc$/home/moein/projects/lithos/sandbox/computer-architecture-lab/scratch_pad/2026-09-04_sep/03_memory_options/rtl_variants/qspi_master_streaming.v:47$4'.
  created $dff cell `$procdff$286' with positive edge clock.
Creating register for signal `\qspi_master_streaming.\shifter' using process `\qspi_master_streaming.$proc$/home/moein/projects/lithos/sandbox/computer-architecture-lab/scratch_pad/2026-09-04_sep/03_memory_options/rtl_variants/qspi_master_streaming.v:47$4'.
  created $dff cell `$procdff$287' with positive edge clock.
Creating register for signal `\qspi_master_streaming.\rxreg' using process `\qspi_master_streaming.$proc$/home/moein/projects/lithos/sandbox/computer-architecture-lab/scratch_pad/2026-09-04_sep/03_memory_options/rtl_variants/qspi_master_streaming.v:47$4'.
  created $dff cell `$procdff$288' with positive edge clock.
Creating register for signal `\qspi_master_streaming.\is_instr' using process `\qspi_master_streaming.$proc$/home/moein/projects/lithos/sandbox/computer-architecture-lab/scratch_pad/2026-09-04_sep/03_memory_options/rtl_variants/qspi_master_streaming.v:47$4'.
  created $dff cell `$procdff$289' with positive edge clock.
Creating register for signal `\qspi_master_streaming.\is_write' using process `\qspi_master_streaming.$proc$/home/moein/projects/lithos/sandbox/computer-architecture-lab/scratch_pad/2026-09-04_sep/03_memory_options/rtl_variants/qspi_master_streaming.v:47$4'.
  created $dff cell `$procdff$290' with positive edge clock.
Creating register for signal `\qspi_master_streaming.\dq_o' using process `\qspi_master_streaming.$proc$/home/moein/projects/lithos/sandbox/computer-architecture-lab/scratch_pad/2026-09-04_sep/03_memory_options/rtl_variants/qspi_master_streaming.v:47$4'.
  created $dff cell `$procdff$291' with positive edge clock.
Creating register for signal `\qspi_master_streaming.\stream_next_addr' using process `\qspi_master_streaming.$proc$/home/moein/projects/lithos/sandbox/computer-architecture-lab/scratch_pad/2026-09-04_sep/03_memory_options/rtl_variants/qspi_master_streaming.v:47$4'.
  created $dff cell `$procdff$292' with positive edge clock.
Creating register for signal `\qspi_master_streaming.\stream_open' using process `\qspi_master_streaming.$proc$/home/moein/projects/lithos/sandbox/computer-architecture-lab/scratch_pad/2026-09-04_sep/03_memory_options/rtl_variants/qspi_master_streaming.v:47$4'.
  created $dff cell `$procdff$293' with positive edge clock.

4.10. Executing PROC_MEMWR pass (convert process memory writes to cells).

4.11. Executing PROC_CLEAN pass (remove empty switches from decision trees).
Found and cleaned up 12 empty switches in `\qspi_master_streaming.$proc$/home/moein/projects/lithos/sandbox/computer-architecture-lab/scratch_pad/2026-09-04_sep/03_memory_options/rtl_variants/qspi_master_streaming.v:47$4'.
Removing empty process `qspi_master_streaming.$proc$/home/moein/projects/lithos/sandbox/computer-architecture-lab/scratch_pad/2026-09-04_sep/03_memory_options/rtl_variants/qspi_master_streaming.v:47$4'.
Cleaned up 12 empty switches.

4.12. Executing OPT_EXPR pass (perform const folding).
Optimizing module qspi_master_streaming.
<suppressed ~10 debug messages>

5. Executing MEMORY pass.

5.1. Executing OPT_MEM pass (optimize memories).
Performed a total of 0 transformations.

5.2. Executing OPT_MEM_PRIORITY pass (removing unnecessary memory write priority relations).
Performed a total of 0 transformations.

5.3. Executing OPT_MEM_FEEDBACK pass (finding memory read-to-write feedback paths).

5.4. Executing MEMORY_BMUX2ROM pass (converting muxes to ROMs).

5.5. Executing MEMORY_DFF pass (merging $dff cells to $memrd).

5.6. Executing OPT_CLEAN pass (remove unused cells and wires).
Finding unused cells or wires in module \qspi_master_streaming..
Removed 0 unused cells and 84 unused wires.
<suppressed ~1 debug messages>

5.7. Executing MEMORY_SHARE pass (consolidating $memrd/$memwr cells).

5.8. Executing OPT_MEM_WIDEN pass (optimize memories where all ports are wide).
Performed a total of 0 transformations.

5.9. Executing OPT_CLEAN pass (remove unused cells and wires).
Finding unused cells or wires in module \qspi_master_streaming..

5.10. Executing MEMORY_COLLECT pass (generating $mem cells).

5.11. Executing MEMORY_MAP pass (converting memories to logic and flip-flops).

6. Executing OPT pass (performing simple optimizations).

6.1. Executing OPT_EXPR pass (perform const folding).
Optimizing module qspi_master_streaming.

6.2. Executing OPT_MERGE pass (detect identical cells).
Finding identical cells in module `\qspi_master_streaming'.
Computing hashes of 159 cells of `\qspi_master_streaming'.
Finding duplicate cells in `\qspi_master_streaming'.
Computing hashes of 120 cells of `\qspi_master_streaming'.
Finding duplicate cells in `\qspi_master_streaming'.
Computing hashes of 116 cells of `\qspi_master_streaming'.
Finding duplicate cells in `\qspi_master_streaming'.
<suppressed ~129 debug messages>
Removed a total of 43 cells.

6.3. Executing OPT_DFF pass (perform DFF optimizations).
Adding SRST signal on $procdff$291 ($dff) from module qspi_master_streaming (D = $procmux$69_Y, Q = \dq_o, rval = 4'0000).
Adding EN signal on $auto$ff.cc:337:slice$294 ($sdff) from module qspi_master_streaming (D = \shifter [31:28], Q = \dq_o).
Adding SRST signal on $procdff$292 ($dff) from module qspi_master_streaming (D = $procmux$58_Y, Q = \stream_next_addr, rval = 24'000000000000000000000000).
Adding EN signal on $auto$ff.cc:337:slice$298 ($sdff) from module qspi_master_streaming (D = $add$/home/moein/projects/lithos/sandbox/computer-architecture-lab/scratch_pad/2026-09-04_sep/03_memory_options/rtl_variants/qspi_master_streaming.v:108$17_Y, Q = \stream_next_addr).
Adding SRST signal on $procdff$293 ($dff) from module qspi_master_streaming (D = $procmux$40_Y, Q = \stream_open, rval = 1'0).
Adding EN signal on $auto$ff.cc:337:slice$302 ($sdff) from module qspi_master_streaming (D = $procmux$40_Y, Q = \stream_open).
Adding SRST signal on $procdff$290 ($dff) from module qspi_master_streaming (D = $procmux$87_Y, Q = \is_write, rval = 1'0).
Adding EN signal on $auto$ff.cc:337:slice$312 ($sdff) from module qspi_master_streaming (D = $procmux$85_Y, Q = \is_write).
Adding SRST signal on $procdff$277 ($dff) from module qspi_master_streaming (D = $procmux$272_Y, Q = \instr_data_out, rval = 0).
Adding EN signal on $auto$ff.cc:337:slice$318 ($sdff) from module qspi_master_streaming (D = \rxreg, Q = \instr_data_out).
Adding SRST signal on $procdff$278 ($dff) from module qspi_master_streaming (D = $procmux$29_Y, Q = \instr_ready_out, rval = 1'0).
Adding SRST signal on $procdff$279 ($dff) from module qspi_master_streaming (D = $procmux$263_Y, Q = \data_rdata_out, rval = 16'0000000000000000).
Adding EN signal on $auto$ff.cc:337:slice$327 ($sdff) from module qspi_master_streaming (D = \rxreg [15:0], Q = \data_rdata_out).
Adding SRST signal on $procdff$280 ($dff) from module qspi_master_streaming (D = $procmux$20_Y, Q = \data_ready_out, rval = 1'0).
Adding SRST signal on $procdff$281 ($dff) from module qspi_master_streaming (D = $procmux$250_Y, Q = \qspi_sck_out, rval = 1'0).
Adding EN signal on $auto$ff.cc:337:slice$338 ($sdff) from module qspi_master_streaming (D = $procmux$250_Y, Q = \qspi_sck_out).
Adding SRST signal on $procdff$282 ($dff) from module qspi_master_streaming (D = $procmux$235_Y, Q = \qspi_cs_flash_n_out, rval = 1'1).
Adding EN signal on $auto$ff.cc:337:slice$342 ($sdff) from module qspi_master_streaming (D = $procmux$235_Y, Q = \qspi_cs_flash_n_out).
Adding SRST signal on $procdff$283 ($dff) from module qspi_master_streaming (D = $procmux$217_Y, Q = \qspi_cs_rama_n_out, rval = 1'1).
Adding EN signal on $auto$ff.cc:337:slice$354 ($sdff) from module qspi_master_streaming (D = $procmux$217_Y, Q = \qspi_cs_rama_n_out).
Adding SRST signal on $procdff$284 ($dff) from module qspi_master_streaming (D = $procmux$198_Y, Q = \qspi_dq_oe_out, rval = 4'0000).
Adding EN signal on $auto$ff.cc:337:slice$366 ($sdff) from module qspi_master_streaming (D = $procmux$198_Y, Q = \qspi_dq_oe_out).
Adding SRST signal on $procdff$285 ($dff) from module qspi_master_streaming (D = $procmux$173_Y, Q = \state, rval = 3'000).
Adding EN signal on $auto$ff.cc:337:slice$374 ($sdff) from module qspi_master_streaming (D = $procmux$173_Y, Q = \state).
Adding SRST signal on $procdff$286 ($dff) from module qspi_master_streaming (D = $procmux$143_Y, Q = \bitcnt, rval = 6'000000).
Adding EN signal on $auto$ff.cc:337:slice$392 ($sdff) from module qspi_master_streaming (D = $procmux$143_Y, Q = \bitcnt).
Adding SRST signal on $procdff$287 ($dff) from module qspi_master_streaming (D = $procmux$125_Y, Q = \shifter, rval = 0).
Adding EN signal on $auto$ff.cc:337:slice$406 ($sdff) from module qspi_master_streaming (D = $procmux$125_Y, Q = \shifter).
Adding SRST signal on $procdff$288 ($dff) from module qspi_master_streaming (D = $procmux$114_Y, Q = \rxreg, rval = 0).
Adding EN signal on $auto$ff.cc:337:slice$418 ($sdff) from module qspi_master_streaming (D = { \rxreg [27:0] \qspi_dq_in }, Q = \rxreg).
Adding SRST signal on $procdff$289 ($dff) from module qspi_master_streaming (D = $procmux$105_Y, Q = \is_instr, rval = 1'0).
Adding EN signal on $auto$ff.cc:337:slice$422 ($sdff) from module qspi_master_streaming (D = $procmux$103_Y, Q = \is_instr).

6.4. Executing OPT_CLEAN pass (remove unused cells and wires).
Finding unused cells or wires in module \qspi_master_streaming..
Removed 31 unused cells and 70 unused wires.
<suppressed ~32 debug messages>

6.5. Rerunning OPT passes. (Removed registers in this run.)

6.6. Executing OPT_EXPR pass (perform const folding).
Optimizing module qspi_master_streaming.
<suppressed ~9 debug messages>

6.7. Executing OPT_MERGE pass (detect identical cells).
Finding identical cells in module `\qspi_master_streaming'.
Computing hashes of 136 cells of `\qspi_master_streaming'.
Finding duplicate cells in `\qspi_master_streaming'.
Computing hashes of 117 cells of `\qspi_master_streaming'.
Finding duplicate cells in `\qspi_master_streaming'.
Computing hashes of 114 cells of `\qspi_master_streaming'.
Finding duplicate cells in `\qspi_master_streaming'.
<suppressed ~66 debug messages>
Removed a total of 22 cells.

6.8. Executing OPT_DFF pass (perform DFF optimizations).

6.9. Executing OPT_CLEAN pass (remove unused cells and wires).
Finding unused cells or wires in module \qspi_master_streaming..
Removed 0 unused cells and 22 unused wires.
<suppressed ~1 debug messages>

6.10. Finished fast OPT passes.

7. Executing TECHMAP pass (map to technology primitives).

7.1. Executing Verilog-2005 frontend: /home/moein/oss-cad-suite/lib/../share/yosys/techmap.v
Parsing Verilog input from `/home/moein/oss-cad-suite/lib/../share/yosys/techmap.v' to AST representation.
Generating RTLIL representation for module `\_90_simplemap_bool_ops'.
Generating RTLIL representation for module `\_90_simplemap_reduce_ops'.
Generating RTLIL representation for module `\_90_simplemap_logic_ops'.
Generating RTLIL representation for module `\_90_simplemap_compare_ops'.
Generating RTLIL representation for module `\_90_simplemap_various'.
Generating RTLIL representation for module `\_90_simplemap_registers'.
Generating RTLIL representation for module `\_90_shift_ops_shr_shl_sshl_sshr'.
Generating RTLIL representation for module `\_90_shift_shiftx'.
Generating RTLIL representation for module `\_90_fa'.
Generating RTLIL representation for module `\_90_lcu_brent_kung'.
Generating RTLIL representation for module `\_90_alu'.
Generating RTLIL representation for module `\_90_macc'.
Generating RTLIL representation for module `\_90_alumacc'.
Generating RTLIL representation for module `$__div_mod_u'.
Generating RTLIL representation for module `$__div_mod_trunc'.
Generating RTLIL representation for module `\_90_div'.
Generating RTLIL representation for module `\_90_mod'.
Generating RTLIL representation for module `$__div_mod_floor'.
Generating RTLIL representation for module `\_90_divfloor'.
Generating RTLIL representation for module `\_90_modfloor'.
Generating RTLIL representation for module `\_90_pow'.
Generating RTLIL representation for module `\_90_demux'.
Generating RTLIL representation for module `\_90_lut'.
Generating RTLIL representation for module `$connect'.
Generating RTLIL representation for module `$input_port'.
Successfully finished Verilog frontend.

7.2. Continuing TECHMAP pass.
Using extmapper simplemap for cells of type $sdffe.
Using extmapper simplemap for cells of type $reduce_and.
Using extmapper simplemap for cells of type $reduce_bool.
Using extmapper simplemap for cells of type $ne.
Using extmapper simplemap for cells of type $reduce_or.
Using extmapper simplemap for cells of type $not.
Using extmapper simplemap for cells of type $sdff.
Using extmapper simplemap for cells of type $and.
Using extmapper simplemap for cells of type $eq.
Using extmapper simplemap for cells of type $or.
Using extmapper simplemap for cells of type $mux.
Running "alumacc" on wrapper $extern:wrap:$sub:Y_WIDTH=32:B_WIDTH=32:A_WIDTH=6:B_SIGNED=0:A_SIGNED=0:394426c56d1a028ba8fdd5469b163e04011def47.
Using template $extern:wrap:$sub:Y_WIDTH=32:B_WIDTH=32:A_WIDTH=6:B_SIGNED=0:A_SIGNED=0:394426c56d1a028ba8fdd5469b163e04011def47 for cells of type $extern:wrap:$sub:Y_WIDTH=32:B_WIDTH=32:A_WIDTH=6:B_SIGNED=0:A_SIGNED=0:394426c56d1a028ba8fdd5469b163e04011def47.
Running "alumacc" on wrapper $extern:wrap:$add:Y_WIDTH=24:B_WIDTH=24:A_WIDTH=24:B_SIGNED=0:A_SIGNED=0:394426c56d1a028ba8fdd5469b163e04011def47.
Using template $extern:wrap:$add:Y_WIDTH=24:B_WIDTH=24:A_WIDTH=24:B_SIGNED=0:A_SIGNED=0:394426c56d1a028ba8fdd5469b163e04011def47 for cells of type $extern:wrap:$add:Y_WIDTH=24:B_WIDTH=24:A_WIDTH=24:B_SIGNED=0:A_SIGNED=0:394426c56d1a028ba8fdd5469b163e04011def47.
Using extmapper simplemap for cells of type $pmux.
Using extmapper simplemap for cells of type $logic_not.
Using template $paramod$e82d3fc1811c5751348a3964470632b35a435fc7\_90_alu for cells of type $alu.
Using template $paramod$ae0147484b1ff1c0caf19799670ecd3c54c1601d\_90_alu for cells of type $alu.
Using extmapper simplemap for cells of type $xor.
Using template $paramod\_90_fa\WIDTH=32'00000000000000000000000000011000 for cells of type $fa.
Using template $paramod\_90_lcu_brent_kung\WIDTH=32'00000000000000000000000000011000 for cells of type $lcu.
Using extmapper simplemap for cells of type $pos.
Using template $paramod\_90_fa\WIDTH=32'00000000000000000000000000100000 for cells of type $fa.
Using template $paramod\_90_lcu_brent_kung\WIDTH=32'00000000000000000000000000100000 for cells of type $lcu.
No more expansions possible.
<suppressed ~821 debug messages>

8. Executing OPT pass (performing simple optimizations).

8.1. Executing OPT_EXPR pass (perform const folding).
Optimizing module qspi_master_streaming.
<suppressed ~736 debug messages>

8.2. Executing OPT_MERGE pass (detect identical cells).
Finding identical cells in module `\qspi_master_streaming'.
Computing hashes of 903 cells of `\qspi_master_streaming'.
Finding duplicate cells in `\qspi_master_streaming'.
Computing hashes of 816 cells of `\qspi_master_streaming'.
Finding duplicate cells in `\qspi_master_streaming'.
Computing hashes of 778 cells of `\qspi_master_streaming'.
Finding duplicate cells in `\qspi_master_streaming'.
Computing hashes of 758 cells of `\qspi_master_streaming'.
Finding duplicate cells in `\qspi_master_streaming'.
Computing hashes of 742 cells of `\qspi_master_streaming'.
Finding duplicate cells in `\qspi_master_streaming'.
Computing hashes of 739 cells of `\qspi_master_streaming'.
Finding duplicate cells in `\qspi_master_streaming'.
Computing hashes of 736 cells of `\qspi_master_streaming'.
Finding duplicate cells in `\qspi_master_streaming'.
Computing hashes of 733 cells of `\qspi_master_streaming'.
Finding duplicate cells in `\qspi_master_streaming'.
<suppressed ~510 debug messages>
Removed a total of 170 cells.

8.3. Executing OPT_DFF pass (perform DFF optimizations).

8.4. Executing OPT_CLEAN pass (remove unused cells and wires).
Finding unused cells or wires in module \qspi_master_streaming..
Removed 11 unused cells and 454 unused wires.
<suppressed ~12 debug messages>

8.5. Finished fast OPT passes.

9. Executing DFFLIBMAP pass (mapping DFF cells to sequential cells from liberty file).
  cell sky130_fd_sc_hd__dfxtp_1 (noninv, pins=3, area=20.02) is a direct match for cell type $_DFF_P_.
  cell sky130_fd_sc_hd__dfrtn_1 (noninv, pins=4, area=25.02) is a direct match for cell type $_DFF_NN0_.
  cell sky130_fd_sc_hd__dfrtp_1 (noninv, pins=4, area=25.02) is a direct match for cell type $_DFF_PN0_.
  cell sky130_fd_sc_hd__dfstp_2 (noninv, pins=4, area=26.28) is a direct match for cell type $_DFF_PN1_.
  cell sky130_fd_sc_hd__edfxtp_1 (noninv, pins=4, area=30.03) is a direct match for cell type $_DFFE_PP_.
  cell sky130_fd_sc_hd__dfbbn_1 (noninv, pins=6, area=32.53) is a direct match for cell type $_DFFSR_NNN_.
  cell sky130_fd_sc_hd__dfbbp_1 (noninv, pins=6, area=32.53) is a direct match for cell type $_DFFSR_PNN_.
  final dff cell mappings:
    unmapped dff cell: $_DFF_N_
    \sky130_fd_sc_hd__dfxtp_1 _DFF_P_ (.CLK( C), .D( D), .Q( Q));
    \sky130_fd_sc_hd__dfrtn_1 _DFF_NN0_ (.CLK_N( C), .D( D), .Q( Q), .RESET_B( R));
    unmapped dff cell: $_DFF_NN1_
    unmapped dff cell: $_DFF_NP0_
    unmapped dff cell: $_DFF_NP1_
    \sky130_fd_sc_hd__dfrtp_1 _DFF_PN0_ (.CLK( C), .D( D), .Q( Q), .RESET_B( R));
    \sky130_fd_sc_hd__dfstp_2 _DFF_PN1_ (.CLK( C), .D( D), .Q( Q), .SET_B( R));
    unmapped dff cell: $_DFF_PP0_
    unmapped dff cell: $_DFF_PP1_
    unmapped dff cell: $_DFFE_NN_
    unmapped dff cell: $_DFFE_NP_
    unmapped dff cell: $_DFFE_PN_
    \sky130_fd_sc_hd__edfxtp_1 _DFFE_PP_ (.CLK( C), .D( D), .DE( E), .Q( Q));
    \sky130_fd_sc_hd__dfbbn_1 _DFFSR_NNN_ (.CLK_N( C), .D( D), .Q( Q), .Q_N(~Q), .RESET_B( R), .SET_B( S));
    unmapped dff cell: $_DFFSR_NNP_
    unmapped dff cell: $_DFFSR_NPN_
    unmapped dff cell: $_DFFSR_NPP_
    \sky130_fd_sc_hd__dfbbp_1 _DFFSR_PNN_ (.CLK( C), .D( D), .Q( Q), .Q_N(~Q), .RESET_B( R), .SET_B( S));
    unmapped dff cell: $_DFFSR_PNP_
    unmapped dff cell: $_DFFSR_PPN_
    unmapped dff cell: $_DFFSR_PPP_

9.1. Executing DFFLEGALIZE pass (convert FFs to types supported by the target).
<suppressed ~24 debug messages>
Mapping DFF cells in module `\qspi_master_streaming':
  mapped 158 $_DFF_P_ cells to \sky130_fd_sc_hd__dfxtp_1 cells.

10. Executing ABC pass (technology mapping using ABC).

10.1. Extracting gate netlist of module `\qspi_master_streaming' to `<abc-temp-dir>/input.blif'..
ABC: using cached merged SCL: /tmp/yosys-liberty-scl-cache/yosys_merged_26d78acf.scl (1 files)
Replacing 148 occurrences of constant undef bits with constant zero bits

10.1.1. Executed ABC.
Extracted 878 gates and 1093 wires to a netlist network with 212 inputs and 158 outputs.
Running ABC script: <abc-temp-dir>/abc.script
ABC: UC Berkeley, ABC 1.01 (compiled Jul 16 2026 03:52:11)
ABC: abc 01> empty
ABC: abc 01> source <abc-temp-dir>/abc.script
ABC: + read_blif <abc-temp-dir>/input.blif 
ABC: + read_scl /tmp/yosys-liberty-scl-cache/yosys_merged_26d78acf.scl 
ABC: Warning: Detected 9 multi-output cells (for example, "sky130_fd_sc_hd__fa_1").
ABC: + strash 
ABC: + &get -n 
ABC: + &fraig -x 
ABC: + &put 
ABC: + scorr 
ABC: Warning: The network is combinational (run "fraig" or "fraig_sweep").
ABC: + dc2 
ABC: + dretime 
ABC: + strash 
ABC: + &get -n 
ABC: + &dch -f 
ABC: + &nf 
ABC: + &put 
ABC: + write_blif <abc-temp-dir>/output.blif 
ABC: 
ABC: YOSYS_ABC_DONE 

10.1.2. Re-integrating ABC results.
ABC RESULTS:   sky130_fd_sc_hd__a2111o_1 cells:        1
ABC RESULTS:   sky130_fd_sc_hd__a211o_1 cells:        1
ABC RESULTS:   sky130_fd_sc_hd__a211oi_1 cells:       20
ABC RESULTS:   sky130_fd_sc_hd__a21o_1 cells:        1
ABC RESULTS:   sky130_fd_sc_hd__a21oi_1 cells:      110
ABC RESULTS:   sky130_fd_sc_hd__a221oi_1 cells:        2
ABC RESULTS:   sky130_fd_sc_hd__a222oi_1 cells:       26
ABC RESULTS:   sky130_fd_sc_hd__a22o_1 cells:       16
ABC RESULTS:   sky130_fd_sc_hd__a22oi_1 cells:       11
ABC RESULTS:   sky130_fd_sc_hd__a31oi_1 cells:        3
ABC RESULTS:   sky130_fd_sc_hd__and2_0 cells:        3
ABC RESULTS:   sky130_fd_sc_hd__and3_1 cells:        1
ABC RESULTS:   sky130_fd_sc_hd__and4_1 cells:        2
ABC RESULTS:   sky130_fd_sc_hd__clkinv_1 cells:       23
ABC RESULTS:   sky130_fd_sc_hd__lpflow_inputiso1p_1 cells:        2
ABC RESULTS:   sky130_fd_sc_hd__lpflow_isobufsrc_1 cells:        3
ABC RESULTS:   sky130_fd_sc_hd__mux2i_1 cells:        4
ABC RESULTS:   sky130_fd_sc_hd__nand2_1 cells:      170
ABC RESULTS:   sky130_fd_sc_hd__nand2b_1 cells:        1
ABC RESULTS:   sky130_fd_sc_hd__nand3_1 cells:        8
ABC RESULTS:   sky130_fd_sc_hd__nand3b_1 cells:        2
ABC RESULTS:   sky130_fd_sc_hd__nand4_1 cells:        4
ABC RESULTS:   sky130_fd_sc_hd__nor2_1 cells:       52
ABC RESULTS:   sky130_fd_sc_hd__nor2b_1 cells:        1
ABC RESULTS:   sky130_fd_sc_hd__nor3_1 cells:       12
ABC RESULTS:   sky130_fd_sc_hd__nor4_1 cells:        5
ABC RESULTS:   sky130_fd_sc_hd__o2111ai_1 cells:        1
ABC RESULTS:   sky130_fd_sc_hd__o211ai_1 cells:        1
ABC RESULTS:   sky130_fd_sc_hd__o21a_1 cells:        3
ABC RESULTS:   sky130_fd_sc_hd__o21ai_0 cells:       11
ABC RESULTS:   sky130_fd_sc_hd__o21bai_1 cells:        2
ABC RESULTS:   sky130_fd_sc_hd__o22ai_1 cells:        6
ABC RESULTS:   sky130_fd_sc_hd__o2bb2ai_1 cells:        2
ABC RESULTS:   sky130_fd_sc_hd__o31a_1 cells:        1
ABC RESULTS:   sky130_fd_sc_hd__o31ai_1 cells:        2
ABC RESULTS:   sky130_fd_sc_hd__or3_1 cells:        3
ABC RESULTS:   sky130_fd_sc_hd__or4_1 cells:        1
ABC RESULTS:   sky130_fd_sc_hd__xnor2_1 cells:       11
ABC RESULTS:   sky130_fd_sc_hd__xor2_1 cells:       10
ABC RESULTS:        internal signals:      723
ABC RESULTS:           input signals:      212
ABC RESULTS:          output signals:      158
Removing temp directory.
Removing global temp directory.

11. Executing OPT_CLEAN pass (remove unused cells and wires).
Finding unused cells or wires in module \qspi_master_streaming..
Removed 0 unused cells and 816 unused wires.
<suppressed ~3 debug messages>

12. Printing statistics.

=== qspi_master_streaming ===

        +----------Local Count, excluding submodules.
        |        +-Local Area, excluding submodules.
        |        | 
      564        - wires
      772        - wire bits
       26        - public wires
      234        - public wire bits
       18        - ports
      134        - port bits
      696 6.03E+03 cells
        1   11.261   sky130_fd_sc_hd__a2111o_1
        1    8.758   sky130_fd_sc_hd__a211o_1
       20  150.144   sky130_fd_sc_hd__a211oi_1
        1    7.507   sky130_fd_sc_hd__a21o_1
      110  550.528   sky130_fd_sc_hd__a21oi_1
        2   17.517   sky130_fd_sc_hd__a221oi_1
       26   260.25   sky130_fd_sc_hd__a222oi_1
       16  140.134   sky130_fd_sc_hd__a22o_1
       11   82.579   sky130_fd_sc_hd__a22oi_1
        3   18.768   sky130_fd_sc_hd__a31oi_1
        3   18.768   sky130_fd_sc_hd__and2_0
        1    6.256   sky130_fd_sc_hd__and3_1
        2   17.517   sky130_fd_sc_hd__and4_1
       23   86.333   sky130_fd_sc_hd__clkinv_1
      158 3.16E+03   sky130_fd_sc_hd__dfxtp_1
        2   12.512   sky130_fd_sc_hd__lpflow_inputiso1p_1
        3   18.768   sky130_fd_sc_hd__lpflow_isobufsrc_1
        4   40.038   sky130_fd_sc_hd__mux2i_1
      170  638.112   sky130_fd_sc_hd__nand2_1
        1    6.256   sky130_fd_sc_hd__nand2b_1
        8   40.038   sky130_fd_sc_hd__nand3_1
        2   15.014   sky130_fd_sc_hd__nand3b_1
        4   25.024   sky130_fd_sc_hd__nand4_1
       52  195.187   sky130_fd_sc_hd__nor2_1
        1    6.256   sky130_fd_sc_hd__nor2b_1
       12   60.058   sky130_fd_sc_hd__nor3_1
        5    31.28   sky130_fd_sc_hd__nor4_1
        1    8.758   sky130_fd_sc_hd__o2111ai_1
        1    7.507   sky130_fd_sc_hd__o211ai_1
        3   22.522   sky130_fd_sc_hd__o21a_1
       11   55.053   sky130_fd_sc_hd__o21ai_0
        2   15.014   sky130_fd_sc_hd__o21bai_1
        6   37.536   sky130_fd_sc_hd__o22ai_1
        2   17.517   sky130_fd_sc_hd__o2bb2ai_1
        1    8.758   sky130_fd_sc_hd__o31a_1
        2   15.014   sky130_fd_sc_hd__o31ai_1
        3   18.768   sky130_fd_sc_hd__or3_1
        1    7.507   sky130_fd_sc_hd__or4_1
       11   96.342   sky130_fd_sc_hd__xnor2_1
       10   87.584   sky130_fd_sc_hd__xor2_1

   Chip area for module '\qspi_master_streaming': 6025.779200
     of which used for sequential elements: 3163.033600 (52.49%)

End of script. Logfile hash: eb26697738, time: 0.28s, user: 0.15s, system: 0.02s, MEM: 47.12 MB peak
Yosys 0.67+40 (git sha1 45ea2b8d6-dirty, Release, Clang /usr/bin/clang++ 18.1.8)
Time spent: 47% 1x abc (0 sec), 16% 1x stat (0 sec), ...
