
 /----------------------------------------------------------------------------\
 |  yosys -- Yosys Open SYnthesis Suite                                       |
 |  Copyright (C) 2012 - 2026  Claire Xenia Wolf <claire@yosyshq.com>         |
 |  Distributed under an ISC-like license, type "license" to see terms        |
 \----------------------------------------------------------------------------/
 Yosys 0.67+40 (git sha1 45ea2b8d6-dirty, Release, Clang /usr/bin/clang++ 18.1.8)

-- Running command `read_verilog -sv /home/moein/projects/lithos/sandbox/computer-architecture-lab/scratch_pad/2026-09-04_sep/02_arm16_fit_probe/rtl/qspi_master.v; hierarchy -top qspi_master; flatten; proc; memory; opt -fast; techmap; opt -fast; dfflibmap -liberty /home/moein/.ciel/ciel/sky130/versions/8afc8346a57fe1ab7934ba5a6056ea8b43078e71/sky130A/libs.ref/sky130_fd_sc_hd/lib/sky130_fd_sc_hd__tt_025C_1v80.lib; abc -liberty /home/moein/.ciel/ciel/sky130/versions/8afc8346a57fe1ab7934ba5a6056ea8b43078e71/sky130A/libs.ref/sky130_fd_sc_hd/lib/sky130_fd_sc_hd__tt_025C_1v80.lib; opt_clean -purge; stat -liberty /home/moein/.ciel/ciel/sky130/versions/8afc8346a57fe1ab7934ba5a6056ea8b43078e71/sky130A/libs.ref/sky130_fd_sc_hd/lib/sky130_fd_sc_hd__tt_025C_1v80.lib' --

1. Executing Verilog-2005 frontend: /home/moein/projects/lithos/sandbox/computer-architecture-lab/scratch_pad/2026-09-04_sep/02_arm16_fit_probe/rtl/qspi_master.v
Parsing SystemVerilog input from `/home/moein/projects/lithos/sandbox/computer-architecture-lab/scratch_pad/2026-09-04_sep/02_arm16_fit_probe/rtl/qspi_master.v' to AST representation.
Generating RTLIL representation for module `\qspi_master'.
Successfully finished Verilog frontend.

2. Executing HIERARCHY pass (managing design hierarchy).

2.1. Analyzing design hierarchy..
Top module:  \qspi_master

2.2. Analyzing design hierarchy..
Top module:  \qspi_master
Removed 0 unused modules.

3. Executing FLATTEN pass (flatten design).

4. Executing PROC pass (convert processes to netlists).

4.1. Executing PROC_CLEAN pass (remove empty switches from decision trees).
Cleaned up 0 empty switches.

4.2. Executing PROC_RMDEAD pass (remove dead branches from decision trees).
Marked 4 switch rules as full_case in process $proc$/home/moein/projects/lithos/sandbox/computer-architecture-lab/scratch_pad/2026-09-04_sep/02_arm16_fit_probe/rtl/qspi_master.v:40$1 in module qspi_master.
Removed a total of 0 dead cases.

4.3. Executing PROC_PRUNE pass (remove redundant assignments in processes).
Removed 2 redundant assignments.
Promoted 0 assignments to connections.

4.4. Executing PROC_INIT pass (extract init attributes).

4.5. Executing PROC_ARST pass (detect async resets in processes).

4.6. Executing PROC_ROM pass (convert switches to ROMs).
Converted 0 switches.
<suppressed ~11 debug messages>

4.7. Executing PROC_MUX pass (convert decision trees to multiplexers).
Creating decoders for process `\qspi_master.$proc$/home/moein/projects/lithos/sandbox/computer-architecture-lab/scratch_pad/2026-09-04_sep/02_arm16_fit_probe/rtl/qspi_master.v:40$1'.
     1/15: $0\data_ready_out[0:0]
     2/15: $0\instr_ready_out[0:0]
     3/15: $0\dq_o[3:0]
     4/15: $0\is_write[0:0]
     5/15: $0\is_instr[0:0]
     6/15: $0\rxreg[31:0]
     7/15: $0\shifter[31:0]
     8/15: $0\bitcnt[5:0]
     9/15: $0\state[2:0]
    10/15: $0\qspi_dq_oe_out[3:0]
    11/15: $0\qspi_cs_ram_n_out[0:0]
    12/15: $0\qspi_cs_flash_n_out[0:0]
    13/15: $0\qspi_clk_out[0:0]
    14/15: $0\data_rdata_out[15:0]
    15/15: $0\instr_data_out[31:0]

4.8. Executing PROC_DLATCH pass (convert process syncs to latches).

4.9. Executing PROC_DFF pass (convert process syncs to FFs).
Creating register for signal `\qspi_master.\instr_data_out' using process `\qspi_master.$proc$/home/moein/projects/lithos/sandbox/computer-architecture-lab/scratch_pad/2026-09-04_sep/02_arm16_fit_probe/rtl/qspi_master.v:40$1'.
  created $dff cell `$procdff$214' with positive edge clock.
Creating register for signal `\qspi_master.\instr_ready_out' using process `\qspi_master.$proc$/home/moein/projects/lithos/sandbox/computer-architecture-lab/scratch_pad/2026-09-04_sep/02_arm16_fit_probe/rtl/qspi_master.v:40$1'.
  created $dff cell `$procdff$215' with positive edge clock.
Creating register for signal `\qspi_master.\data_rdata_out' using process `\qspi_master.$proc$/home/moein/projects/lithos/sandbox/computer-architecture-lab/scratch_pad/2026-09-04_sep/02_arm16_fit_probe/rtl/qspi_master.v:40$1'.
  created $dff cell `$procdff$216' with positive edge clock.
Creating register for signal `\qspi_master.\data_ready_out' using process `\qspi_master.$proc$/home/moein/projects/lithos/sandbox/computer-architecture-lab/scratch_pad/2026-09-04_sep/02_arm16_fit_probe/rtl/qspi_master.v:40$1'.
  created $dff cell `$procdff$217' with positive edge clock.
Creating register for signal `\qspi_master.\qspi_clk_out' using process `\qspi_master.$proc$/home/moein/projects/lithos/sandbox/computer-architecture-lab/scratch_pad/2026-09-04_sep/02_arm16_fit_probe/rtl/qspi_master.v:40$1'.
  created $dff cell `$procdff$218' with positive edge clock.
Creating register for signal `\qspi_master.\qspi_cs_flash_n_out' using process `\qspi_master.$proc$/home/moein/projects/lithos/sandbox/computer-architecture-lab/scratch_pad/2026-09-04_sep/02_arm16_fit_probe/rtl/qspi_master.v:40$1'.
  created $dff cell `$procdff$219' with positive edge clock.
Creating register for signal `\qspi_master.\qspi_cs_ram_n_out' using process `\qspi_master.$proc$/home/moein/projects/lithos/sandbox/computer-architecture-lab/scratch_pad/2026-09-04_sep/02_arm16_fit_probe/rtl/qspi_master.v:40$1'.
  created $dff cell `$procdff$220' with positive edge clock.
Creating register for signal `\qspi_master.\qspi_dq_oe_out' using process `\qspi_master.$proc$/home/moein/projects/lithos/sandbox/computer-architecture-lab/scratch_pad/2026-09-04_sep/02_arm16_fit_probe/rtl/qspi_master.v:40$1'.
  created $dff cell `$procdff$221' with positive edge clock.
Creating register for signal `\qspi_master.\state' using process `\qspi_master.$proc$/home/moein/projects/lithos/sandbox/computer-architecture-lab/scratch_pad/2026-09-04_sep/02_arm16_fit_probe/rtl/qspi_master.v:40$1'.
  created $dff cell `$procdff$222' with positive edge clock.
Creating register for signal `\qspi_master.\bitcnt' using process `\qspi_master.$proc$/home/moein/projects/lithos/sandbox/computer-architecture-lab/scratch_pad/2026-09-04_sep/02_arm16_fit_probe/rtl/qspi_master.v:40$1'.
  created $dff cell `$procdff$223' with positive edge clock.
Creating register for signal `\qspi_master.\shifter' using process `\qspi_master.$proc$/home/moein/projects/lithos/sandbox/computer-architecture-lab/scratch_pad/2026-09-04_sep/02_arm16_fit_probe/rtl/qspi_master.v:40$1'.
  created $dff cell `$procdff$224' with positive edge clock.
Creating register for signal `\qspi_master.\rxreg' using process `\qspi_master.$proc$/home/moein/projects/lithos/sandbox/computer-architecture-lab/scratch_pad/2026-09-04_sep/02_arm16_fit_probe/rtl/qspi_master.v:40$1'.
  created $dff cell `$procdff$225' with positive edge clock.
Creating register for signal `\qspi_master.\is_instr' using process `\qspi_master.$proc$/home/moein/projects/lithos/sandbox/computer-architecture-lab/scratch_pad/2026-09-04_sep/02_arm16_fit_probe/rtl/qspi_master.v:40$1'.
  created $dff cell `$procdff$226' with positive edge clock.
Creating register for signal `\qspi_master.\is_write' using process `\qspi_master.$proc$/home/moein/projects/lithos/sandbox/computer-architecture-lab/scratch_pad/2026-09-04_sep/02_arm16_fit_probe/rtl/qspi_master.v:40$1'.
  created $dff cell `$procdff$227' with positive edge clock.
Creating register for signal `\qspi_master.\dq_o' using process `\qspi_master.$proc$/home/moein/projects/lithos/sandbox/computer-architecture-lab/scratch_pad/2026-09-04_sep/02_arm16_fit_probe/rtl/qspi_master.v:40$1'.
  created $dff cell `$procdff$228' with positive edge clock.

4.10. Executing PROC_MEMWR pass (convert process memory writes to cells).

4.11. Executing PROC_CLEAN pass (remove empty switches from decision trees).
Found and cleaned up 11 empty switches in `\qspi_master.$proc$/home/moein/projects/lithos/sandbox/computer-architecture-lab/scratch_pad/2026-09-04_sep/02_arm16_fit_probe/rtl/qspi_master.v:40$1'.
Removing empty process `qspi_master.$proc$/home/moein/projects/lithos/sandbox/computer-architecture-lab/scratch_pad/2026-09-04_sep/02_arm16_fit_probe/rtl/qspi_master.v:40$1'.
Cleaned up 11 empty switches.

4.12. Executing OPT_EXPR pass (perform const folding).
Optimizing module qspi_master.
<suppressed ~9 debug messages>

5. Executing MEMORY pass.

5.1. Executing OPT_MEM pass (optimize memories).
Performed a total of 0 transformations.

5.2. Executing OPT_MEM_PRIORITY pass (removing unnecessary memory write priority relations).
Performed a total of 0 transformations.

5.3. Executing OPT_MEM_FEEDBACK pass (finding memory read-to-write feedback paths).

5.4. Executing MEMORY_BMUX2ROM pass (converting muxes to ROMs).

5.5. Executing MEMORY_DFF pass (merging $dff cells to $memrd).

5.6. Executing OPT_CLEAN pass (remove unused cells and wires).
Finding unused cells or wires in module \qspi_master..
Removed 0 unused cells and 63 unused wires.
<suppressed ~1 debug messages>

5.7. Executing MEMORY_SHARE pass (consolidating $memrd/$memwr cells).

5.8. Executing OPT_MEM_WIDEN pass (optimize memories where all ports are wide).
Performed a total of 0 transformations.

5.9. Executing OPT_CLEAN pass (remove unused cells and wires).
Finding unused cells or wires in module \qspi_master..

5.10. Executing MEMORY_COLLECT pass (generating $mem cells).

5.11. Executing MEMORY_MAP pass (converting memories to logic and flip-flops).

6. Executing OPT pass (performing simple optimizations).

6.1. Executing OPT_EXPR pass (perform const folding).
Optimizing module qspi_master.

6.2. Executing OPT_MERGE pass (detect identical cells).
Finding identical cells in module `\qspi_master'.
Computing hashes of 130 cells of `\qspi_master'.
Finding duplicate cells in `\qspi_master'.
Computing hashes of 95 cells of `\qspi_master'.
Finding duplicate cells in `\qspi_master'.
Computing hashes of 91 cells of `\qspi_master'.
Finding duplicate cells in `\qspi_master'.
<suppressed ~117 debug messages>
Removed a total of 39 cells.

6.3. Executing OPT_DFF pass (perform DFF optimizations).
Adding SRST signal on $procdff$226 ($dff) from module qspi_master (D = $procmux$68_Y, Q = \is_instr, rval = 1'0).
Adding EN signal on $auto$ff.cc:337:slice$229 ($sdff) from module qspi_master (D = $procmux$66_Y, Q = \is_instr).
Adding SRST signal on $procdff$227 ($dff) from module qspi_master (D = $procmux$53_Y, Q = \is_write, rval = 1'0).
Adding EN signal on $auto$ff.cc:337:slice$235 ($sdff) from module qspi_master (D = $procmux$51_Y, Q = \is_write).
Adding SRST signal on $procdff$224 ($dff) from module qspi_master (D = $procmux$88_Y, Q = \shifter, rval = 0).
Adding EN signal on $auto$ff.cc:337:slice$241 ($sdff) from module qspi_master (D = $procmux$88_Y, Q = \shifter).
Adding SRST signal on $procdff$228 ($dff) from module qspi_master (D = $procmux$38_Y, Q = \dq_o, rval = 4'0000).
Adding EN signal on $auto$ff.cc:337:slice$251 ($sdff) from module qspi_master (D = \shifter [31:28], Q = \dq_o).
Adding SRST signal on $procdff$225 ($dff) from module qspi_master (D = $procmux$77_Y, Q = \rxreg, rval = 0).
Adding EN signal on $auto$ff.cc:337:slice$255 ($sdff) from module qspi_master (D = { \rxreg [27:0] \qspi_dq_in }, Q = \rxreg).
Adding SRST signal on $procdff$214 ($dff) from module qspi_master (D = $procmux$209_Y, Q = \instr_data_out, rval = 0).
Adding EN signal on $auto$ff.cc:337:slice$259 ($sdff) from module qspi_master (D = \rxreg, Q = \instr_data_out).
Adding SRST signal on $procdff$215 ($dff) from module qspi_master (D = $procmux$25_Y, Q = \instr_ready_out, rval = 1'0).
Adding SRST signal on $procdff$216 ($dff) from module qspi_master (D = $procmux$200_Y, Q = \data_rdata_out, rval = 16'0000000000000000).
Adding EN signal on $auto$ff.cc:337:slice$268 ($sdff) from module qspi_master (D = \rxreg [15:0], Q = \data_rdata_out).
Adding SRST signal on $procdff$217 ($dff) from module qspi_master (D = $procmux$16_Y, Q = \data_ready_out, rval = 1'0).
Adding SRST signal on $procdff$218 ($dff) from module qspi_master (D = $procmux$187_Y, Q = \qspi_clk_out, rval = 1'0).
Adding EN signal on $auto$ff.cc:337:slice$279 ($sdff) from module qspi_master (D = $procmux$187_Y, Q = \qspi_clk_out).
Adding SRST signal on $procdff$219 ($dff) from module qspi_master (D = $procmux$177_Y, Q = \qspi_cs_flash_n_out, rval = 1'1).
Adding EN signal on $auto$ff.cc:337:slice$283 ($sdff) from module qspi_master (D = $procmux$177_Y, Q = \qspi_cs_flash_n_out).
Adding SRST signal on $procdff$220 ($dff) from module qspi_master (D = $procmux$165_Y, Q = \qspi_cs_ram_n_out, rval = 1'1).
Adding EN signal on $auto$ff.cc:337:slice$291 ($sdff) from module qspi_master (D = $procmux$165_Y, Q = \qspi_cs_ram_n_out).
Adding SRST signal on $procdff$221 ($dff) from module qspi_master (D = $procmux$152_Y, Q = \qspi_dq_oe_out, rval = 4'0000).
Adding EN signal on $auto$ff.cc:337:slice$301 ($sdff) from module qspi_master (D = $procmux$152_Y, Q = \qspi_dq_oe_out).
Adding SRST signal on $procdff$222 ($dff) from module qspi_master (D = $procmux$130_Y, Q = \state, rval = 3'000).
Adding EN signal on $auto$ff.cc:337:slice$309 ($sdff) from module qspi_master (D = $procmux$130_Y, Q = \state).
Adding SRST signal on $procdff$223 ($dff) from module qspi_master (D = $procmux$103_Y, Q = \bitcnt, rval = 6'000000).
Adding EN signal on $auto$ff.cc:337:slice$327 ($sdff) from module qspi_master (D = $procmux$103_Y, Q = \bitcnt).

6.4. Executing OPT_CLEAN pass (remove unused cells and wires).
Finding unused cells or wires in module \qspi_master..
Removed 27 unused cells and 62 unused wires.
<suppressed ~28 debug messages>

6.5. Rerunning OPT passes. (Removed registers in this run.)

6.6. Executing OPT_EXPR pass (perform const folding).
Optimizing module qspi_master.
<suppressed ~8 debug messages>

6.7. Executing OPT_MERGE pass (detect identical cells).
Finding identical cells in module `\qspi_master'.
Computing hashes of 106 cells of `\qspi_master'.
Finding duplicate cells in `\qspi_master'.
Computing hashes of 95 cells of `\qspi_master'.
Finding duplicate cells in `\qspi_master'.
Computing hashes of 93 cells of `\qspi_master'.
Finding duplicate cells in `\qspi_master'.
<suppressed ~39 debug messages>
Removed a total of 13 cells.

6.8. Executing OPT_DFF pass (perform DFF optimizations).

6.9. Executing OPT_CLEAN pass (remove unused cells and wires).
Finding unused cells or wires in module \qspi_master..
Removed 0 unused cells and 13 unused wires.
<suppressed ~1 debug messages>

6.10. Finished fast OPT passes.

7. Executing TECHMAP pass (map to technology primitives).

7.1. Executing Verilog-2005 frontend: /home/moein/oss-cad-suite/lib/../share/yosys/techmap.v
Parsing Verilog input from `/home/moein/oss-cad-suite/lib/../share/yosys/techmap.v' to AST representation.
Generating RTLIL representation for module `\_90_simplemap_bool_ops'.
Generating RTLIL representation for module `\_90_simplemap_reduce_ops'.
Generating RTLIL representation for module `\_90_simplemap_logic_ops'.
Generating RTLIL representation for module `\_90_simplemap_compare_ops'.
Generating RTLIL representation for module `\_90_simplemap_various'.
Generating RTLIL representation for module `\_90_simplemap_registers'.
Generating RTLIL representation for module `\_90_shift_ops_shr_shl_sshl_sshr'.
Generating RTLIL representation for module `\_90_shift_shiftx'.
Generating RTLIL representation for module `\_90_fa'.
Generating RTLIL representation for module `\_90_lcu_brent_kung'.
Generating RTLIL representation for module `\_90_alu'.
Generating RTLIL representation for module `\_90_macc'.
Generating RTLIL representation for module `\_90_alumacc'.
Generating RTLIL representation for module `$__div_mod_u'.
Generating RTLIL representation for module `$__div_mod_trunc'.
Generating RTLIL representation for module `\_90_div'.
Generating RTLIL representation for module `\_90_mod'.
Generating RTLIL representation for module `$__div_mod_floor'.
Generating RTLIL representation for module `\_90_divfloor'.
Generating RTLIL representation for module `\_90_modfloor'.
Generating RTLIL representation for module `\_90_pow'.
Generating RTLIL representation for module `\_90_demux'.
Generating RTLIL representation for module `\_90_lut'.
Generating RTLIL representation for module `$connect'.
Generating RTLIL representation for module `$input_port'.
Successfully finished Verilog frontend.

7.2. Continuing TECHMAP pass.
Using extmapper simplemap for cells of type $reduce_and.
Using extmapper simplemap for cells of type $reduce_bool.
Using extmapper simplemap for cells of type $sdffe.
Using extmapper simplemap for cells of type $ne.
Using extmapper simplemap for cells of type $sdff.
Using extmapper simplemap for cells of type $not.
Using extmapper simplemap for cells of type $reduce_or.
Using extmapper simplemap for cells of type $or.
Using extmapper simplemap for cells of type $mux.
Running "alumacc" on wrapper $extern:wrap:$sub:Y_WIDTH=32:B_WIDTH=32:A_WIDTH=6:B_SIGNED=0:A_SIGNED=0:394426c56d1a028ba8fdd5469b163e04011def47.
Using template $extern:wrap:$sub:Y_WIDTH=32:B_WIDTH=32:A_WIDTH=6:B_SIGNED=0:A_SIGNED=0:394426c56d1a028ba8fdd5469b163e04011def47 for cells of type $extern:wrap:$sub:Y_WIDTH=32:B_WIDTH=32:A_WIDTH=6:B_SIGNED=0:A_SIGNED=0:394426c56d1a028ba8fdd5469b163e04011def47.
Using extmapper simplemap for cells of type $eq.
Using extmapper simplemap for cells of type $pmux.
Using extmapper simplemap for cells of type $logic_not.
Using template $paramod$ae0147484b1ff1c0caf19799670ecd3c54c1601d\_90_alu for cells of type $alu.
Using extmapper simplemap for cells of type $xor.
Using template $paramod\_90_fa\WIDTH=32'00000000000000000000000000100000 for cells of type $fa.
Using template $paramod\_90_lcu_brent_kung\WIDTH=32'00000000000000000000000000100000 for cells of type $lcu.
Using extmapper simplemap for cells of type $pos.
Using extmapper simplemap for cells of type $and.
No more expansions possible.
<suppressed ~509 debug messages>

8. Executing OPT pass (performing simple optimizations).

8.1. Executing OPT_EXPR pass (perform const folding).
Optimizing module qspi_master.
<suppressed ~498 debug messages>

8.2. Executing OPT_MERGE pass (detect identical cells).
Finding identical cells in module `\qspi_master'.
Computing hashes of 696 cells of `\qspi_master'.
Finding duplicate cells in `\qspi_master'.
Computing hashes of 605 cells of `\qspi_master'.
Finding duplicate cells in `\qspi_master'.
Computing hashes of 561 cells of `\qspi_master'.
Finding duplicate cells in `\qspi_master'.
Computing hashes of 531 cells of `\qspi_master'.
Finding duplicate cells in `\qspi_master'.
Computing hashes of 525 cells of `\qspi_master'.
Finding duplicate cells in `\qspi_master'.
Computing hashes of 519 cells of `\qspi_master'.
Finding duplicate cells in `\qspi_master'.
Computing hashes of 513 cells of `\qspi_master'.
Finding duplicate cells in `\qspi_master'.
Computing hashes of 510 cells of `\qspi_master'.
Finding duplicate cells in `\qspi_master'.
Computing hashes of 507 cells of `\qspi_master'.
Finding duplicate cells in `\qspi_master'.
Computing hashes of 504 cells of `\qspi_master'.
Finding duplicate cells in `\qspi_master'.
Computing hashes of 501 cells of `\qspi_master'.
Finding duplicate cells in `\qspi_master'.
Computing hashes of 498 cells of `\qspi_master'.
Finding duplicate cells in `\qspi_master'.
Computing hashes of 495 cells of `\qspi_master'.
Finding duplicate cells in `\qspi_master'.
Computing hashes of 492 cells of `\qspi_master'.
Finding duplicate cells in `\qspi_master'.
<suppressed ~612 debug messages>
Removed a total of 204 cells.

8.3. Executing OPT_DFF pass (perform DFF optimizations).

8.4. Executing OPT_CLEAN pass (remove unused cells and wires).
Finding unused cells or wires in module \qspi_master..
Removed 6 unused cells and 358 unused wires.
<suppressed ~7 debug messages>

8.5. Finished fast OPT passes.

9. Executing DFFLIBMAP pass (mapping DFF cells to sequential cells from liberty file).
  cell sky130_fd_sc_hd__dfxtp_1 (noninv, pins=3, area=20.02) is a direct match for cell type $_DFF_P_.
  cell sky130_fd_sc_hd__dfrtn_1 (noninv, pins=4, area=25.02) is a direct match for cell type $_DFF_NN0_.
  cell sky130_fd_sc_hd__dfrtp_1 (noninv, pins=4, area=25.02) is a direct match for cell type $_DFF_PN0_.
  cell sky130_fd_sc_hd__dfstp_2 (noninv, pins=4, area=26.28) is a direct match for cell type $_DFF_PN1_.
  cell sky130_fd_sc_hd__edfxtp_1 (noninv, pins=4, area=30.03) is a direct match for cell type $_DFFE_PP_.
  cell sky130_fd_sc_hd__dfbbn_1 (noninv, pins=6, area=32.53) is a direct match for cell type $_DFFSR_NNN_.
  cell sky130_fd_sc_hd__dfbbp_1 (noninv, pins=6, area=32.53) is a direct match for cell type $_DFFSR_PNN_.
  final dff cell mappings:
    unmapped dff cell: $_DFF_N_
    \sky130_fd_sc_hd__dfxtp_1 _DFF_P_ (.CLK( C), .D( D), .Q( Q));
    \sky130_fd_sc_hd__dfrtn_1 _DFF_NN0_ (.CLK_N( C), .D( D), .Q( Q), .RESET_B( R));
    unmapped dff cell: $_DFF_NN1_
    unmapped dff cell: $_DFF_NP0_
    unmapped dff cell: $_DFF_NP1_
    \sky130_fd_sc_hd__dfrtp_1 _DFF_PN0_ (.CLK( C), .D( D), .Q( Q), .RESET_B( R));
    \sky130_fd_sc_hd__dfstp_2 _DFF_PN1_ (.CLK( C), .D( D), .Q( Q), .SET_B( R));
    unmapped dff cell: $_DFF_PP0_
    unmapped dff cell: $_DFF_PP1_
    unmapped dff cell: $_DFFE_NN_
    unmapped dff cell: $_DFFE_NP_
    unmapped dff cell: $_DFFE_PN_
    \sky130_fd_sc_hd__edfxtp_1 _DFFE_PP_ (.CLK( C), .D( D), .DE( E), .Q( Q));
    \sky130_fd_sc_hd__dfbbn_1 _DFFSR_NNN_ (.CLK_N( C), .D( D), .Q( Q), .Q_N(~Q), .RESET_B( R), .SET_B( S));
    unmapped dff cell: $_DFFSR_NNP_
    unmapped dff cell: $_DFFSR_NPN_
    unmapped dff cell: $_DFFSR_NPP_
    \sky130_fd_sc_hd__dfbbp_1 _DFFSR_PNN_ (.CLK( C), .D( D), .Q( Q), .Q_N(~Q), .RESET_B( R), .SET_B( S));
    unmapped dff cell: $_DFFSR_PNP_
    unmapped dff cell: $_DFFSR_PPN_
    unmapped dff cell: $_DFFSR_PPP_

9.1. Executing DFFLEGALIZE pass (convert FFs to types supported by the target).
<suppressed ~24 debug messages>
Mapping DFF cells in module `\qspi_master':
  mapped 127 $_DFF_P_ cells to \sky130_fd_sc_hd__dfxtp_1 cells.

10. Executing ABC pass (technology mapping using ABC).

10.1. Extracting gate netlist of module `\qspi_master' to `<abc-temp-dir>/input.blif'..
ABC: using cached merged SCL: /tmp/yosys-liberty-scl-cache/yosys_merged_26d78acf.scl (1 files)
Replacing 99 occurrences of constant undef bits with constant zero bits

10.1.1. Executed ABC.
Extracted 611 gates and 779 wires to a netlist network with 165 inputs and 127 outputs.
Running ABC script: <abc-temp-dir>/abc.script
ABC: UC Berkeley, ABC 1.01 (compiled Jul 16 2026 03:52:11)
ABC: abc 01> empty
ABC: abc 01> source <abc-temp-dir>/abc.script
ABC: + read_blif <abc-temp-dir>/input.blif 
ABC: + read_scl /tmp/yosys-liberty-scl-cache/yosys_merged_26d78acf.scl 
ABC: Warning: Detected 9 multi-output cells (for example, "sky130_fd_sc_hd__fa_1").
ABC: + strash 
ABC: + &get -n 
ABC: + &fraig -x 
ABC: + &put 
ABC: + scorr 
ABC: Warning: The network is combinational (run "fraig" or "fraig_sweep").
ABC: + dc2 
ABC: + dretime 
ABC: + strash 
ABC: + &get -n 
ABC: + &dch -f 
ABC: + &nf 
ABC: + &put 
ABC: + write_blif <abc-temp-dir>/output.blif 
ABC: 
ABC: YOSYS_ABC_DONE 

10.1.2. Re-integrating ABC results.
ABC RESULTS:   sky130_fd_sc_hd__a211oi_1 cells:        2
ABC RESULTS:   sky130_fd_sc_hd__a21oi_1 cells:      105
ABC RESULTS:   sky130_fd_sc_hd__a221oi_1 cells:        2
ABC RESULTS:   sky130_fd_sc_hd__a222oi_1 cells:       13
ABC RESULTS:   sky130_fd_sc_hd__a22oi_1 cells:       11
ABC RESULTS:   sky130_fd_sc_hd__a31oi_1 cells:        7
ABC RESULTS:   sky130_fd_sc_hd__a41oi_1 cells:        1
ABC RESULTS:   sky130_fd_sc_hd__and2_0 cells:        2
ABC RESULTS:   sky130_fd_sc_hd__and3_1 cells:        2
ABC RESULTS:   sky130_fd_sc_hd__and3b_1 cells:        2
ABC RESULTS:   sky130_fd_sc_hd__and4b_1 cells:        1
ABC RESULTS:   sky130_fd_sc_hd__clkinv_1 cells:        4
ABC RESULTS:   sky130_fd_sc_hd__lpflow_inputiso1p_1 cells:        2
ABC RESULTS:   sky130_fd_sc_hd__lpflow_isobufsrc_1 cells:        1
ABC RESULTS:   sky130_fd_sc_hd__mux2i_1 cells:        5
ABC RESULTS:   sky130_fd_sc_hd__nand2_1 cells:      188
ABC RESULTS:   sky130_fd_sc_hd__nand3_1 cells:        1
ABC RESULTS:   sky130_fd_sc_hd__nand3b_1 cells:        2
ABC RESULTS:   sky130_fd_sc_hd__nand4_1 cells:        1
ABC RESULTS:   sky130_fd_sc_hd__nand4b_1 cells:        1
ABC RESULTS:   sky130_fd_sc_hd__nor2_1 cells:       24
ABC RESULTS:   sky130_fd_sc_hd__nor2b_1 cells:        1
ABC RESULTS:   sky130_fd_sc_hd__nor3_1 cells:        2
ABC RESULTS:   sky130_fd_sc_hd__nor3b_1 cells:        1
ABC RESULTS:   sky130_fd_sc_hd__nor4_1 cells:        1
ABC RESULTS:   sky130_fd_sc_hd__o211ai_1 cells:        2
ABC RESULTS:   sky130_fd_sc_hd__o21ai_0 cells:       13
ABC RESULTS:   sky130_fd_sc_hd__or3_1 cells:        2
ABC RESULTS:   sky130_fd_sc_hd__or4_1 cells:        1
ABC RESULTS:   sky130_fd_sc_hd__or4b_1 cells:        1
ABC RESULTS:   sky130_fd_sc_hd__xnor2_1 cells:        1
ABC RESULTS:        internal signals:      487
ABC RESULTS:           input signals:      165
ABC RESULTS:          output signals:      127
Removing temp directory.
Removing global temp directory.

11. Executing OPT_CLEAN pass (remove unused cells and wires).
Finding unused cells or wires in module \qspi_master..
Removed 0 unused cells and 641 unused wires.
<suppressed ~2 debug messages>

12. Printing statistics.

=== qspi_master ===

        +----------Local Count, excluding submodules.
        |        +-Local Area, excluding submodules.
        |        | 
      426        - wires
      595        - wire bits
       24        - public wires
      193        - public wire bits
       18        - ports
      118        - port bits
      529 4.48E+03 cells
        2   15.014   sky130_fd_sc_hd__a211oi_1
      105  525.504   sky130_fd_sc_hd__a21oi_1
        2   17.517   sky130_fd_sc_hd__a221oi_1
       13  130.125   sky130_fd_sc_hd__a222oi_1
       11   82.579   sky130_fd_sc_hd__a22oi_1
        7   43.792   sky130_fd_sc_hd__a31oi_1
        1    8.758   sky130_fd_sc_hd__a41oi_1
        2   12.512   sky130_fd_sc_hd__and2_0
        2   12.512   sky130_fd_sc_hd__and3_1
        2   17.517   sky130_fd_sc_hd__and3b_1
        1    10.01   sky130_fd_sc_hd__and4b_1
        4   15.014   sky130_fd_sc_hd__clkinv_1
      127 2.54E+03   sky130_fd_sc_hd__dfxtp_1
        2   12.512   sky130_fd_sc_hd__lpflow_inputiso1p_1
        1    6.256   sky130_fd_sc_hd__lpflow_isobufsrc_1
        5   50.048   sky130_fd_sc_hd__mux2i_1
      188  705.677   sky130_fd_sc_hd__nand2_1
        1    5.005   sky130_fd_sc_hd__nand3_1
        2   15.014   sky130_fd_sc_hd__nand3b_1
        1    6.256   sky130_fd_sc_hd__nand4_1
        1    8.758   sky130_fd_sc_hd__nand4b_1
       24   90.086   sky130_fd_sc_hd__nor2_1
        1    6.256   sky130_fd_sc_hd__nor2b_1
        2    10.01   sky130_fd_sc_hd__nor3_1
        1    7.507   sky130_fd_sc_hd__nor3b_1
        1    6.256   sky130_fd_sc_hd__nor4_1
        2   15.014   sky130_fd_sc_hd__o211ai_1
       13   65.062   sky130_fd_sc_hd__o21ai_0
        2   12.512   sky130_fd_sc_hd__or3_1
        1    7.507   sky130_fd_sc_hd__or4_1
        1    10.01   sky130_fd_sc_hd__or4b_1
        1    8.758   sky130_fd_sc_hd__xnor2_1

   Chip area for module '\qspi_master': 4481.798400
     of which used for sequential elements: 2542.438400 (56.73%)

End of script. Logfile hash: 2379c6ab65, time: 0.24s, user: 0.13s, system: 0.02s, MEM: 46.75 MB peak
Yosys 0.67+40 (git sha1 45ea2b8d6-dirty, Release, Clang /usr/bin/clang++ 18.1.8)
Time spent: 43% 1x abc (0 sec), 19% 1x dfflibmap (0 sec), ...
