
 /----------------------------------------------------------------------------\
 |  yosys -- Yosys Open SYnthesis Suite                                       |
 |  Copyright (C) 2012 - 2026  Claire Xenia Wolf <claire@yosyshq.com>         |
 |  Distributed under an ISC-like license, type "license" to see terms        |
 \----------------------------------------------------------------------------/
 Yosys 0.67+40 (git sha1 45ea2b8d6-dirty, Release, Clang /usr/bin/clang++ 18.1.8)

-- Running command `read_verilog -sv icache_dm.v; chparam -set LINES 8 -set IDX 3 icache_dm; hierarchy -top icache_dm; flatten; proc; memory; opt -fast; techmap; opt -fast; dfflibmap -liberty /home/moein/.ciel/ciel/sky130/versions/8afc8346a57fe1ab7934ba5a6056ea8b43078e71/sky130A/libs.ref/sky130_fd_sc_hd/lib/sky130_fd_sc_hd__tt_025C_1v80.lib; abc -liberty /home/moein/.ciel/ciel/sky130/versions/8afc8346a57fe1ab7934ba5a6056ea8b43078e71/sky130A/libs.ref/sky130_fd_sc_hd/lib/sky130_fd_sc_hd__tt_025C_1v80.lib; opt_clean -purge; stat -liberty /home/moein/.ciel/ciel/sky130/versions/8afc8346a57fe1ab7934ba5a6056ea8b43078e71/sky130A/libs.ref/sky130_fd_sc_hd/lib/sky130_fd_sc_hd__tt_025C_1v80.lib' --

1. Executing Verilog-2005 frontend: icache_dm.v
Parsing SystemVerilog input from `icache_dm.v' to AST representation.
Generating RTLIL representation for module `\icache_dm'.
Successfully finished Verilog frontend.
Parameter \LINES = 8
Parameter \IDX = 3

2. Executing AST frontend in derive mode using pre-parsed AST for module `\icache_dm'.
Parameter \LINES = 8
Parameter \IDX = 3
Generating RTLIL representation for module `$paramod$5cfb32e210b298f7405615cd0255eaa00643228d\icache_dm'.

3. Executing HIERARCHY pass (managing design hierarchy).

3.1. Analyzing design hierarchy..
Top module:  \icache_dm

3.2. Analyzing design hierarchy..
Top module:  \icache_dm
Removed 0 unused modules.

4. Executing FLATTEN pass (flatten design).

5. Executing PROC pass (convert processes to netlists).

5.1. Executing PROC_CLEAN pass (remove empty switches from decision trees).
Cleaned up 0 empty switches.

5.2. Executing PROC_RMDEAD pass (remove dead branches from decision trees).
Marked 2 switch rules as full_case in process $proc$icache_dm.v:27$52 in module icache_dm.
Removed a total of 0 dead cases.

5.3. Executing PROC_PRUNE pass (remove redundant assignments in processes).
Removed 0 redundant assignments.
Promoted 9 assignments to connections.

5.4. Executing PROC_INIT pass (extract init attributes).

5.5. Executing PROC_ARST pass (detect async resets in processes).

5.6. Executing PROC_ROM pass (convert switches to ROMs).
Converted 0 switches.
<suppressed ~2 debug messages>

5.7. Executing PROC_MUX pass (convert decision trees to multiplexers).
Creating decoders for process `\icache_dm.$proc$icache_dm.v:27$52'.
     1/16: $2$lookahead\valid$51[7:0]$77
     2/16: $2$bitselwrite$pos$icache_dm.v:32$43[2:0]$70
     3/16: $2$memwr$\tag$icache_dm.v:31$45_EN[10:0]$76
     4/16: $2$memwr$\tag$icache_dm.v:31$45_DATA[10:0]$75
     5/16: $2$memwr$\tag$icache_dm.v:31$45_ADDR[2:0]$74
     6/16: $2$memwr$\data$icache_dm.v:30$44_EN[31:0]$73
     7/16: $2$memwr$\data$icache_dm.v:30$44_DATA[31:0]$72
     8/16: $2$memwr$\data$icache_dm.v:30$44_ADDR[2:0]$71
     9/16: $1$lookahead\valid$51[7:0]$69
    10/16: $1$memwr$\tag$icache_dm.v:31$45_EN[10:0]$68
    11/16: $1$memwr$\tag$icache_dm.v:31$45_DATA[10:0]$67
    12/16: $1$memwr$\tag$icache_dm.v:31$45_ADDR[2:0]$66
    13/16: $1$memwr$\data$icache_dm.v:30$44_EN[31:0]$65
    14/16: $1$memwr$\data$icache_dm.v:30$44_DATA[31:0]$64
    15/16: $1$memwr$\data$icache_dm.v:30$44_ADDR[2:0]$63
    16/16: $1$bitselwrite$pos$icache_dm.v:32$43[2:0]$62

5.8. Executing PROC_DLATCH pass (convert process syncs to latches).

5.9. Executing PROC_DFF pass (convert process syncs to FFs).
Creating register for signal `\icache_dm.\valid' using process `\icache_dm.$proc$icache_dm.v:27$52'.
  created $dff cell `$procdff$157' with positive edge clock.
Creating register for signal `\icache_dm.$bitselwrite$pos$icache_dm.v:32$43' using process `\icache_dm.$proc$icache_dm.v:27$52'.
  created $dff cell `$procdff$158' with positive edge clock.
Creating register for signal `\icache_dm.$memwr$\data$icache_dm.v:30$44_ADDR' using process `\icache_dm.$proc$icache_dm.v:27$52'.
  created $dff cell `$procdff$159' with positive edge clock.
Creating register for signal `\icache_dm.$memwr$\data$icache_dm.v:30$44_DATA' using process `\icache_dm.$proc$icache_dm.v:27$52'.
  created $dff cell `$procdff$160' with positive edge clock.
Creating register for signal `\icache_dm.$memwr$\data$icache_dm.v:30$44_EN' using process `\icache_dm.$proc$icache_dm.v:27$52'.
  created $dff cell `$procdff$161' with positive edge clock.
Creating register for signal `\icache_dm.$memwr$\tag$icache_dm.v:31$45_ADDR' using process `\icache_dm.$proc$icache_dm.v:27$52'.
  created $dff cell `$procdff$162' with positive edge clock.
Creating register for signal `\icache_dm.$memwr$\tag$icache_dm.v:31$45_DATA' using process `\icache_dm.$proc$icache_dm.v:27$52'.
  created $dff cell `$procdff$163' with positive edge clock.
Creating register for signal `\icache_dm.$memwr$\tag$icache_dm.v:31$45_EN' using process `\icache_dm.$proc$icache_dm.v:27$52'.
  created $dff cell `$procdff$164' with positive edge clock.
Creating register for signal `\icache_dm.$lookahead\valid$51' using process `\icache_dm.$proc$icache_dm.v:27$52'.
  created $dff cell `$procdff$165' with positive edge clock.

5.10. Executing PROC_MEMWR pass (convert process memory writes to cells).

5.11. Executing PROC_CLEAN pass (remove empty switches from decision trees).
Found and cleaned up 2 empty switches in `\icache_dm.$proc$icache_dm.v:27$52'.
Removing empty process `icache_dm.$proc$icache_dm.v:27$52'.
Cleaned up 2 empty switches.

5.12. Executing OPT_EXPR pass (perform const folding).
Optimizing module icache_dm.

6. Executing MEMORY pass.

6.1. Executing OPT_MEM pass (optimize memories).
Performed a total of 0 transformations.

6.2. Executing OPT_MEM_PRIORITY pass (removing unnecessary memory write priority relations).
Performed a total of 0 transformations.

6.3. Executing OPT_MEM_FEEDBACK pass (finding memory read-to-write feedback paths).
  Analyzing icache_dm.data write port 0.
  Analyzing icache_dm.tag write port 0.

6.4. Executing MEMORY_BMUX2ROM pass (converting muxes to ROMs).

6.5. Executing MEMORY_DFF pass (merging $dff cells to $memrd).
Checking read port `\data'[0] in module `\icache_dm': no output FF found.
Checking read port `\tag'[0] in module `\icache_dm': no output FF found.
Checking read port address `\data'[0] in module `\icache_dm': no address FF found.
Checking read port address `\tag'[0] in module `\icache_dm': no address FF found.

6.6. Executing OPT_CLEAN pass (remove unused cells and wires).
Finding unused cells or wires in module \icache_dm..
Removed 11 unused cells and 63 unused wires.
<suppressed ~13 debug messages>

6.7. Executing MEMORY_SHARE pass (consolidating $memrd/$memwr cells).

6.8. Executing OPT_MEM_WIDEN pass (optimize memories where all ports are wide).
Performed a total of 0 transformations.

6.9. Executing OPT_CLEAN pass (remove unused cells and wires).
Finding unused cells or wires in module \icache_dm..

6.10. Executing MEMORY_COLLECT pass (generating $mem cells).

6.11. Executing MEMORY_MAP pass (converting memories to logic and flip-flops).
Mapping memory \tag in module \icache_dm:
  created 8 $dff cells and 0 static cells of width 11.
  read interface: 0 $dff and 7 $mux cells.
  write interface: 88 write mux blocks.
Mapping memory \data in module \icache_dm:
  created 8 $dff cells and 0 static cells of width 32.
  read interface: 0 $dff and 7 $mux cells.
  write interface: 256 write mux blocks.

7. Executing OPT pass (performing simple optimizations).

7.1. Executing OPT_EXPR pass (perform const folding).
Optimizing module icache_dm.
<suppressed ~12 debug messages>

7.2. Executing OPT_MERGE pass (detect identical cells).
Finding identical cells in module `\icache_dm'.
Computing hashes of 781 cells of `\icache_dm'.
Finding duplicate cells in `\icache_dm'.
Computing hashes of 779 cells of `\icache_dm'.
Finding duplicate cells in `\icache_dm'.
Computing hashes of 777 cells of `\icache_dm'.
Finding duplicate cells in `\icache_dm'.
Computing hashes of 776 cells of `\icache_dm'.
Finding duplicate cells in `\icache_dm'.
Computing hashes of 772 cells of `\icache_dm'.
Finding duplicate cells in `\icache_dm'.
Computing hashes of 767 cells of `\icache_dm'.
Finding duplicate cells in `\icache_dm'.
Computing hashes of 761 cells of `\icache_dm'.
Finding duplicate cells in `\icache_dm'.
<suppressed ~60 debug messages>
Removed a total of 20 cells.

7.3. Executing OPT_DFF pass (perform DFF optimizations).
Adding SRST signal on $procdff$157 ($dff) from module icache_dm (D = $2$lookahead\valid$51[7:0]$77, Q = \valid, rval = 8'00000000).
Adding EN signal on $auto$ff.cc:337:slice$1694 ($sdff) from module icache_dm (D = $2$lookahead\valid$51[7:0]$77, Q = \valid).

7.4. Executing OPT_CLEAN pass (remove unused cells and wires).
Finding unused cells or wires in module \icache_dm..
Removed 1 unused cells and 59 unused wires.
<suppressed ~2 debug messages>

7.5. Rerunning OPT passes. (Removed registers in this run.)

7.6. Executing OPT_EXPR pass (perform const folding).
Optimizing module icache_dm.
<suppressed ~1 debug messages>

7.7. Executing OPT_MERGE pass (detect identical cells).
Finding identical cells in module `\icache_dm'.
Computing hashes of 761 cells of `\icache_dm'.
Finding duplicate cells in `\icache_dm'.
Removed a total of 0 cells.

7.8. Executing OPT_DFF pass (perform DFF optimizations).
Adding EN signal on $memory\tag[0]$172 ($dff) from module icache_dm (D = $0$memwr$\tag$icache_dm.v:31$45_DATA[10:0]$58 [0], Q = \tag[0] [0]).
Adding EN signal on $memory\tag[0]$172 ($dff) from module icache_dm (D = $0$memwr$\tag$icache_dm.v:31$45_DATA[10:0]$58 [1], Q = \tag[0] [1]).
Adding EN signal on $memory\tag[0]$172 ($dff) from module icache_dm (D = $0$memwr$\tag$icache_dm.v:31$45_DATA[10:0]$58 [2], Q = \tag[0] [2]).
Adding EN signal on $memory\tag[0]$172 ($dff) from module icache_dm (D = $0$memwr$\tag$icache_dm.v:31$45_DATA[10:0]$58 [3], Q = \tag[0] [3]).
Adding EN signal on $memory\tag[0]$172 ($dff) from module icache_dm (D = $0$memwr$\tag$icache_dm.v:31$45_DATA[10:0]$58 [4], Q = \tag[0] [4]).
Adding EN signal on $memory\tag[0]$172 ($dff) from module icache_dm (D = $0$memwr$\tag$icache_dm.v:31$45_DATA[10:0]$58 [5], Q = \tag[0] [5]).
Adding EN signal on $memory\tag[0]$172 ($dff) from module icache_dm (D = $0$memwr$\tag$icache_dm.v:31$45_DATA[10:0]$58 [6], Q = \tag[0] [6]).
Adding EN signal on $memory\tag[0]$172 ($dff) from module icache_dm (D = $0$memwr$\tag$icache_dm.v:31$45_DATA[10:0]$58 [7], Q = \tag[0] [7]).
Adding EN signal on $memory\tag[0]$172 ($dff) from module icache_dm (D = $0$memwr$\tag$icache_dm.v:31$45_DATA[10:0]$58 [8], Q = \tag[0] [8]).
Adding EN signal on $memory\tag[0]$172 ($dff) from module icache_dm (D = $0$memwr$\tag$icache_dm.v:31$45_DATA[10:0]$58 [9], Q = \tag[0] [9]).
Adding EN signal on $memory\tag[0]$172 ($dff) from module icache_dm (D = $0$memwr$\tag$icache_dm.v:31$45_DATA[10:0]$58 [10], Q = \tag[0] [10]).
Adding EN signal on $memory\tag[1]$174 ($dff) from module icache_dm (D = $0$memwr$\tag$icache_dm.v:31$45_DATA[10:0]$58 [0], Q = \tag[1] [0]).
Adding EN signal on $memory\tag[1]$174 ($dff) from module icache_dm (D = $0$memwr$\tag$icache_dm.v:31$45_DATA[10:0]$58 [1], Q = \tag[1] [1]).
Adding EN signal on $memory\tag[1]$174 ($dff) from module icache_dm (D = $0$memwr$\tag$icache_dm.v:31$45_DATA[10:0]$58 [2], Q = \tag[1] [2]).
Adding EN signal on $memory\tag[1]$174 ($dff) from module icache_dm (D = $0$memwr$\tag$icache_dm.v:31$45_DATA[10:0]$58 [3], Q = \tag[1] [3]).
Adding EN signal on $memory\tag[1]$174 ($dff) from module icache_dm (D = $0$memwr$\tag$icache_dm.v:31$45_DATA[10:0]$58 [4], Q = \tag[1] [4]).
Adding EN signal on $memory\tag[1]$174 ($dff) from module icache_dm (D = $0$memwr$\tag$icache_dm.v:31$45_DATA[10:0]$58 [5], Q = \tag[1] [5]).
Adding EN signal on $memory\tag[1]$174 ($dff) from module icache_dm (D = $0$memwr$\tag$icache_dm.v:31$45_DATA[10:0]$58 [6], Q = \tag[1] [6]).
Adding EN signal on $memory\tag[1]$174 ($dff) from module icache_dm (D = $0$memwr$\tag$icache_dm.v:31$45_DATA[10:0]$58 [7], Q = \tag[1] [7]).
Adding EN signal on $memory\tag[1]$174 ($dff) from module icache_dm (D = $0$memwr$\tag$icache_dm.v:31$45_DATA[10:0]$58 [8], Q = \tag[1] [8]).
Adding EN signal on $memory\tag[1]$174 ($dff) from module icache_dm (D = $0$memwr$\tag$icache_dm.v:31$45_DATA[10:0]$58 [9], Q = \tag[1] [9]).
Adding EN signal on $memory\tag[1]$174 ($dff) from module icache_dm (D = $0$memwr$\tag$icache_dm.v:31$45_DATA[10:0]$58 [10], Q = \tag[1] [10]).
Adding EN signal on $memory\tag[2]$176 ($dff) from module icache_dm (D = $0$memwr$\tag$icache_dm.v:31$45_DATA[10:0]$58 [0], Q = \tag[2] [0]).
Adding EN signal on $memory\tag[2]$176 ($dff) from module icache_dm (D = $0$memwr$\tag$icache_dm.v:31$45_DATA[10:0]$58 [1], Q = \tag[2] [1]).
Adding EN signal on $memory\tag[2]$176 ($dff) from module icache_dm (D = $0$memwr$\tag$icache_dm.v:31$45_DATA[10:0]$58 [2], Q = \tag[2] [2]).
Adding EN signal on $memory\tag[2]$176 ($dff) from module icache_dm (D = $0$memwr$\tag$icache_dm.v:31$45_DATA[10:0]$58 [3], Q = \tag[2] [3]).
Adding EN signal on $memory\tag[2]$176 ($dff) from module icache_dm (D = $0$memwr$\tag$icache_dm.v:31$45_DATA[10:0]$58 [4], Q = \tag[2] [4]).
Adding EN signal on $memory\tag[2]$176 ($dff) from module icache_dm (D = $0$memwr$\tag$icache_dm.v:31$45_DATA[10:0]$58 [5], Q = \tag[2] [5]).
Adding EN signal on $memory\tag[2]$176 ($dff) from module icache_dm (D = $0$memwr$\tag$icache_dm.v:31$45_DATA[10:0]$58 [6], Q = \tag[2] [6]).
Adding EN signal on $memory\tag[2]$176 ($dff) from module icache_dm (D = $0$memwr$\tag$icache_dm.v:31$45_DATA[10:0]$58 [7], Q = \tag[2] [7]).
Adding EN signal on $memory\tag[2]$176 ($dff) from module icache_dm (D = $0$memwr$\tag$icache_dm.v:31$45_DATA[10:0]$58 [8], Q = \tag[2] [8]).
Adding EN signal on $memory\tag[2]$176 ($dff) from module icache_dm (D = $0$memwr$\tag$icache_dm.v:31$45_DATA[10:0]$58 [9], Q = \tag[2] [9]).
Adding EN signal on $memory\tag[2]$176 ($dff) from module icache_dm (D = $0$memwr$\tag$icache_dm.v:31$45_DATA[10:0]$58 [10], Q = \tag[2] [10]).
Adding EN signal on $memory\tag[3]$178 ($dff) from module icache_dm (D = $0$memwr$\tag$icache_dm.v:31$45_DATA[10:0]$58 [0], Q = \tag[3] [0]).
Adding EN signal on $memory\tag[3]$178 ($dff) from module icache_dm (D = $0$memwr$\tag$icache_dm.v:31$45_DATA[10:0]$58 [1], Q = \tag[3] [1]).
Adding EN signal on $memory\tag[3]$178 ($dff) from module icache_dm (D = $0$memwr$\tag$icache_dm.v:31$45_DATA[10:0]$58 [2], Q = \tag[3] [2]).
Adding EN signal on $memory\tag[3]$178 ($dff) from module icache_dm (D = $0$memwr$\tag$icache_dm.v:31$45_DATA[10:0]$58 [3], Q = \tag[3] [3]).
Adding EN signal on $memory\tag[3]$178 ($dff) from module icache_dm (D = $0$memwr$\tag$icache_dm.v:31$45_DATA[10:0]$58 [4], Q = \tag[3] [4]).
Adding EN signal on $memory\tag[3]$178 ($dff) from module icache_dm (D = $0$memwr$\tag$icache_dm.v:31$45_DATA[10:0]$58 [5], Q = \tag[3] [5]).
Adding EN signal on $memory\tag[3]$178 ($dff) from module icache_dm (D = $0$memwr$\tag$icache_dm.v:31$45_DATA[10:0]$58 [6], Q = \tag[3] [6]).
Adding EN signal on $memory\tag[3]$178 ($dff) from module icache_dm (D = $0$memwr$\tag$icache_dm.v:31$45_DATA[10:0]$58 [7], Q = \tag[3] [7]).
Adding EN signal on $memory\tag[3]$178 ($dff) from module icache_dm (D = $0$memwr$\tag$icache_dm.v:31$45_DATA[10:0]$58 [8], Q = \tag[3] [8]).
Adding EN signal on $memory\tag[3]$178 ($dff) from module icache_dm (D = $0$memwr$\tag$icache_dm.v:31$45_DATA[10:0]$58 [9], Q = \tag[3] [9]).
Adding EN signal on $memory\tag[3]$178 ($dff) from module icache_dm (D = $0$memwr$\tag$icache_dm.v:31$45_DATA[10:0]$58 [10], Q = \tag[3] [10]).
Adding EN signal on $memory\tag[4]$180 ($dff) from module icache_dm (D = $0$memwr$\tag$icache_dm.v:31$45_DATA[10:0]$58 [0], Q = \tag[4] [0]).
Adding EN signal on $memory\tag[4]$180 ($dff) from module icache_dm (D = $0$memwr$\tag$icache_dm.v:31$45_DATA[10:0]$58 [1], Q = \tag[4] [1]).
Adding EN signal on $memory\tag[4]$180 ($dff) from module icache_dm (D = $0$memwr$\tag$icache_dm.v:31$45_DATA[10:0]$58 [2], Q = \tag[4] [2]).
Adding EN signal on $memory\tag[4]$180 ($dff) from module icache_dm (D = $0$memwr$\tag$icache_dm.v:31$45_DATA[10:0]$58 [3], Q = \tag[4] [3]).
Adding EN signal on $memory\tag[4]$180 ($dff) from module icache_dm (D = $0$memwr$\tag$icache_dm.v:31$45_DATA[10:0]$58 [4], Q = \tag[4] [4]).
Adding EN signal on $memory\tag[4]$180 ($dff) from module icache_dm (D = $0$memwr$\tag$icache_dm.v:31$45_DATA[10:0]$58 [5], Q = \tag[4] [5]).
Adding EN signal on $memory\tag[4]$180 ($dff) from module icache_dm (D = $0$memwr$\tag$icache_dm.v:31$45_DATA[10:0]$58 [6], Q = \tag[4] [6]).
Adding EN signal on $memory\tag[4]$180 ($dff) from module icache_dm (D = $0$memwr$\tag$icache_dm.v:31$45_DATA[10:0]$58 [7], Q = \tag[4] [7]).
Adding EN signal on $memory\tag[4]$180 ($dff) from module icache_dm (D = $0$memwr$\tag$icache_dm.v:31$45_DATA[10:0]$58 [8], Q = \tag[4] [8]).
Adding EN signal on $memory\tag[4]$180 ($dff) from module icache_dm (D = $0$memwr$\tag$icache_dm.v:31$45_DATA[10:0]$58 [9], Q = \tag[4] [9]).
Adding EN signal on $memory\tag[4]$180 ($dff) from module icache_dm (D = $0$memwr$\tag$icache_dm.v:31$45_DATA[10:0]$58 [10], Q = \tag[4] [10]).
Adding EN signal on $memory\tag[5]$182 ($dff) from module icache_dm (D = $0$memwr$\tag$icache_dm.v:31$45_DATA[10:0]$58 [0], Q = \tag[5] [0]).
Adding EN signal on $memory\tag[5]$182 ($dff) from module icache_dm (D = $0$memwr$\tag$icache_dm.v:31$45_DATA[10:0]$58 [1], Q = \tag[5] [1]).
Adding EN signal on $memory\tag[5]$182 ($dff) from module icache_dm (D = $0$memwr$\tag$icache_dm.v:31$45_DATA[10:0]$58 [2], Q = \tag[5] [2]).
Adding EN signal on $memory\tag[5]$182 ($dff) from module icache_dm (D = $0$memwr$\tag$icache_dm.v:31$45_DATA[10:0]$58 [3], Q = \tag[5] [3]).
Adding EN signal on $memory\tag[5]$182 ($dff) from module icache_dm (D = $0$memwr$\tag$icache_dm.v:31$45_DATA[10:0]$58 [4], Q = \tag[5] [4]).
Adding EN signal on $memory\tag[5]$182 ($dff) from module icache_dm (D = $0$memwr$\tag$icache_dm.v:31$45_DATA[10:0]$58 [5], Q = \tag[5] [5]).
Adding EN signal on $memory\tag[5]$182 ($dff) from module icache_dm (D = $0$memwr$\tag$icache_dm.v:31$45_DATA[10:0]$58 [6], Q = \tag[5] [6]).
Adding EN signal on $memory\tag[5]$182 ($dff) from module icache_dm (D = $0$memwr$\tag$icache_dm.v:31$45_DATA[10:0]$58 [7], Q = \tag[5] [7]).
Adding EN signal on $memory\tag[5]$182 ($dff) from module icache_dm (D = $0$memwr$\tag$icache_dm.v:31$45_DATA[10:0]$58 [8], Q = \tag[5] [8]).
Adding EN signal on $memory\tag[5]$182 ($dff) from module icache_dm (D = $0$memwr$\tag$icache_dm.v:31$45_DATA[10:0]$58 [9], Q = \tag[5] [9]).
Adding EN signal on $memory\tag[5]$182 ($dff) from module icache_dm (D = $0$memwr$\tag$icache_dm.v:31$45_DATA[10:0]$58 [10], Q = \tag[5] [10]).
Adding EN signal on $memory\tag[6]$184 ($dff) from module icache_dm (D = $0$memwr$\tag$icache_dm.v:31$45_DATA[10:0]$58 [0], Q = \tag[6] [0]).
Adding EN signal on $memory\tag[6]$184 ($dff) from module icache_dm (D = $0$memwr$\tag$icache_dm.v:31$45_DATA[10:0]$58 [1], Q = \tag[6] [1]).
Adding EN signal on $memory\tag[6]$184 ($dff) from module icache_dm (D = $0$memwr$\tag$icache_dm.v:31$45_DATA[10:0]$58 [2], Q = \tag[6] [2]).
Adding EN signal on $memory\tag[6]$184 ($dff) from module icache_dm (D = $0$memwr$\tag$icache_dm.v:31$45_DATA[10:0]$58 [3], Q = \tag[6] [3]).
Adding EN signal on $memory\tag[6]$184 ($dff) from module icache_dm (D = $0$memwr$\tag$icache_dm.v:31$45_DATA[10:0]$58 [4], Q = \tag[6] [4]).
Adding EN signal on $memory\tag[6]$184 ($dff) from module icache_dm (D = $0$memwr$\tag$icache_dm.v:31$45_DATA[10:0]$58 [5], Q = \tag[6] [5]).
Adding EN signal on $memory\tag[6]$184 ($dff) from module icache_dm (D = $0$memwr$\tag$icache_dm.v:31$45_DATA[10:0]$58 [6], Q = \tag[6] [6]).
Adding EN signal on $memory\tag[6]$184 ($dff) from module icache_dm (D = $0$memwr$\tag$icache_dm.v:31$45_DATA[10:0]$58 [7], Q = \tag[6] [7]).
Adding EN signal on $memory\tag[6]$184 ($dff) from module icache_dm (D = $0$memwr$\tag$icache_dm.v:31$45_DATA[10:0]$58 [8], Q = \tag[6] [8]).
Adding EN signal on $memory\tag[6]$184 ($dff) from module icache_dm (D = $0$memwr$\tag$icache_dm.v:31$45_DATA[10:0]$58 [9], Q = \tag[6] [9]).
Adding EN signal on $memory\tag[6]$184 ($dff) from module icache_dm (D = $0$memwr$\tag$icache_dm.v:31$45_DATA[10:0]$58 [10], Q = \tag[6] [10]).
Adding EN signal on $memory\tag[7]$186 ($dff) from module icache_dm (D = $0$memwr$\tag$icache_dm.v:31$45_DATA[10:0]$58 [0], Q = \tag[7] [0]).
Adding EN signal on $memory\tag[7]$186 ($dff) from module icache_dm (D = $0$memwr$\tag$icache_dm.v:31$45_DATA[10:0]$58 [1], Q = \tag[7] [1]).
Adding EN signal on $memory\tag[7]$186 ($dff) from module icache_dm (D = $0$memwr$\tag$icache_dm.v:31$45_DATA[10:0]$58 [2], Q = \tag[7] [2]).
Adding EN signal on $memory\tag[7]$186 ($dff) from module icache_dm (D = $0$memwr$\tag$icache_dm.v:31$45_DATA[10:0]$58 [3], Q = \tag[7] [3]).
Adding EN signal on $memory\tag[7]$186 ($dff) from module icache_dm (D = $0$memwr$\tag$icache_dm.v:31$45_DATA[10:0]$58 [4], Q = \tag[7] [4]).
Adding EN signal on $memory\tag[7]$186 ($dff) from module icache_dm (D = $0$memwr$\tag$icache_dm.v:31$45_DATA[10:0]$58 [5], Q = \tag[7] [5]).
Adding EN signal on $memory\tag[7]$186 ($dff) from module icache_dm (D = $0$memwr$\tag$icache_dm.v:31$45_DATA[10:0]$58 [6], Q = \tag[7] [6]).
Adding EN signal on $memory\tag[7]$186 ($dff) from module icache_dm (D = $0$memwr$\tag$icache_dm.v:31$45_DATA[10:0]$58 [7], Q = \tag[7] [7]).
Adding EN signal on $memory\tag[7]$186 ($dff) from module icache_dm (D = $0$memwr$\tag$icache_dm.v:31$45_DATA[10:0]$58 [8], Q = \tag[7] [8]).
Adding EN signal on $memory\tag[7]$186 ($dff) from module icache_dm (D = $0$memwr$\tag$icache_dm.v:31$45_DATA[10:0]$58 [9], Q = \tag[7] [9]).
Adding EN signal on $memory\tag[7]$186 ($dff) from module icache_dm (D = $0$memwr$\tag$icache_dm.v:31$45_DATA[10:0]$58 [10], Q = \tag[7] [10]).
Adding EN signal on $memory\data[0]$597 ($dff) from module icache_dm (D = $0$memwr$\data$icache_dm.v:30$44_DATA[31:0]$55 [0], Q = \data[0] [0]).
Adding EN signal on $memory\data[0]$597 ($dff) from module icache_dm (D = $0$memwr$\data$icache_dm.v:30$44_DATA[31:0]$55 [1], Q = \data[0] [1]).
Adding EN signal on $memory\data[0]$597 ($dff) from module icache_dm (D = $0$memwr$\data$icache_dm.v:30$44_DATA[31:0]$55 [2], Q = \data[0] [2]).
Adding EN signal on $memory\data[0]$597 ($dff) from module icache_dm (D = $0$memwr$\data$icache_dm.v:30$44_DATA[31:0]$55 [3], Q = \data[0] [3]).
Adding EN signal on $memory\data[0]$597 ($dff) from module icache_dm (D = $0$memwr$\data$icache_dm.v:30$44_DATA[31:0]$55 [4], Q = \data[0] [4]).
Adding EN signal on $memory\data[0]$597 ($dff) from module icache_dm (D = $0$memwr$\data$icache_dm.v:30$44_DATA[31:0]$55 [5], Q = \data[0] [5]).
Adding EN signal on $memory\data[0]$597 ($dff) from module icache_dm (D = $0$memwr$\data$icache_dm.v:30$44_DATA[31:0]$55 [6], Q = \data[0] [6]).
Adding EN signal on $memory\data[0]$597 ($dff) from module icache_dm (D = $0$memwr$\data$icache_dm.v:30$44_DATA[31:0]$55 [7], Q = \data[0] [7]).
Adding EN signal on $memory\data[0]$597 ($dff) from module icache_dm (D = $0$memwr$\data$icache_dm.v:30$44_DATA[31:0]$55 [8], Q = \data[0] [8]).
Adding EN signal on $memory\data[0]$597 ($dff) from module icache_dm (D = $0$memwr$\data$icache_dm.v:30$44_DATA[31:0]$55 [9], Q = \data[0] [9]).
Adding EN signal on $memory\data[0]$597 ($dff) from module icache_dm (D = $0$memwr$\data$icache_dm.v:30$44_DATA[31:0]$55 [10], Q = \data[0] [10]).
Adding EN signal on $memory\data[0]$597 ($dff) from module icache_dm (D = $0$memwr$\data$icache_dm.v:30$44_DATA[31:0]$55 [11], Q = \data[0] [11]).
Adding EN signal on $memory\data[0]$597 ($dff) from module icache_dm (D = $0$memwr$\data$icache_dm.v:30$44_DATA[31:0]$55 [12], Q = \data[0] [12]).
Adding EN signal on $memory\data[0]$597 ($dff) from module icache_dm (D = $0$memwr$\data$icache_dm.v:30$44_DATA[31:0]$55 [13], Q = \data[0] [13]).
Adding EN signal on $memory\data[0]$597 ($dff) from module icache_dm (D = $0$memwr$\data$icache_dm.v:30$44_DATA[31:0]$55 [14], Q = \data[0] [14]).
Adding EN signal on $memory\data[0]$597 ($dff) from module icache_dm (D = $0$memwr$\data$icache_dm.v:30$44_DATA[31:0]$55 [15], Q = \data[0] [15]).
Adding EN signal on $memory\data[0]$597 ($dff) from module icache_dm (D = $0$memwr$\data$icache_dm.v:30$44_DATA[31:0]$55 [16], Q = \data[0] [16]).
Adding EN signal on $memory\data[0]$597 ($dff) from module icache_dm (D = $0$memwr$\data$icache_dm.v:30$44_DATA[31:0]$55 [17], Q = \data[0] [17]).
Adding EN signal on $memory\data[0]$597 ($dff) from module icache_dm (D = $0$memwr$\data$icache_dm.v:30$44_DATA[31:0]$55 [18], Q = \data[0] [18]).
Adding EN signal on $memory\data[0]$597 ($dff) from module icache_dm (D = $0$memwr$\data$icache_dm.v:30$44_DATA[31:0]$55 [19], Q = \data[0] [19]).
Adding EN signal on $memory\data[0]$597 ($dff) from module icache_dm (D = $0$memwr$\data$icache_dm.v:30$44_DATA[31:0]$55 [20], Q = \data[0] [20]).
Adding EN signal on $memory\data[0]$597 ($dff) from module icache_dm (D = $0$memwr$\data$icache_dm.v:30$44_DATA[31:0]$55 [21], Q = \data[0] [21]).
Adding EN signal on $memory\data[0]$597 ($dff) from module icache_dm (D = $0$memwr$\data$icache_dm.v:30$44_DATA[31:0]$55 [22], Q = \data[0] [22]).
Adding EN signal on $memory\data[0]$597 ($dff) from module icache_dm (D = $0$memwr$\data$icache_dm.v:30$44_DATA[31:0]$55 [23], Q = \data[0] [23]).
Adding EN signal on $memory\data[0]$597 ($dff) from module icache_dm (D = $0$memwr$\data$icache_dm.v:30$44_DATA[31:0]$55 [24], Q = \data[0] [24]).
Adding EN signal on $memory\data[0]$597 ($dff) from module icache_dm (D = $0$memwr$\data$icache_dm.v:30$44_DATA[31:0]$55 [25], Q = \data[0] [25]).
Adding EN signal on $memory\data[0]$597 ($dff) from module icache_dm (D = $0$memwr$\data$icache_dm.v:30$44_DATA[31:0]$55 [26], Q = \data[0] [26]).
Adding EN signal on $memory\data[0]$597 ($dff) from module icache_dm (D = $0$memwr$\data$icache_dm.v:30$44_DATA[31:0]$55 [27], Q = \data[0] [27]).
Adding EN signal on $memory\data[0]$597 ($dff) from module icache_dm (D = $0$memwr$\data$icache_dm.v:30$44_DATA[31:0]$55 [28], Q = \data[0] [28]).
Adding EN signal on $memory\data[0]$597 ($dff) from module icache_dm (D = $0$memwr$\data$icache_dm.v:30$44_DATA[31:0]$55 [29], Q = \data[0] [29]).
Adding EN signal on $memory\data[0]$597 ($dff) from module icache_dm (D = $0$memwr$\data$icache_dm.v:30$44_DATA[31:0]$55 [30], Q = \data[0] [30]).
Adding EN signal on $memory\data[0]$597 ($dff) from module icache_dm (D = $0$memwr$\data$icache_dm.v:30$44_DATA[31:0]$55 [31], Q = \data[0] [31]).
Adding EN signal on $memory\data[1]$599 ($dff) from module icache_dm (D = $0$memwr$\data$icache_dm.v:30$44_DATA[31:0]$55 [0], Q = \data[1] [0]).
Adding EN signal on $memory\data[1]$599 ($dff) from module icache_dm (D = $0$memwr$\data$icache_dm.v:30$44_DATA[31:0]$55 [1], Q = \data[1] [1]).
Adding EN signal on $memory\data[1]$599 ($dff) from module icache_dm (D = $0$memwr$\data$icache_dm.v:30$44_DATA[31:0]$55 [2], Q = \data[1] [2]).
Adding EN signal on $memory\data[1]$599 ($dff) from module icache_dm (D = $0$memwr$\data$icache_dm.v:30$44_DATA[31:0]$55 [3], Q = \data[1] [3]).
Adding EN signal on $memory\data[1]$599 ($dff) from module icache_dm (D = $0$memwr$\data$icache_dm.v:30$44_DATA[31:0]$55 [4], Q = \data[1] [4]).
Adding EN signal on $memory\data[1]$599 ($dff) from module icache_dm (D = $0$memwr$\data$icache_dm.v:30$44_DATA[31:0]$55 [5], Q = \data[1] [5]).
Adding EN signal on $memory\data[1]$599 ($dff) from module icache_dm (D = $0$memwr$\data$icache_dm.v:30$44_DATA[31:0]$55 [6], Q = \data[1] [6]).
Adding EN signal on $memory\data[1]$599 ($dff) from module icache_dm (D = $0$memwr$\data$icache_dm.v:30$44_DATA[31:0]$55 [7], Q = \data[1] [7]).
Adding EN signal on $memory\data[1]$599 ($dff) from module icache_dm (D = $0$memwr$\data$icache_dm.v:30$44_DATA[31:0]$55 [8], Q = \data[1] [8]).
Adding EN signal on $memory\data[1]$599 ($dff) from module icache_dm (D = $0$memwr$\data$icache_dm.v:30$44_DATA[31:0]$55 [9], Q = \data[1] [9]).
Adding EN signal on $memory\data[1]$599 ($dff) from module icache_dm (D = $0$memwr$\data$icache_dm.v:30$44_DATA[31:0]$55 [10], Q = \data[1] [10]).
Adding EN signal on $memory\data[1]$599 ($dff) from module icache_dm (D = $0$memwr$\data$icache_dm.v:30$44_DATA[31:0]$55 [11], Q = \data[1] [11]).
Adding EN signal on $memory\data[1]$599 ($dff) from module icache_dm (D = $0$memwr$\data$icache_dm.v:30$44_DATA[31:0]$55 [12], Q = \data[1] [12]).
Adding EN signal on $memory\data[1]$599 ($dff) from module icache_dm (D = $0$memwr$\data$icache_dm.v:30$44_DATA[31:0]$55 [13], Q = \data[1] [13]).
Adding EN signal on $memory\data[1]$599 ($dff) from module icache_dm (D = $0$memwr$\data$icache_dm.v:30$44_DATA[31:0]$55 [14], Q = \data[1] [14]).
Adding EN signal on $memory\data[1]$599 ($dff) from module icache_dm (D = $0$memwr$\data$icache_dm.v:30$44_DATA[31:0]$55 [15], Q = \data[1] [15]).
Adding EN signal on $memory\data[1]$599 ($dff) from module icache_dm (D = $0$memwr$\data$icache_dm.v:30$44_DATA[31:0]$55 [16], Q = \data[1] [16]).
Adding EN signal on $memory\data[1]$599 ($dff) from module icache_dm (D = $0$memwr$\data$icache_dm.v:30$44_DATA[31:0]$55 [17], Q = \data[1] [17]).
Adding EN signal on $memory\data[1]$599 ($dff) from module icache_dm (D = $0$memwr$\data$icache_dm.v:30$44_DATA[31:0]$55 [18], Q = \data[1] [18]).
Adding EN signal on $memory\data[1]$599 ($dff) from module icache_dm (D = $0$memwr$\data$icache_dm.v:30$44_DATA[31:0]$55 [19], Q = \data[1] [19]).
Adding EN signal on $memory\data[1]$599 ($dff) from module icache_dm (D = $0$memwr$\data$icache_dm.v:30$44_DATA[31:0]$55 [20], Q = \data[1] [20]).
Adding EN signal on $memory\data[1]$599 ($dff) from module icache_dm (D = $0$memwr$\data$icache_dm.v:30$44_DATA[31:0]$55 [21], Q = \data[1] [21]).
Adding EN signal on $memory\data[1]$599 ($dff) from module icache_dm (D = $0$memwr$\data$icache_dm.v:30$44_DATA[31:0]$55 [22], Q = \data[1] [22]).
Adding EN signal on $memory\data[1]$599 ($dff) from module icache_dm (D = $0$memwr$\data$icache_dm.v:30$44_DATA[31:0]$55 [23], Q = \data[1] [23]).
Adding EN signal on $memory\data[1]$599 ($dff) from module icache_dm (D = $0$memwr$\data$icache_dm.v:30$44_DATA[31:0]$55 [24], Q = \data[1] [24]).
Adding EN signal on $memory\data[1]$599 ($dff) from module icache_dm (D = $0$memwr$\data$icache_dm.v:30$44_DATA[31:0]$55 [25], Q = \data[1] [25]).
Adding EN signal on $memory\data[1]$599 ($dff) from module icache_dm (D = $0$memwr$\data$icache_dm.v:30$44_DATA[31:0]$55 [26], Q = \data[1] [26]).
Adding EN signal on $memory\data[1]$599 ($dff) from module icache_dm (D = $0$memwr$\data$icache_dm.v:30$44_DATA[31:0]$55 [27], Q = \data[1] [27]).
Adding EN signal on $memory\data[1]$599 ($dff) from module icache_dm (D = $0$memwr$\data$icache_dm.v:30$44_DATA[31:0]$55 [28], Q = \data[1] [28]).
Adding EN signal on $memory\data[1]$599 ($dff) from module icache_dm (D = $0$memwr$\data$icache_dm.v:30$44_DATA[31:0]$55 [29], Q = \data[1] [29]).
Adding EN signal on $memory\data[1]$599 ($dff) from module icache_dm (D = $0$memwr$\data$icache_dm.v:30$44_DATA[31:0]$55 [30], Q = \data[1] [30]).
Adding EN signal on $memory\data[1]$599 ($dff) from module icache_dm (D = $0$memwr$\data$icache_dm.v:30$44_DATA[31:0]$55 [31], Q = \data[1] [31]).
Adding EN signal on $memory\data[2]$601 ($dff) from module icache_dm (D = $0$memwr$\data$icache_dm.v:30$44_DATA[31:0]$55 [0], Q = \data[2] [0]).
Adding EN signal on $memory\data[2]$601 ($dff) from module icache_dm (D = $0$memwr$\data$icache_dm.v:30$44_DATA[31:0]$55 [1], Q = \data[2] [1]).
Adding EN signal on $memory\data[2]$601 ($dff) from module icache_dm (D = $0$memwr$\data$icache_dm.v:30$44_DATA[31:0]$55 [2], Q = \data[2] [2]).
Adding EN signal on $memory\data[2]$601 ($dff) from module icache_dm (D = $0$memwr$\data$icache_dm.v:30$44_DATA[31:0]$55 [3], Q = \data[2] [3]).
Adding EN signal on $memory\data[2]$601 ($dff) from module icache_dm (D = $0$memwr$\data$icache_dm.v:30$44_DATA[31:0]$55 [4], Q = \data[2] [4]).
Adding EN signal on $memory\data[2]$601 ($dff) from module icache_dm (D = $0$memwr$\data$icache_dm.v:30$44_DATA[31:0]$55 [5], Q = \data[2] [5]).
Adding EN signal on $memory\data[2]$601 ($dff) from module icache_dm (D = $0$memwr$\data$icache_dm.v:30$44_DATA[31:0]$55 [6], Q = \data[2] [6]).
Adding EN signal on $memory\data[2]$601 ($dff) from module icache_dm (D = $0$memwr$\data$icache_dm.v:30$44_DATA[31:0]$55 [7], Q = \data[2] [7]).
Adding EN signal on $memory\data[2]$601 ($dff) from module icache_dm (D = $0$memwr$\data$icache_dm.v:30$44_DATA[31:0]$55 [8], Q = \data[2] [8]).
Adding EN signal on $memory\data[2]$601 ($dff) from module icache_dm (D = $0$memwr$\data$icache_dm.v:30$44_DATA[31:0]$55 [9], Q = \data[2] [9]).
Adding EN signal on $memory\data[2]$601 ($dff) from module icache_dm (D = $0$memwr$\data$icache_dm.v:30$44_DATA[31:0]$55 [10], Q = \data[2] [10]).
Adding EN signal on $memory\data[2]$601 ($dff) from module icache_dm (D = $0$memwr$\data$icache_dm.v:30$44_DATA[31:0]$55 [11], Q = \data[2] [11]).
Adding EN signal on $memory\data[2]$601 ($dff) from module icache_dm (D = $0$memwr$\data$icache_dm.v:30$44_DATA[31:0]$55 [12], Q = \data[2] [12]).
Adding EN signal on $memory\data[2]$601 ($dff) from module icache_dm (D = $0$memwr$\data$icache_dm.v:30$44_DATA[31:0]$55 [13], Q = \data[2] [13]).
Adding EN signal on $memory\data[2]$601 ($dff) from module icache_dm (D = $0$memwr$\data$icache_dm.v:30$44_DATA[31:0]$55 [14], Q = \data[2] [14]).
Adding EN signal on $memory\data[2]$601 ($dff) from module icache_dm (D = $0$memwr$\data$icache_dm.v:30$44_DATA[31:0]$55 [15], Q = \data[2] [15]).
Adding EN signal on $memory\data[2]$601 ($dff) from module icache_dm (D = $0$memwr$\data$icache_dm.v:30$44_DATA[31:0]$55 [16], Q = \data[2] [16]).
Adding EN signal on $memory\data[2]$601 ($dff) from module icache_dm (D = $0$memwr$\data$icache_dm.v:30$44_DATA[31:0]$55 [17], Q = \data[2] [17]).
Adding EN signal on $memory\data[2]$601 ($dff) from module icache_dm (D = $0$memwr$\data$icache_dm.v:30$44_DATA[31:0]$55 [18], Q = \data[2] [18]).
Adding EN signal on $memory\data[2]$601 ($dff) from module icache_dm (D = $0$memwr$\data$icache_dm.v:30$44_DATA[31:0]$55 [19], Q = \data[2] [19]).
Adding EN signal on $memory\data[2]$601 ($dff) from module icache_dm (D = $0$memwr$\data$icache_dm.v:30$44_DATA[31:0]$55 [20], Q = \data[2] [20]).
Adding EN signal on $memory\data[2]$601 ($dff) from module icache_dm (D = $0$memwr$\data$icache_dm.v:30$44_DATA[31:0]$55 [21], Q = \data[2] [21]).
Adding EN signal on $memory\data[2]$601 ($dff) from module icache_dm (D = $0$memwr$\data$icache_dm.v:30$44_DATA[31:0]$55 [22], Q = \data[2] [22]).
Adding EN signal on $memory\data[2]$601 ($dff) from module icache_dm (D = $0$memwr$\data$icache_dm.v:30$44_DATA[31:0]$55 [23], Q = \data[2] [23]).
Adding EN signal on $memory\data[2]$601 ($dff) from module icache_dm (D = $0$memwr$\data$icache_dm.v:30$44_DATA[31:0]$55 [24], Q = \data[2] [24]).
Adding EN signal on $memory\data[2]$601 ($dff) from module icache_dm (D = $0$memwr$\data$icache_dm.v:30$44_DATA[31:0]$55 [25], Q = \data[2] [25]).
Adding EN signal on $memory\data[2]$601 ($dff) from module icache_dm (D = $0$memwr$\data$icache_dm.v:30$44_DATA[31:0]$55 [26], Q = \data[2] [26]).
Adding EN signal on $memory\data[2]$601 ($dff) from module icache_dm (D = $0$memwr$\data$icache_dm.v:30$44_DATA[31:0]$55 [27], Q = \data[2] [27]).
Adding EN signal on $memory\data[2]$601 ($dff) from module icache_dm (D = $0$memwr$\data$icache_dm.v:30$44_DATA[31:0]$55 [28], Q = \data[2] [28]).
Adding EN signal on $memory\data[2]$601 ($dff) from module icache_dm (D = $0$memwr$\data$icache_dm.v:30$44_DATA[31:0]$55 [29], Q = \data[2] [29]).
Adding EN signal on $memory\data[2]$601 ($dff) from module icache_dm (D = $0$memwr$\data$icache_dm.v:30$44_DATA[31:0]$55 [30], Q = \data[2] [30]).
Adding EN signal on $memory\data[2]$601 ($dff) from module icache_dm (D = $0$memwr$\data$icache_dm.v:30$44_DATA[31:0]$55 [31], Q = \data[2] [31]).
Adding EN signal on $memory\data[3]$603 ($dff) from module icache_dm (D = $0$memwr$\data$icache_dm.v:30$44_DATA[31:0]$55 [0], Q = \data[3] [0]).
Adding EN signal on $memory\data[3]$603 ($dff) from module icache_dm (D = $0$memwr$\data$icache_dm.v:30$44_DATA[31:0]$55 [1], Q = \data[3] [1]).
Adding EN signal on $memory\data[3]$603 ($dff) from module icache_dm (D = $0$memwr$\data$icache_dm.v:30$44_DATA[31:0]$55 [2], Q = \data[3] [2]).
Adding EN signal on $memory\data[3]$603 ($dff) from module icache_dm (D = $0$memwr$\data$icache_dm.v:30$44_DATA[31:0]$55 [3], Q = \data[3] [3]).
Adding EN signal on $memory\data[3]$603 ($dff) from module icache_dm (D = $0$memwr$\data$icache_dm.v:30$44_DATA[31:0]$55 [4], Q = \data[3] [4]).
Adding EN signal on $memory\data[3]$603 ($dff) from module icache_dm (D = $0$memwr$\data$icache_dm.v:30$44_DATA[31:0]$55 [5], Q = \data[3] [5]).
Adding EN signal on $memory\data[3]$603 ($dff) from module icache_dm (D = $0$memwr$\data$icache_dm.v:30$44_DATA[31:0]$55 [6], Q = \data[3] [6]).
Adding EN signal on $memory\data[3]$603 ($dff) from module icache_dm (D = $0$memwr$\data$icache_dm.v:30$44_DATA[31:0]$55 [7], Q = \data[3] [7]).
Adding EN signal on $memory\data[3]$603 ($dff) from module icache_dm (D = $0$memwr$\data$icache_dm.v:30$44_DATA[31:0]$55 [8], Q = \data[3] [8]).
Adding EN signal on $memory\data[3]$603 ($dff) from module icache_dm (D = $0$memwr$\data$icache_dm.v:30$44_DATA[31:0]$55 [9], Q = \data[3] [9]).
Adding EN signal on $memory\data[3]$603 ($dff) from module icache_dm (D = $0$memwr$\data$icache_dm.v:30$44_DATA[31:0]$55 [10], Q = \data[3] [10]).
Adding EN signal on $memory\data[3]$603 ($dff) from module icache_dm (D = $0$memwr$\data$icache_dm.v:30$44_DATA[31:0]$55 [11], Q = \data[3] [11]).
Adding EN signal on $memory\data[3]$603 ($dff) from module icache_dm (D = $0$memwr$\data$icache_dm.v:30$44_DATA[31:0]$55 [12], Q = \data[3] [12]).
Adding EN signal on $memory\data[3]$603 ($dff) from module icache_dm (D = $0$memwr$\data$icache_dm.v:30$44_DATA[31:0]$55 [13], Q = \data[3] [13]).
Adding EN signal on $memory\data[3]$603 ($dff) from module icache_dm (D = $0$memwr$\data$icache_dm.v:30$44_DATA[31:0]$55 [14], Q = \data[3] [14]).
Adding EN signal on $memory\data[3]$603 ($dff) from module icache_dm (D = $0$memwr$\data$icache_dm.v:30$44_DATA[31:0]$55 [15], Q = \data[3] [15]).
Adding EN signal on $memory\data[3]$603 ($dff) from module icache_dm (D = $0$memwr$\data$icache_dm.v:30$44_DATA[31:0]$55 [16], Q = \data[3] [16]).
Adding EN signal on $memory\data[3]$603 ($dff) from module icache_dm (D = $0$memwr$\data$icache_dm.v:30$44_DATA[31:0]$55 [17], Q = \data[3] [17]).
Adding EN signal on $memory\data[3]$603 ($dff) from module icache_dm (D = $0$memwr$\data$icache_dm.v:30$44_DATA[31:0]$55 [18], Q = \data[3] [18]).
Adding EN signal on $memory\data[3]$603 ($dff) from module icache_dm (D = $0$memwr$\data$icache_dm.v:30$44_DATA[31:0]$55 [19], Q = \data[3] [19]).
Adding EN signal on $memory\data[3]$603 ($dff) from module icache_dm (D = $0$memwr$\data$icache_dm.v:30$44_DATA[31:0]$55 [20], Q = \data[3] [20]).
Adding EN signal on $memory\data[3]$603 ($dff) from module icache_dm (D = $0$memwr$\data$icache_dm.v:30$44_DATA[31:0]$55 [21], Q = \data[3] [21]).
Adding EN signal on $memory\data[3]$603 ($dff) from module icache_dm (D = $0$memwr$\data$icache_dm.v:30$44_DATA[31:0]$55 [22], Q = \data[3] [22]).
Adding EN signal on $memory\data[3]$603 ($dff) from module icache_dm (D = $0$memwr$\data$icache_dm.v:30$44_DATA[31:0]$55 [23], Q = \data[3] [23]).
Adding EN signal on $memory\data[3]$603 ($dff) from module icache_dm (D = $0$memwr$\data$icache_dm.v:30$44_DATA[31:0]$55 [24], Q = \data[3] [24]).
Adding EN signal on $memory\data[3]$603 ($dff) from module icache_dm (D = $0$memwr$\data$icache_dm.v:30$44_DATA[31:0]$55 [25], Q = \data[3] [25]).
Adding EN signal on $memory\data[3]$603 ($dff) from module icache_dm (D = $0$memwr$\data$icache_dm.v:30$44_DATA[31:0]$55 [26], Q = \data[3] [26]).
Adding EN signal on $memory\data[3]$603 ($dff) from module icache_dm (D = $0$memwr$\data$icache_dm.v:30$44_DATA[31:0]$55 [27], Q = \data[3] [27]).
Adding EN signal on $memory\data[3]$603 ($dff) from module icache_dm (D = $0$memwr$\data$icache_dm.v:30$44_DATA[31:0]$55 [28], Q = \data[3] [28]).
Adding EN signal on $memory\data[3]$603 ($dff) from module icache_dm (D = $0$memwr$\data$icache_dm.v:30$44_DATA[31:0]$55 [29], Q = \data[3] [29]).
Adding EN signal on $memory\data[3]$603 ($dff) from module icache_dm (D = $0$memwr$\data$icache_dm.v:30$44_DATA[31:0]$55 [30], Q = \data[3] [30]).
Adding EN signal on $memory\data[3]$603 ($dff) from module icache_dm (D = $0$memwr$\data$icache_dm.v:30$44_DATA[31:0]$55 [31], Q = \data[3] [31]).
Adding EN signal on $memory\data[4]$605 ($dff) from module icache_dm (D = $0$memwr$\data$icache_dm.v:30$44_DATA[31:0]$55 [0], Q = \data[4] [0]).
Adding EN signal on $memory\data[4]$605 ($dff) from module icache_dm (D = $0$memwr$\data$icache_dm.v:30$44_DATA[31:0]$55 [1], Q = \data[4] [1]).
Adding EN signal on $memory\data[4]$605 ($dff) from module icache_dm (D = $0$memwr$\data$icache_dm.v:30$44_DATA[31:0]$55 [2], Q = \data[4] [2]).
Adding EN signal on $memory\data[4]$605 ($dff) from module icache_dm (D = $0$memwr$\data$icache_dm.v:30$44_DATA[31:0]$55 [3], Q = \data[4] [3]).
Adding EN signal on $memory\data[4]$605 ($dff) from module icache_dm (D = $0$memwr$\data$icache_dm.v:30$44_DATA[31:0]$55 [4], Q = \data[4] [4]).
Adding EN signal on $memory\data[4]$605 ($dff) from module icache_dm (D = $0$memwr$\data$icache_dm.v:30$44_DATA[31:0]$55 [5], Q = \data[4] [5]).
Adding EN signal on $memory\data[4]$605 ($dff) from module icache_dm (D = $0$memwr$\data$icache_dm.v:30$44_DATA[31:0]$55 [6], Q = \data[4] [6]).
Adding EN signal on $memory\data[4]$605 ($dff) from module icache_dm (D = $0$memwr$\data$icache_dm.v:30$44_DATA[31:0]$55 [7], Q = \data[4] [7]).
Adding EN signal on $memory\data[4]$605 ($dff) from module icache_dm (D = $0$memwr$\data$icache_dm.v:30$44_DATA[31:0]$55 [8], Q = \data[4] [8]).
Adding EN signal on $memory\data[4]$605 ($dff) from module icache_dm (D = $0$memwr$\data$icache_dm.v:30$44_DATA[31:0]$55 [9], Q = \data[4] [9]).
Adding EN signal on $memory\data[4]$605 ($dff) from module icache_dm (D = $0$memwr$\data$icache_dm.v:30$44_DATA[31:0]$55 [10], Q = \data[4] [10]).
Adding EN signal on $memory\data[4]$605 ($dff) from module icache_dm (D = $0$memwr$\data$icache_dm.v:30$44_DATA[31:0]$55 [11], Q = \data[4] [11]).
Adding EN signal on $memory\data[4]$605 ($dff) from module icache_dm (D = $0$memwr$\data$icache_dm.v:30$44_DATA[31:0]$55 [12], Q = \data[4] [12]).
Adding EN signal on $memory\data[4]$605 ($dff) from module icache_dm (D = $0$memwr$\data$icache_dm.v:30$44_DATA[31:0]$55 [13], Q = \data[4] [13]).
Adding EN signal on $memory\data[4]$605 ($dff) from module icache_dm (D = $0$memwr$\data$icache_dm.v:30$44_DATA[31:0]$55 [14], Q = \data[4] [14]).
Adding EN signal on $memory\data[4]$605 ($dff) from module icache_dm (D = $0$memwr$\data$icache_dm.v:30$44_DATA[31:0]$55 [15], Q = \data[4] [15]).
Adding EN signal on $memory\data[4]$605 ($dff) from module icache_dm (D = $0$memwr$\data$icache_dm.v:30$44_DATA[31:0]$55 [16], Q = \data[4] [16]).
Adding EN signal on $memory\data[4]$605 ($dff) from module icache_dm (D = $0$memwr$\data$icache_dm.v:30$44_DATA[31:0]$55 [17], Q = \data[4] [17]).
Adding EN signal on $memory\data[4]$605 ($dff) from module icache_dm (D = $0$memwr$\data$icache_dm.v:30$44_DATA[31:0]$55 [18], Q = \data[4] [18]).
Adding EN signal on $memory\data[4]$605 ($dff) from module icache_dm (D = $0$memwr$\data$icache_dm.v:30$44_DATA[31:0]$55 [19], Q = \data[4] [19]).
Adding EN signal on $memory\data[4]$605 ($dff) from module icache_dm (D = $0$memwr$\data$icache_dm.v:30$44_DATA[31:0]$55 [20], Q = \data[4] [20]).
Adding EN signal on $memory\data[4]$605 ($dff) from module icache_dm (D = $0$memwr$\data$icache_dm.v:30$44_DATA[31:0]$55 [21], Q = \data[4] [21]).
Adding EN signal on $memory\data[4]$605 ($dff) from module icache_dm (D = $0$memwr$\data$icache_dm.v:30$44_DATA[31:0]$55 [22], Q = \data[4] [22]).
Adding EN signal on $memory\data[4]$605 ($dff) from module icache_dm (D = $0$memwr$\data$icache_dm.v:30$44_DATA[31:0]$55 [23], Q = \data[4] [23]).
Adding EN signal on $memory\data[4]$605 ($dff) from module icache_dm (D = $0$memwr$\data$icache_dm.v:30$44_DATA[31:0]$55 [24], Q = \data[4] [24]).
Adding EN signal on $memory\data[4]$605 ($dff) from module icache_dm (D = $0$memwr$\data$icache_dm.v:30$44_DATA[31:0]$55 [25], Q = \data[4] [25]).
Adding EN signal on $memory\data[4]$605 ($dff) from module icache_dm (D = $0$memwr$\data$icache_dm.v:30$44_DATA[31:0]$55 [26], Q = \data[4] [26]).
Adding EN signal on $memory\data[4]$605 ($dff) from module icache_dm (D = $0$memwr$\data$icache_dm.v:30$44_DATA[31:0]$55 [27], Q = \data[4] [27]).
Adding EN signal on $memory\data[4]$605 ($dff) from module icache_dm (D = $0$memwr$\data$icache_dm.v:30$44_DATA[31:0]$55 [28], Q = \data[4] [28]).
Adding EN signal on $memory\data[4]$605 ($dff) from module icache_dm (D = $0$memwr$\data$icache_dm.v:30$44_DATA[31:0]$55 [29], Q = \data[4] [29]).
Adding EN signal on $memory\data[4]$605 ($dff) from module icache_dm (D = $0$memwr$\data$icache_dm.v:30$44_DATA[31:0]$55 [30], Q = \data[4] [30]).
Adding EN signal on $memory\data[4]$605 ($dff) from module icache_dm (D = $0$memwr$\data$icache_dm.v:30$44_DATA[31:0]$55 [31], Q = \data[4] [31]).
Adding EN signal on $memory\data[5]$607 ($dff) from module icache_dm (D = $0$memwr$\data$icache_dm.v:30$44_DATA[31:0]$55 [0], Q = \data[5] [0]).
Adding EN signal on $memory\data[5]$607 ($dff) from module icache_dm (D = $0$memwr$\data$icache_dm.v:30$44_DATA[31:0]$55 [1], Q = \data[5] [1]).
Adding EN signal on $memory\data[5]$607 ($dff) from module icache_dm (D = $0$memwr$\data$icache_dm.v:30$44_DATA[31:0]$55 [2], Q = \data[5] [2]).
Adding EN signal on $memory\data[5]$607 ($dff) from module icache_dm (D = $0$memwr$\data$icache_dm.v:30$44_DATA[31:0]$55 [3], Q = \data[5] [3]).
Adding EN signal on $memory\data[5]$607 ($dff) from module icache_dm (D = $0$memwr$\data$icache_dm.v:30$44_DATA[31:0]$55 [4], Q = \data[5] [4]).
Adding EN signal on $memory\data[5]$607 ($dff) from module icache_dm (D = $0$memwr$\data$icache_dm.v:30$44_DATA[31:0]$55 [5], Q = \data[5] [5]).
Adding EN signal on $memory\data[5]$607 ($dff) from module icache_dm (D = $0$memwr$\data$icache_dm.v:30$44_DATA[31:0]$55 [6], Q = \data[5] [6]).
Adding EN signal on $memory\data[5]$607 ($dff) from module icache_dm (D = $0$memwr$\data$icache_dm.v:30$44_DATA[31:0]$55 [7], Q = \data[5] [7]).
Adding EN signal on $memory\data[5]$607 ($dff) from module icache_dm (D = $0$memwr$\data$icache_dm.v:30$44_DATA[31:0]$55 [8], Q = \data[5] [8]).
Adding EN signal on $memory\data[5]$607 ($dff) from module icache_dm (D = $0$memwr$\data$icache_dm.v:30$44_DATA[31:0]$55 [9], Q = \data[5] [9]).
Adding EN signal on $memory\data[5]$607 ($dff) from module icache_dm (D = $0$memwr$\data$icache_dm.v:30$44_DATA[31:0]$55 [10], Q = \data[5] [10]).
Adding EN signal on $memory\data[5]$607 ($dff) from module icache_dm (D = $0$memwr$\data$icache_dm.v:30$44_DATA[31:0]$55 [11], Q = \data[5] [11]).
Adding EN signal on $memory\data[5]$607 ($dff) from module icache_dm (D = $0$memwr$\data$icache_dm.v:30$44_DATA[31:0]$55 [12], Q = \data[5] [12]).
Adding EN signal on $memory\data[5]$607 ($dff) from module icache_dm (D = $0$memwr$\data$icache_dm.v:30$44_DATA[31:0]$55 [13], Q = \data[5] [13]).
Adding EN signal on $memory\data[5]$607 ($dff) from module icache_dm (D = $0$memwr$\data$icache_dm.v:30$44_DATA[31:0]$55 [14], Q = \data[5] [14]).
Adding EN signal on $memory\data[5]$607 ($dff) from module icache_dm (D = $0$memwr$\data$icache_dm.v:30$44_DATA[31:0]$55 [15], Q = \data[5] [15]).
Adding EN signal on $memory\data[5]$607 ($dff) from module icache_dm (D = $0$memwr$\data$icache_dm.v:30$44_DATA[31:0]$55 [16], Q = \data[5] [16]).
Adding EN signal on $memory\data[5]$607 ($dff) from module icache_dm (D = $0$memwr$\data$icache_dm.v:30$44_DATA[31:0]$55 [17], Q = \data[5] [17]).
Adding EN signal on $memory\data[5]$607 ($dff) from module icache_dm (D = $0$memwr$\data$icache_dm.v:30$44_DATA[31:0]$55 [18], Q = \data[5] [18]).
Adding EN signal on $memory\data[5]$607 ($dff) from module icache_dm (D = $0$memwr$\data$icache_dm.v:30$44_DATA[31:0]$55 [19], Q = \data[5] [19]).
Adding EN signal on $memory\data[5]$607 ($dff) from module icache_dm (D = $0$memwr$\data$icache_dm.v:30$44_DATA[31:0]$55 [20], Q = \data[5] [20]).
Adding EN signal on $memory\data[5]$607 ($dff) from module icache_dm (D = $0$memwr$\data$icache_dm.v:30$44_DATA[31:0]$55 [21], Q = \data[5] [21]).
Adding EN signal on $memory\data[5]$607 ($dff) from module icache_dm (D = $0$memwr$\data$icache_dm.v:30$44_DATA[31:0]$55 [22], Q = \data[5] [22]).
Adding EN signal on $memory\data[5]$607 ($dff) from module icache_dm (D = $0$memwr$\data$icache_dm.v:30$44_DATA[31:0]$55 [23], Q = \data[5] [23]).
Adding EN signal on $memory\data[5]$607 ($dff) from module icache_dm (D = $0$memwr$\data$icache_dm.v:30$44_DATA[31:0]$55 [24], Q = \data[5] [24]).
Adding EN signal on $memory\data[5]$607 ($dff) from module icache_dm (D = $0$memwr$\data$icache_dm.v:30$44_DATA[31:0]$55 [25], Q = \data[5] [25]).
Adding EN signal on $memory\data[5]$607 ($dff) from module icache_dm (D = $0$memwr$\data$icache_dm.v:30$44_DATA[31:0]$55 [26], Q = \data[5] [26]).
Adding EN signal on $memory\data[5]$607 ($dff) from module icache_dm (D = $0$memwr$\data$icache_dm.v:30$44_DATA[31:0]$55 [27], Q = \data[5] [27]).
Adding EN signal on $memory\data[5]$607 ($dff) from module icache_dm (D = $0$memwr$\data$icache_dm.v:30$44_DATA[31:0]$55 [28], Q = \data[5] [28]).
Adding EN signal on $memory\data[5]$607 ($dff) from module icache_dm (D = $0$memwr$\data$icache_dm.v:30$44_DATA[31:0]$55 [29], Q = \data[5] [29]).
Adding EN signal on $memory\data[5]$607 ($dff) from module icache_dm (D = $0$memwr$\data$icache_dm.v:30$44_DATA[31:0]$55 [30], Q = \data[5] [30]).
Adding EN signal on $memory\data[5]$607 ($dff) from module icache_dm (D = $0$memwr$\data$icache_dm.v:30$44_DATA[31:0]$55 [31], Q = \data[5] [31]).
Adding EN signal on $memory\data[6]$609 ($dff) from module icache_dm (D = $0$memwr$\data$icache_dm.v:30$44_DATA[31:0]$55 [0], Q = \data[6] [0]).
Adding EN signal on $memory\data[6]$609 ($dff) from module icache_dm (D = $0$memwr$\data$icache_dm.v:30$44_DATA[31:0]$55 [1], Q = \data[6] [1]).
Adding EN signal on $memory\data[6]$609 ($dff) from module icache_dm (D = $0$memwr$\data$icache_dm.v:30$44_DATA[31:0]$55 [2], Q = \data[6] [2]).
Adding EN signal on $memory\data[6]$609 ($dff) from module icache_dm (D = $0$memwr$\data$icache_dm.v:30$44_DATA[31:0]$55 [3], Q = \data[6] [3]).
Adding EN signal on $memory\data[6]$609 ($dff) from module icache_dm (D = $0$memwr$\data$icache_dm.v:30$44_DATA[31:0]$55 [4], Q = \data[6] [4]).
Adding EN signal on $memory\data[6]$609 ($dff) from module icache_dm (D = $0$memwr$\data$icache_dm.v:30$44_DATA[31:0]$55 [5], Q = \data[6] [5]).
Adding EN signal on $memory\data[6]$609 ($dff) from module icache_dm (D = $0$memwr$\data$icache_dm.v:30$44_DATA[31:0]$55 [6], Q = \data[6] [6]).
Adding EN signal on $memory\data[6]$609 ($dff) from module icache_dm (D = $0$memwr$\data$icache_dm.v:30$44_DATA[31:0]$55 [7], Q = \data[6] [7]).
Adding EN signal on $memory\data[6]$609 ($dff) from module icache_dm (D = $0$memwr$\data$icache_dm.v:30$44_DATA[31:0]$55 [8], Q = \data[6] [8]).
Adding EN signal on $memory\data[6]$609 ($dff) from module icache_dm (D = $0$memwr$\data$icache_dm.v:30$44_DATA[31:0]$55 [9], Q = \data[6] [9]).
Adding EN signal on $memory\data[6]$609 ($dff) from module icache_dm (D = $0$memwr$\data$icache_dm.v:30$44_DATA[31:0]$55 [10], Q = \data[6] [10]).
Adding EN signal on $memory\data[6]$609 ($dff) from module icache_dm (D = $0$memwr$\data$icache_dm.v:30$44_DATA[31:0]$55 [11], Q = \data[6] [11]).
Adding EN signal on $memory\data[6]$609 ($dff) from module icache_dm (D = $0$memwr$\data$icache_dm.v:30$44_DATA[31:0]$55 [12], Q = \data[6] [12]).
Adding EN signal on $memory\data[6]$609 ($dff) from module icache_dm (D = $0$memwr$\data$icache_dm.v:30$44_DATA[31:0]$55 [13], Q = \data[6] [13]).
Adding EN signal on $memory\data[6]$609 ($dff) from module icache_dm (D = $0$memwr$\data$icache_dm.v:30$44_DATA[31:0]$55 [14], Q = \data[6] [14]).
Adding EN signal on $memory\data[6]$609 ($dff) from module icache_dm (D = $0$memwr$\data$icache_dm.v:30$44_DATA[31:0]$55 [15], Q = \data[6] [15]).
Adding EN signal on $memory\data[6]$609 ($dff) from module icache_dm (D = $0$memwr$\data$icache_dm.v:30$44_DATA[31:0]$55 [16], Q = \data[6] [16]).
Adding EN signal on $memory\data[6]$609 ($dff) from module icache_dm (D = $0$memwr$\data$icache_dm.v:30$44_DATA[31:0]$55 [17], Q = \data[6] [17]).
Adding EN signal on $memory\data[6]$609 ($dff) from module icache_dm (D = $0$memwr$\data$icache_dm.v:30$44_DATA[31:0]$55 [18], Q = \data[6] [18]).
Adding EN signal on $memory\data[6]$609 ($dff) from module icache_dm (D = $0$memwr$\data$icache_dm.v:30$44_DATA[31:0]$55 [19], Q = \data[6] [19]).
Adding EN signal on $memory\data[6]$609 ($dff) from module icache_dm (D = $0$memwr$\data$icache_dm.v:30$44_DATA[31:0]$55 [20], Q = \data[6] [20]).
Adding EN signal on $memory\data[6]$609 ($dff) from module icache_dm (D = $0$memwr$\data$icache_dm.v:30$44_DATA[31:0]$55 [21], Q = \data[6] [21]).
Adding EN signal on $memory\data[6]$609 ($dff) from module icache_dm (D = $0$memwr$\data$icache_dm.v:30$44_DATA[31:0]$55 [22], Q = \data[6] [22]).
Adding EN signal on $memory\data[6]$609 ($dff) from module icache_dm (D = $0$memwr$\data$icache_dm.v:30$44_DATA[31:0]$55 [23], Q = \data[6] [23]).
Adding EN signal on $memory\data[6]$609 ($dff) from module icache_dm (D = $0$memwr$\data$icache_dm.v:30$44_DATA[31:0]$55 [24], Q = \data[6] [24]).
Adding EN signal on $memory\data[6]$609 ($dff) from module icache_dm (D = $0$memwr$\data$icache_dm.v:30$44_DATA[31:0]$55 [25], Q = \data[6] [25]).
Adding EN signal on $memory\data[6]$609 ($dff) from module icache_dm (D = $0$memwr$\data$icache_dm.v:30$44_DATA[31:0]$55 [26], Q = \data[6] [26]).
Adding EN signal on $memory\data[6]$609 ($dff) from module icache_dm (D = $0$memwr$\data$icache_dm.v:30$44_DATA[31:0]$55 [27], Q = \data[6] [27]).
Adding EN signal on $memory\data[6]$609 ($dff) from module icache_dm (D = $0$memwr$\data$icache_dm.v:30$44_DATA[31:0]$55 [28], Q = \data[6] [28]).
Adding EN signal on $memory\data[6]$609 ($dff) from module icache_dm (D = $0$memwr$\data$icache_dm.v:30$44_DATA[31:0]$55 [29], Q = \data[6] [29]).
Adding EN signal on $memory\data[6]$609 ($dff) from module icache_dm (D = $0$memwr$\data$icache_dm.v:30$44_DATA[31:0]$55 [30], Q = \data[6] [30]).
Adding EN signal on $memory\data[6]$609 ($dff) from module icache_dm (D = $0$memwr$\data$icache_dm.v:30$44_DATA[31:0]$55 [31], Q = \data[6] [31]).
Adding EN signal on $memory\data[7]$611 ($dff) from module icache_dm (D = $0$memwr$\data$icache_dm.v:30$44_DATA[31:0]$55 [0], Q = \data[7] [0]).
Adding EN signal on $memory\data[7]$611 ($dff) from module icache_dm (D = $0$memwr$\data$icache_dm.v:30$44_DATA[31:0]$55 [1], Q = \data[7] [1]).
Adding EN signal on $memory\data[7]$611 ($dff) from module icache_dm (D = $0$memwr$\data$icache_dm.v:30$44_DATA[31:0]$55 [2], Q = \data[7] [2]).
Adding EN signal on $memory\data[7]$611 ($dff) from module icache_dm (D = $0$memwr$\data$icache_dm.v:30$44_DATA[31:0]$55 [3], Q = \data[7] [3]).
Adding EN signal on $memory\data[7]$611 ($dff) from module icache_dm (D = $0$memwr$\data$icache_dm.v:30$44_DATA[31:0]$55 [4], Q = \data[7] [4]).
Adding EN signal on $memory\data[7]$611 ($dff) from module icache_dm (D = $0$memwr$\data$icache_dm.v:30$44_DATA[31:0]$55 [5], Q = \data[7] [5]).
Adding EN signal on $memory\data[7]$611 ($dff) from module icache_dm (D = $0$memwr$\data$icache_dm.v:30$44_DATA[31:0]$55 [6], Q = \data[7] [6]).
Adding EN signal on $memory\data[7]$611 ($dff) from module icache_dm (D = $0$memwr$\data$icache_dm.v:30$44_DATA[31:0]$55 [7], Q = \data[7] [7]).
Adding EN signal on $memory\data[7]$611 ($dff) from module icache_dm (D = $0$memwr$\data$icache_dm.v:30$44_DATA[31:0]$55 [8], Q = \data[7] [8]).
Adding EN signal on $memory\data[7]$611 ($dff) from module icache_dm (D = $0$memwr$\data$icache_dm.v:30$44_DATA[31:0]$55 [9], Q = \data[7] [9]).
Adding EN signal on $memory\data[7]$611 ($dff) from module icache_dm (D = $0$memwr$\data$icache_dm.v:30$44_DATA[31:0]$55 [10], Q = \data[7] [10]).
Adding EN signal on $memory\data[7]$611 ($dff) from module icache_dm (D = $0$memwr$\data$icache_dm.v:30$44_DATA[31:0]$55 [11], Q = \data[7] [11]).
Adding EN signal on $memory\data[7]$611 ($dff) from module icache_dm (D = $0$memwr$\data$icache_dm.v:30$44_DATA[31:0]$55 [12], Q = \data[7] [12]).
Adding EN signal on $memory\data[7]$611 ($dff) from module icache_dm (D = $0$memwr$\data$icache_dm.v:30$44_DATA[31:0]$55 [13], Q = \data[7] [13]).
Adding EN signal on $memory\data[7]$611 ($dff) from module icache_dm (D = $0$memwr$\data$icache_dm.v:30$44_DATA[31:0]$55 [14], Q = \data[7] [14]).
Adding EN signal on $memory\data[7]$611 ($dff) from module icache_dm (D = $0$memwr$\data$icache_dm.v:30$44_DATA[31:0]$55 [15], Q = \data[7] [15]).
Adding EN signal on $memory\data[7]$611 ($dff) from module icache_dm (D = $0$memwr$\data$icache_dm.v:30$44_DATA[31:0]$55 [16], Q = \data[7] [16]).
Adding EN signal on $memory\data[7]$611 ($dff) from module icache_dm (D = $0$memwr$\data$icache_dm.v:30$44_DATA[31:0]$55 [17], Q = \data[7] [17]).
Adding EN signal on $memory\data[7]$611 ($dff) from module icache_dm (D = $0$memwr$\data$icache_dm.v:30$44_DATA[31:0]$55 [18], Q = \data[7] [18]).
Adding EN signal on $memory\data[7]$611 ($dff) from module icache_dm (D = $0$memwr$\data$icache_dm.v:30$44_DATA[31:0]$55 [19], Q = \data[7] [19]).
Adding EN signal on $memory\data[7]$611 ($dff) from module icache_dm (D = $0$memwr$\data$icache_dm.v:30$44_DATA[31:0]$55 [20], Q = \data[7] [20]).
Adding EN signal on $memory\data[7]$611 ($dff) from module icache_dm (D = $0$memwr$\data$icache_dm.v:30$44_DATA[31:0]$55 [21], Q = \data[7] [21]).
Adding EN signal on $memory\data[7]$611 ($dff) from module icache_dm (D = $0$memwr$\data$icache_dm.v:30$44_DATA[31:0]$55 [22], Q = \data[7] [22]).
Adding EN signal on $memory\data[7]$611 ($dff) from module icache_dm (D = $0$memwr$\data$icache_dm.v:30$44_DATA[31:0]$55 [23], Q = \data[7] [23]).
Adding EN signal on $memory\data[7]$611 ($dff) from module icache_dm (D = $0$memwr$\data$icache_dm.v:30$44_DATA[31:0]$55 [24], Q = \data[7] [24]).
Adding EN signal on $memory\data[7]$611 ($dff) from module icache_dm (D = $0$memwr$\data$icache_dm.v:30$44_DATA[31:0]$55 [25], Q = \data[7] [25]).
Adding EN signal on $memory\data[7]$611 ($dff) from module icache_dm (D = $0$memwr$\data$icache_dm.v:30$44_DATA[31:0]$55 [26], Q = \data[7] [26]).
Adding EN signal on $memory\data[7]$611 ($dff) from module icache_dm (D = $0$memwr$\data$icache_dm.v:30$44_DATA[31:0]$55 [27], Q = \data[7] [27]).
Adding EN signal on $memory\data[7]$611 ($dff) from module icache_dm (D = $0$memwr$\data$icache_dm.v:30$44_DATA[31:0]$55 [28], Q = \data[7] [28]).
Adding EN signal on $memory\data[7]$611 ($dff) from module icache_dm (D = $0$memwr$\data$icache_dm.v:30$44_DATA[31:0]$55 [29], Q = \data[7] [29]).
Adding EN signal on $memory\data[7]$611 ($dff) from module icache_dm (D = $0$memwr$\data$icache_dm.v:30$44_DATA[31:0]$55 [30], Q = \data[7] [30]).
Adding EN signal on $memory\data[7]$611 ($dff) from module icache_dm (D = $0$memwr$\data$icache_dm.v:30$44_DATA[31:0]$55 [31], Q = \data[7] [31]).

7.9. Executing OPT_CLEAN pass (remove unused cells and wires).
Finding unused cells or wires in module \icache_dm..
Removed 344 unused cells and 344 unused wires.
<suppressed ~345 debug messages>

7.10. Rerunning OPT passes. (Removed registers in this run.)

7.11. Executing OPT_EXPR pass (perform const folding).
Optimizing module icache_dm.

7.12. Executing OPT_MERGE pass (detect identical cells).
Finding identical cells in module `\icache_dm'.
Computing hashes of 745 cells of `\icache_dm'.
Finding duplicate cells in `\icache_dm'.
Removed a total of 0 cells.

7.13. Executing OPT_DFF pass (perform DFF optimizations).

7.14. Executing OPT_CLEAN pass (remove unused cells and wires).
Finding unused cells or wires in module \icache_dm..

7.15. Finished fast OPT passes.

8. Executing TECHMAP pass (map to technology primitives).

8.1. Executing Verilog-2005 frontend: /home/moein/oss-cad-suite/lib/../share/yosys/techmap.v
Parsing Verilog input from `/home/moein/oss-cad-suite/lib/../share/yosys/techmap.v' to AST representation.
Generating RTLIL representation for module `\_90_simplemap_bool_ops'.
Generating RTLIL representation for module `\_90_simplemap_reduce_ops'.
Generating RTLIL representation for module `\_90_simplemap_logic_ops'.
Generating RTLIL representation for module `\_90_simplemap_compare_ops'.
Generating RTLIL representation for module `\_90_simplemap_various'.
Generating RTLIL representation for module `\_90_simplemap_registers'.
Generating RTLIL representation for module `\_90_shift_ops_shr_shl_sshl_sshr'.
Generating RTLIL representation for module `\_90_shift_shiftx'.
Generating RTLIL representation for module `\_90_fa'.
Generating RTLIL representation for module `\_90_lcu_brent_kung'.
Generating RTLIL representation for module `\_90_alu'.
Generating RTLIL representation for module `\_90_macc'.
Generating RTLIL representation for module `\_90_alumacc'.
Generating RTLIL representation for module `$__div_mod_u'.
Generating RTLIL representation for module `$__div_mod_trunc'.
Generating RTLIL representation for module `\_90_div'.
Generating RTLIL representation for module `\_90_mod'.
Generating RTLIL representation for module `$__div_mod_floor'.
Generating RTLIL representation for module `\_90_divfloor'.
Generating RTLIL representation for module `\_90_modfloor'.
Generating RTLIL representation for module `\_90_pow'.
Generating RTLIL representation for module `\_90_demux'.
Generating RTLIL representation for module `\_90_lut'.
Generating RTLIL representation for module `$connect'.
Generating RTLIL representation for module `$input_port'.
Successfully finished Verilog frontend.

8.2. Continuing TECHMAP pass.
Using extmapper simplemap for cells of type $dffe.
Using extmapper simplemap for cells of type $reduce_bool.
Using extmapper simplemap for cells of type $sdffe.
Using extmapper simplemap for cells of type $and.
Using extmapper simplemap for cells of type $not.
Using template $paramod$constmap:8876c1e1fa289f4793438d4e34d232728e6a9746$paramod$92adee9538f2381d8e5006822c900eb986d754e8\_90_shift_shiftx for cells of type $shiftx.
Using extmapper simplemap for cells of type $eq.
Using extmapper simplemap for cells of type $or.
Running "alumacc" on wrapper $extern:wrap:$neg:Y_WIDTH=4:A_WIDTH=4:A_SIGNED=1:394426c56d1a028ba8fdd5469b163e04011def47.
Using template $extern:wrap:$neg:Y_WIDTH=4:A_WIDTH=4:A_SIGNED=1:394426c56d1a028ba8fdd5469b163e04011def47 for cells of type $extern:wrap:$neg:Y_WIDTH=4:A_WIDTH=4:A_SIGNED=1:394426c56d1a028ba8fdd5469b163e04011def47.
Using template $paramod$constmap:aaa79bdfe7451deca7ae697c0784fd1c184bd8f2$paramod$40ccfd5a7f1418017a9af25543d0c43a198b5946\_90_shift_shiftx for cells of type $shift.
Using extmapper simplemap for cells of type $mux.
Using template $paramod$6b90a16b6f3b57b9c9d958838204f952a01dc262\_90_alu for cells of type $alu.
Using extmapper simplemap for cells of type $pos.
Using template $paramod\_90_fa\WIDTH=32'00000000000000000000000000000100 for cells of type $fa.
Using template $paramod\_90_lcu_brent_kung\WIDTH=32'00000000000000000000000000000100 for cells of type $lcu.
Using extmapper simplemap for cells of type $xor.
No more expansions possible.
<suppressed ~1345 debug messages>

9. Executing OPT pass (performing simple optimizations).

9.1. Executing OPT_EXPR pass (perform const folding).
Optimizing module icache_dm.
<suppressed ~128 debug messages>

9.2. Executing OPT_MERGE pass (detect identical cells).
Finding identical cells in module `\icache_dm'.
Computing hashes of 1351 cells of `\icache_dm'.
Finding duplicate cells in `\icache_dm'.
Computing hashes of 1308 cells of `\icache_dm'.
Finding duplicate cells in `\icache_dm'.
Computing hashes of 1266 cells of `\icache_dm'.
Finding duplicate cells in `\icache_dm'.
Computing hashes of 930 cells of `\icache_dm'.
Finding duplicate cells in `\icache_dm'.
<suppressed ~1263 debug messages>
Removed a total of 421 cells.

9.3. Executing OPT_DFF pass (perform DFF optimizations).

9.4. Executing OPT_CLEAN pass (remove unused cells and wires).
Finding unused cells or wires in module \icache_dm..
Removed 18 unused cells and 406 unused wires.
<suppressed ~19 debug messages>

9.5. Finished fast OPT passes.

10. Executing DFFLIBMAP pass (mapping DFF cells to sequential cells from liberty file).
  cell sky130_fd_sc_hd__dfxtp_1 (noninv, pins=3, area=20.02) is a direct match for cell type $_DFF_P_.
  cell sky130_fd_sc_hd__dfrtn_1 (noninv, pins=4, area=25.02) is a direct match for cell type $_DFF_NN0_.
  cell sky130_fd_sc_hd__dfrtp_1 (noninv, pins=4, area=25.02) is a direct match for cell type $_DFF_PN0_.
  cell sky130_fd_sc_hd__dfstp_2 (noninv, pins=4, area=26.28) is a direct match for cell type $_DFF_PN1_.
  cell sky130_fd_sc_hd__edfxtp_1 (noninv, pins=4, area=30.03) is a direct match for cell type $_DFFE_PP_.
  cell sky130_fd_sc_hd__dfbbn_1 (noninv, pins=6, area=32.53) is a direct match for cell type $_DFFSR_NNN_.
  cell sky130_fd_sc_hd__dfbbp_1 (noninv, pins=6, area=32.53) is a direct match for cell type $_DFFSR_PNN_.
  final dff cell mappings:
    unmapped dff cell: $_DFF_N_
    \sky130_fd_sc_hd__dfxtp_1 _DFF_P_ (.CLK( C), .D( D), .Q( Q));
    \sky130_fd_sc_hd__dfrtn_1 _DFF_NN0_ (.CLK_N( C), .D( D), .Q( Q), .RESET_B( R));
    unmapped dff cell: $_DFF_NN1_
    unmapped dff cell: $_DFF_NP0_
    unmapped dff cell: $_DFF_NP1_
    \sky130_fd_sc_hd__dfrtp_1 _DFF_PN0_ (.CLK( C), .D( D), .Q( Q), .RESET_B( R));
    \sky130_fd_sc_hd__dfstp_2 _DFF_PN1_ (.CLK( C), .D( D), .Q( Q), .SET_B( R));
    unmapped dff cell: $_DFF_PP0_
    unmapped dff cell: $_DFF_PP1_
    unmapped dff cell: $_DFFE_NN_
    unmapped dff cell: $_DFFE_NP_
    unmapped dff cell: $_DFFE_PN_
    \sky130_fd_sc_hd__edfxtp_1 _DFFE_PP_ (.CLK( C), .D( D), .DE( E), .Q( Q));
    \sky130_fd_sc_hd__dfbbn_1 _DFFSR_NNN_ (.CLK_N( C), .D( D), .Q( Q), .Q_N(~Q), .RESET_B( R), .SET_B( S));
    unmapped dff cell: $_DFFSR_NNP_
    unmapped dff cell: $_DFFSR_NPN_
    unmapped dff cell: $_DFFSR_NPP_
    \sky130_fd_sc_hd__dfbbp_1 _DFFSR_PNN_ (.CLK( C), .D( D), .Q( Q), .Q_N(~Q), .RESET_B( R), .SET_B( S));
    unmapped dff cell: $_DFFSR_PNP_
    unmapped dff cell: $_DFFSR_PPN_
    unmapped dff cell: $_DFFSR_PPP_

10.1. Executing DFFLEGALIZE pass (convert FFs to types supported by the target).
<suppressed ~24 debug messages>
Mapping DFF cells in module `\icache_dm':
  mapped 344 $_DFFE_PP_ cells to \sky130_fd_sc_hd__edfxtp_1 cells.
  mapped 8 $_DFF_P_ cells to \sky130_fd_sc_hd__dfxtp_1 cells.

11. Executing ABC pass (technology mapping using ABC).

11.1. Extracting gate netlist of module `\icache_dm' to `<abc-temp-dir>/input.blif'..
ABC: using cached merged SCL: /tmp/yosys-liberty-scl-cache/yosys_merged_26d78acf.scl (1 files)
Replacing 155 occurrences of constant undef bits with constant zero bits

11.1.1. Executed ABC.
Extracted 576 gates and 993 wires to a netlist network with 415 inputs and 92 outputs.
Running ABC script: <abc-temp-dir>/abc.script
ABC: UC Berkeley, ABC 1.01 (compiled Jul 16 2026 03:52:11)
ABC: abc 01> empty
ABC: abc 01> source <abc-temp-dir>/abc.script
ABC: + read_blif <abc-temp-dir>/input.blif 
ABC: + read_scl /tmp/yosys-liberty-scl-cache/yosys_merged_26d78acf.scl 
ABC: Warning: Detected 9 multi-output cells (for example, "sky130_fd_sc_hd__fa_1").
ABC: + strash 
ABC: + &get -n 
ABC: + &fraig -x 
ABC: + &put 
ABC: + scorr 
ABC: Warning: The network is combinational (run "fraig" or "fraig_sweep").
ABC: + dc2 
ABC: + dretime 
ABC: + strash 
ABC: + &get -n 
ABC: + &dch -f 
ABC: + &nf 
ABC: + &put 
ABC: + write_blif <abc-temp-dir>/output.blif 
ABC: 
ABC: YOSYS_ABC_DONE 

11.1.2. Re-integrating ABC results.
ABC RESULTS:   sky130_fd_sc_hd__a2111oi_0 cells:        1
ABC RESULTS:   sky130_fd_sc_hd__a211oi_1 cells:        1
ABC RESULTS:   sky130_fd_sc_hd__a21o_1 cells:        7
ABC RESULTS:   sky130_fd_sc_hd__a221oi_1 cells:        1
ABC RESULTS:   sky130_fd_sc_hd__a22o_1 cells:        1
ABC RESULTS:   sky130_fd_sc_hd__and3_1 cells:       43
ABC RESULTS:   sky130_fd_sc_hd__and4_1 cells:        1
ABC RESULTS:   sky130_fd_sc_hd__mux2_1 cells:       33
ABC RESULTS:   sky130_fd_sc_hd__mux2i_1 cells:       11
ABC RESULTS:   sky130_fd_sc_hd__mux4_2 cells:       88
ABC RESULTS:   sky130_fd_sc_hd__nand2_1 cells:        2
ABC RESULTS:   sky130_fd_sc_hd__nand3_1 cells:        1
ABC RESULTS:   sky130_fd_sc_hd__nor2_1 cells:        3
ABC RESULTS:   sky130_fd_sc_hd__nor3_1 cells:        2
ABC RESULTS:   sky130_fd_sc_hd__nor3b_1 cells:        2
ABC RESULTS:   sky130_fd_sc_hd__nor4_1 cells:        2
ABC RESULTS:   sky130_fd_sc_hd__nor4b_1 cells:        2
ABC RESULTS:   sky130_fd_sc_hd__o21a_1 cells:        1
ABC RESULTS:   sky130_fd_sc_hd__o21ai_0 cells:        1
ABC RESULTS:   sky130_fd_sc_hd__o22ai_1 cells:        2
ABC RESULTS:   sky130_fd_sc_hd__o2bb2ai_1 cells:        2
ABC RESULTS:   sky130_fd_sc_hd__xnor2_1 cells:        3
ABC RESULTS:        internal signals:      486
ABC RESULTS:           input signals:      415
ABC RESULTS:          output signals:       92
Removing temp directory.
Removing global temp directory.

12. Executing OPT_CLEAN pass (remove unused cells and wires).
Finding unused cells or wires in module \icache_dm..
Removed 0 unused cells and 577 unused wires.
<suppressed ~4 debug messages>

13. Printing statistics.

=== icache_dm ===

        +----------Local Count, excluding submodules.
        |        +-Local Area, excluding submodules.
        |        | 
      162        - wires
      630        - wire bits
       26        - public wires
      453        - public wire bits
        9        - ports
      101        - port bits
      562 1.35E+04 cells
        1    8.758   sky130_fd_sc_hd__a2111oi_0
        1    7.507   sky130_fd_sc_hd__a211oi_1
        7    52.55   sky130_fd_sc_hd__a21o_1
        1    8.758   sky130_fd_sc_hd__a221oi_1
        1    8.758   sky130_fd_sc_hd__a22o_1
       43  269.008   sky130_fd_sc_hd__and3_1
        1    8.758   sky130_fd_sc_hd__and4_1
        8  160.154   sky130_fd_sc_hd__dfxtp_1
      344 1.03E+04   sky130_fd_sc_hd__edfxtp_1
       33  371.606   sky130_fd_sc_hd__mux2_1
       11  110.106   sky130_fd_sc_hd__mux2i_1
       88 1.98E+03   sky130_fd_sc_hd__mux4_2
        2    7.507   sky130_fd_sc_hd__nand2_1
        1    5.005   sky130_fd_sc_hd__nand3_1
        3   11.261   sky130_fd_sc_hd__nor2_1
        2    10.01   sky130_fd_sc_hd__nor3_1
        2   15.014   sky130_fd_sc_hd__nor3b_1
        2   12.512   sky130_fd_sc_hd__nor4_1
        2   17.517   sky130_fd_sc_hd__nor4b_1
        1    7.507   sky130_fd_sc_hd__o21a_1
        1    5.005   sky130_fd_sc_hd__o21ai_0
        2   12.512   sky130_fd_sc_hd__o22ai_1
        2   17.517   sky130_fd_sc_hd__o2bb2ai_1
        3   26.275   sky130_fd_sc_hd__xnor2_1

   Chip area for module '\icache_dm': 13465.414400
     of which used for sequential elements: 10490.060800 (77.90%)

End of script. Logfile hash: 3aacad9078, time: 0.27s, user: 0.16s, system: 0.01s, MEM: 46.25 MB peak
Yosys 0.67+40 (git sha1 45ea2b8d6-dirty, Release, Clang /usr/bin/clang++ 18.1.8)
Time spent: 42% 1x abc (0 sec), 16% 1x dfflibmap (0 sec), ...
