
 /----------------------------------------------------------------------------\
 |  yosys -- Yosys Open SYnthesis Suite                                       |
 |  Copyright (C) 2012 - 2026  Claire Xenia Wolf <claire@yosyshq.com>         |
 |  Distributed under an ISC-like license, type "license" to see terms        |
 \----------------------------------------------------------------------------/
 Yosys 0.67+40 (git sha1 45ea2b8d6-dirty, Release, Clang /usr/bin/clang++ 18.1.8)

-- Running command `read_verilog -sv *.v; hierarchy -top EXE_stage; flatten; proc; memory; opt -fast; techmap; opt -fast; dfflibmap -liberty /home/moein/.ciel/ciel/sky130/versions/8afc8346a57fe1ab7934ba5a6056ea8b43078e71/sky130A/libs.ref/sky130_fd_sc_hd/lib/sky130_fd_sc_hd__tt_025C_1v80.lib; abc -liberty /home/moein/.ciel/ciel/sky130/versions/8afc8346a57fe1ab7934ba5a6056ea8b43078e71/sky130A/libs.ref/sky130_fd_sc_hd/lib/sky130_fd_sc_hd__tt_025C_1v80.lib; opt_clean; stat -liberty /home/moein/.ciel/ciel/sky130/versions/8afc8346a57fe1ab7934ba5a6056ea8b43078e71/sky130A/libs.ref/sky130_fd_sc_hd/lib/sky130_fd_sc_hd__tt_025C_1v80.lib' --

1. Executing Verilog-2005 frontend: EXE_stage.v
Parsing SystemVerilog input from `EXE_stage.v' to AST representation.
Generating RTLIL representation for module `\EXE_stage'.
Successfully finished Verilog frontend.

2. Executing Verilog-2005 frontend: EXE_stage_reg.v
Parsing SystemVerilog input from `EXE_stage_reg.v' to AST representation.
Generating RTLIL representation for module `\EXE_stage_reg'.
Successfully finished Verilog frontend.

3. Executing Verilog-2005 frontend: ID_stage.v
Parsing SystemVerilog input from `ID_stage.v' to AST representation.
Generating RTLIL representation for module `\ID_stage'.
Successfully finished Verilog frontend.

4. Executing Verilog-2005 frontend: ID_stage_reg.v
Parsing SystemVerilog input from `ID_stage_reg.v' to AST representation.
Generating RTLIL representation for module `\ID_stage_reg'.
Successfully finished Verilog frontend.

5. Executing Verilog-2005 frontend: IF_stage.v
Parsing SystemVerilog input from `IF_stage.v' to AST representation.
Generating RTLIL representation for module `\IF_stage'.
Successfully finished Verilog frontend.

6. Executing Verilog-2005 frontend: IF_stage_reg.v
Parsing SystemVerilog input from `IF_stage_reg.v' to AST representation.
Generating RTLIL representation for module `\IF_stage_reg'.
Successfully finished Verilog frontend.

7. Executing Verilog-2005 frontend: MEM_stage.v
Parsing SystemVerilog input from `MEM_stage.v' to AST representation.
Generating RTLIL representation for module `\MEM_stage'.
Successfully finished Verilog frontend.

8. Executing Verilog-2005 frontend: MEM_stage_reg.v
Parsing SystemVerilog input from `MEM_stage_reg.v' to AST representation.
Generating RTLIL representation for module `\MEM_stage_reg'.
Successfully finished Verilog frontend.

9. Executing Verilog-2005 frontend: WB_stage.v
Parsing SystemVerilog input from `WB_stage.v' to AST representation.
Generating RTLIL representation for module `\WB_stage'.
Successfully finished Verilog frontend.

10. Executing Verilog-2005 frontend: alu.v
Parsing SystemVerilog input from `alu.v' to AST representation.
Generating RTLIL representation for module `\alu'.
alu.v:29: Warning: Range select out of bounds on signal `\alu_result': Setting result bit to undef.
alu.v:32: Warning: Range select out of bounds on signal `\alu_in_1': Setting result bit to undef.
alu.v:32: Warning: Range select out of bounds on signal `\alu_in_2': Setting result bit to undef.
alu.v:32: Warning: Range select out of bounds on signal `\alu_result': Setting result bit to undef.
alu.v:33: Warning: Range select out of bounds on signal `\alu_in_1': Setting result bit to undef.
alu.v:33: Warning: Range select out of bounds on signal `\alu_in_2': Setting result bit to undef.
alu.v:33: Warning: Range select out of bounds on signal `\alu_result': Setting result bit to undef.
alu.v:33: Warning: Range select out of bounds on signal `\alu_in_2': Setting result bit to undef.
Successfully finished Verilog frontend.

11. Executing Verilog-2005 frontend: arm16_top.v
Parsing SystemVerilog input from `arm16_top.v' to AST representation.
Generating RTLIL representation for module `\arm16_top'.
Successfully finished Verilog frontend.

12. Executing Verilog-2005 frontend: arm_processor.v
Parsing SystemVerilog input from `arm_processor.v' to AST representation.
Generating RTLIL representation for module `\arm_processor'.
Successfully finished Verilog frontend.

13. Executing Verilog-2005 frontend: condition_check.v
Parsing SystemVerilog input from `condition_check.v' to AST representation.
Generating RTLIL representation for module `\condition_check'.
Successfully finished Verilog frontend.

14. Executing Verilog-2005 frontend: control_unit.v
Parsing SystemVerilog input from `control_unit.v' to AST representation.
Generating RTLIL representation for module `\control_unit'.
Successfully finished Verilog frontend.

15. Executing Verilog-2005 frontend: forwarding_unit.v
Parsing SystemVerilog input from `forwarding_unit.v' to AST representation.
Generating RTLIL representation for module `\forwarding_unit'.
Successfully finished Verilog frontend.

16. Executing Verilog-2005 frontend: hazard_detection.v
Parsing SystemVerilog input from `hazard_detection.v' to AST representation.
Generating RTLIL representation for module `\hazard_detection'.
Successfully finished Verilog frontend.

17. Executing Verilog-2005 frontend: qspi_master.v
Parsing SystemVerilog input from `qspi_master.v' to AST representation.
Generating RTLIL representation for module `\qspi_master'.
Successfully finished Verilog frontend.

18. Executing Verilog-2005 frontend: register_file.v
Parsing SystemVerilog input from `register_file.v' to AST representation.
Generating RTLIL representation for module `\register_file'.
Successfully finished Verilog frontend.

19. Executing Verilog-2005 frontend: status_register.v
Parsing SystemVerilog input from `status_register.v' to AST representation.
Generating RTLIL representation for module `\status_register'.
Successfully finished Verilog frontend.

20. Executing Verilog-2005 frontend: val2_generator.v
Parsing SystemVerilog input from `val2_generator.v' to AST representation.
Generating RTLIL representation for module `\val2_generator'.
Successfully finished Verilog frontend.

21. Executing HIERARCHY pass (managing design hierarchy).

21.1. Analyzing design hierarchy..
Top module:  \EXE_stage
Used module:     \alu
Used module:     \val2_generator

21.2. Analyzing design hierarchy..
Top module:  \EXE_stage
Used module:     \alu
Used module:     \val2_generator
Removing unused module `\status_register'.
Removing unused module `\register_file'.
Removing unused module `\qspi_master'.
Removing unused module `\hazard_detection'.
Removing unused module `\forwarding_unit'.
Removing unused module `\control_unit'.
Removing unused module `\condition_check'.
Removing unused module `\arm_processor'.
Removing unused module `\arm16_top'.
Removing unused module `\WB_stage'.
Removing unused module `\MEM_stage_reg'.
Removing unused module `\MEM_stage'.
Removing unused module `\IF_stage_reg'.
Removing unused module `\IF_stage'.
Removing unused module `\ID_stage_reg'.
Removing unused module `\ID_stage'.
Removing unused module `\EXE_stage_reg'.
Removed 17 unused modules.

22. Executing FLATTEN pass (flatten design).
Deleting now unused module val2_generator.
Deleting now unused module alu.
<suppressed ~2 debug messages>

23. Executing PROC pass (convert processes to netlists).

23.1. Executing PROC_CLEAN pass (remove empty switches from decision trees).
Cleaned up 0 empty switches.

23.2. Executing PROC_RMDEAD pass (remove dead branches from decision trees).
Marked 1 switch rules as full_case in process $flatten\alu_unit.$proc$alu.v:37$49 in module EXE_stage.
Removed a total of 0 dead cases.

23.3. Executing PROC_PRUNE pass (remove redundant assignments in processes).
Removed 0 redundant assignments.
Promoted 2 assignments to connections.

23.4. Executing PROC_INIT pass (extract init attributes).

23.5. Executing PROC_ARST pass (detect async resets in processes).

23.6. Executing PROC_ROM pass (convert switches to ROMs).
Converted 0 switches.
<suppressed ~1 debug messages>

23.7. Executing PROC_MUX pass (convert decision trees to multiplexers).
Creating decoders for process `\EXE_stage.$flatten\alu_unit.$proc$alu.v:37$49'.
     1/2: $flatten\alu_unit.$1\sr_bit_C_out[0:0]
     2/2: $flatten\alu_unit.$1\alu_result[15:0]

23.8. Executing PROC_DLATCH pass (convert process syncs to latches).
No latch inferred for signal `\EXE_stage.\alu_unit.alu_result' from process `\EXE_stage.$flatten\alu_unit.$proc$alu.v:37$49'.
No latch inferred for signal `\EXE_stage.\alu_unit.sr_bit_C_out' from process `\EXE_stage.$flatten\alu_unit.$proc$alu.v:37$49'.

23.9. Executing PROC_DFF pass (convert process syncs to FFs).

23.10. Executing PROC_MEMWR pass (convert process memory writes to cells).

23.11. Executing PROC_CLEAN pass (remove empty switches from decision trees).
Found and cleaned up 1 empty switch in `\EXE_stage.$flatten\alu_unit.$proc$alu.v:37$49'.
Removing empty process `EXE_stage.$flatten\alu_unit.$proc$alu.v:37$49'.
Cleaned up 1 empty switch.

23.12. Executing OPT_EXPR pass (perform const folding).
Optimizing module EXE_stage.
<suppressed ~10 debug messages>

24. Executing MEMORY pass.

24.1. Executing OPT_MEM pass (optimize memories).
Performed a total of 0 transformations.

24.2. Executing OPT_MEM_PRIORITY pass (removing unnecessary memory write priority relations).
Performed a total of 0 transformations.

24.3. Executing OPT_MEM_FEEDBACK pass (finding memory read-to-write feedback paths).

24.4. Executing MEMORY_BMUX2ROM pass (converting muxes to ROMs).

24.5. Executing MEMORY_DFF pass (merging $dff cells to $memrd).

24.6. Executing OPT_CLEAN pass (remove unused cells and wires).
Finding unused cells or wires in module \EXE_stage..
Removed 1 unused cells and 28 unused wires.
<suppressed ~2 debug messages>

24.7. Executing MEMORY_SHARE pass (consolidating $memrd/$memwr cells).

24.8. Executing OPT_MEM_WIDEN pass (optimize memories where all ports are wide).
Performed a total of 0 transformations.

24.9. Executing OPT_CLEAN pass (remove unused cells and wires).
Finding unused cells or wires in module \EXE_stage..

24.10. Executing MEMORY_COLLECT pass (generating $mem cells).

24.11. Executing MEMORY_MAP pass (converting memories to logic and flip-flops).

25. Executing OPT pass (performing simple optimizations).

25.1. Executing OPT_EXPR pass (perform const folding).
Optimizing module EXE_stage.
<suppressed ~3 debug messages>

25.2. Executing OPT_MERGE pass (detect identical cells).
Finding identical cells in module `\EXE_stage'.
Computing hashes of 57 cells of `\EXE_stage'.
Finding duplicate cells in `\EXE_stage'.
Computing hashes of 51 cells of `\EXE_stage'.
Finding duplicate cells in `\EXE_stage'.
<suppressed ~18 debug messages>
Removed a total of 6 cells.

25.3. Executing OPT_DFF pass (perform DFF optimizations).

25.4. Executing OPT_CLEAN pass (remove unused cells and wires).
Finding unused cells or wires in module \EXE_stage..
Removed 0 unused cells and 8 unused wires.
<suppressed ~1 debug messages>

25.5. Finished fast OPT passes.

26. Executing TECHMAP pass (map to technology primitives).

26.1. Executing Verilog-2005 frontend: /home/moein/oss-cad-suite/lib/../share/yosys/techmap.v
Parsing Verilog input from `/home/moein/oss-cad-suite/lib/../share/yosys/techmap.v' to AST representation.
Generating RTLIL representation for module `\_90_simplemap_bool_ops'.
Generating RTLIL representation for module `\_90_simplemap_reduce_ops'.
Generating RTLIL representation for module `\_90_simplemap_logic_ops'.
Generating RTLIL representation for module `\_90_simplemap_compare_ops'.
Generating RTLIL representation for module `\_90_simplemap_various'.
Generating RTLIL representation for module `\_90_simplemap_registers'.
Generating RTLIL representation for module `\_90_shift_ops_shr_shl_sshl_sshr'.
Generating RTLIL representation for module `\_90_shift_shiftx'.
Generating RTLIL representation for module `\_90_fa'.
Generating RTLIL representation for module `\_90_lcu_brent_kung'.
Generating RTLIL representation for module `\_90_alu'.
Generating RTLIL representation for module `\_90_macc'.
Generating RTLIL representation for module `\_90_alumacc'.
Generating RTLIL representation for module `$__div_mod_u'.
Generating RTLIL representation for module `$__div_mod_trunc'.
Generating RTLIL representation for module `\_90_div'.
Generating RTLIL representation for module `\_90_mod'.
Generating RTLIL representation for module `$__div_mod_floor'.
Generating RTLIL representation for module `\_90_divfloor'.
Generating RTLIL representation for module `\_90_modfloor'.
Generating RTLIL representation for module `\_90_pow'.
Generating RTLIL representation for module `\_90_demux'.
Generating RTLIL representation for module `\_90_lut'.
Generating RTLIL representation for module `$connect'.
Generating RTLIL representation for module `$input_port'.
Successfully finished Verilog frontend.

26.2. Continuing TECHMAP pass.
Using extmapper simplemap for cells of type $mux.
Running "alumacc" on wrapper $extern:wrap:$add:Y_WIDTH=16:B_WIDTH=16:A_WIDTH=16:B_SIGNED=0:A_SIGNED=0:394426c56d1a028ba8fdd5469b163e04011def47.
Using template $extern:wrap:$add:Y_WIDTH=16:B_WIDTH=16:A_WIDTH=16:B_SIGNED=0:A_SIGNED=0:394426c56d1a028ba8fdd5469b163e04011def47 for cells of type $extern:wrap:$add:Y_WIDTH=16:B_WIDTH=16:A_WIDTH=16:B_SIGNED=0:A_SIGNED=0:394426c56d1a028ba8fdd5469b163e04011def47.
Using extmapper simplemap for cells of type $or.
Using extmapper simplemap for cells of type $eq.
Using extmapper simplemap for cells of type $logic_not.
Using template $paramod$constmap:c3f9db2ed086131a46ea635902d682d06f2a96c0$paramod$d6ad34c3e8b1036f1e4815fdfe7d812ab0f136af\_90_shift_ops_shr_shl_sshl_sshr for cells of type $sshr.
Using template $paramod$constmap:c3f9db2ed086131a46ea635902d682d06f2a96c0$paramod$3ef32caf2922b2f1c8e1271c33e78159730c8c6f\_90_shift_ops_shr_shl_sshl_sshr for cells of type $shr.
Using template $paramod$constmap:c3f9db2ed086131a46ea635902d682d06f2a96c0$paramod$24443aa3c76155c04e2d2d0b848788bbfe512c1c\_90_shift_ops_shr_shl_sshl_sshr for cells of type $shl.
Using template $paramod$constmap:b99b71a8152548296f64625ef51c9db1259d7a7e$paramod$b90c873f4b2a8c83be0fb8bbb20e7b8807af7db0\_90_shift_ops_shr_shl_sshl_sshr for cells of type $shr.
Analyzing pattern of constant bits for this cell:
  Constant input on bit 0 of port B: 1'0
  Constant input on bit 8 of port A: 1'0
  Constant input on bit 9 of port A: 1'0
  Constant input on bit 10 of port A: 1'0
  Constant input on bit 11 of port A: 1'0
  Constant input on bit 12 of port A: 1'0
  Constant input on bit 13 of port A: 1'0
  Constant input on bit 14 of port A: 1'0
  Constant input on bit 15 of port A: 1'0
  Bit 16 of port A and bit 0 of port A are connected.
  Bit 17 of port A and bit 1 of port A are connected.
  Bit 18 of port A and bit 2 of port A are connected.
  Bit 19 of port A and bit 3 of port A are connected.
  Bit 20 of port A and bit 4 of port A are connected.
  Bit 21 of port A and bit 5 of port A are connected.
  Bit 22 of port A and bit 6 of port A are connected.
  Bit 23 of port A and bit 7 of port A are connected.
  Constant input on bit 24 of port A: 1'0
  Constant input on bit 25 of port A: 1'0
  Constant input on bit 26 of port A: 1'0
  Constant input on bit 27 of port A: 1'0
  Constant input on bit 28 of port A: 1'0
  Constant input on bit 29 of port A: 1'0
  Constant input on bit 30 of port A: 1'0
  Constant input on bit 31 of port A: 1'0
  Constant input on bit 32 of port A: 1'0
  Constant input on bit 33 of port A: 1'0
  Constant input on bit 34 of port A: 1'0
  Constant input on bit 35 of port A: 1'0
  Constant input on bit 36 of port A: 1'0
  Constant input on bit 37 of port A: 1'0
  Constant input on bit 38 of port A: 1'0
  Constant input on bit 39 of port A: 1'0
  Constant input on bit 40 of port A: 1'0
  Constant input on bit 41 of port A: 1'0
  Constant input on bit 42 of port A: 1'0
  Constant input on bit 43 of port A: 1'0
  Constant input on bit 44 of port A: 1'0
  Constant input on bit 45 of port A: 1'0
  Constant input on bit 46 of port A: 1'0
  Constant input on bit 47 of port A: 1'0
  Constant input on bit 48 of port A: 1'0
  Constant input on bit 49 of port A: 1'0
  Constant input on bit 50 of port A: 1'0
  Constant input on bit 51 of port A: 1'0
  Constant input on bit 52 of port A: 1'0
  Constant input on bit 53 of port A: 1'0
  Constant input on bit 54 of port A: 1'0
  Constant input on bit 55 of port A: 1'0
  Constant input on bit 56 of port A: 1'0
  Constant input on bit 57 of port A: 1'0
  Constant input on bit 58 of port A: 1'0
  Constant input on bit 59 of port A: 1'0
  Constant input on bit 60 of port A: 1'0
  Constant input on bit 61 of port A: 1'0
  Constant input on bit 62 of port A: 1'0
  Constant input on bit 63 of port A: 1'0
Creating constmapped module `$paramod$constmap:ebcb2ce0878eaa11d1159a86d23e9a5bb06b24fb$paramod$b90c873f4b2a8c83be0fb8bbb20e7b8807af7db0\_90_shift_ops_shr_shl_sshl_sshr'.

26.25. Executing OPT_MUXTREE pass (detect dead branches in mux trees).
Running muxtree optimizer on module $paramod$constmap:ebcb2ce0878eaa11d1159a86d23e9a5bb06b24fb$paramod$b90c873f4b2a8c83be0fb8bbb20e7b8807af7db0\_90_shift_ops_shr_shl_sshl_sshr..
  Creating internal representation of mux trees.
  No muxes found in this module.
Removed 0 multiplexer ports.
<suppressed ~1916 debug messages>

26.26. Executing OPT_EXPR pass (perform const folding).
Optimizing module $paramod$constmap:ebcb2ce0878eaa11d1159a86d23e9a5bb06b24fb$paramod$b90c873f4b2a8c83be0fb8bbb20e7b8807af7db0\_90_shift_ops_shr_shl_sshl_sshr.
<suppressed ~872 debug messages>
Removed 0 unused cells and 15 unused wires.
Using template $paramod$constmap:ebcb2ce0878eaa11d1159a86d23e9a5bb06b24fb$paramod$b90c873f4b2a8c83be0fb8bbb20e7b8807af7db0\_90_shift_ops_shr_shl_sshl_sshr for cells of type $shr.
Using extmapper simplemap for cells of type $not.
Using extmapper simplemap for cells of type $xor.
Using extmapper simplemap for cells of type $and.
Running "alumacc" on wrapper $extern:wrap:$sub:Y_WIDTH=32:B_WIDTH=32:A_WIDTH=32:B_SIGNED=0:A_SIGNED=0:394426c56d1a028ba8fdd5469b163e04011def47.
Using template $extern:wrap:$sub:Y_WIDTH=32:B_WIDTH=32:A_WIDTH=32:B_SIGNED=0:A_SIGNED=0:394426c56d1a028ba8fdd5469b163e04011def47 for cells of type $extern:wrap:$sub:Y_WIDTH=32:B_WIDTH=32:A_WIDTH=32:B_SIGNED=0:A_SIGNED=0:394426c56d1a028ba8fdd5469b163e04011def47.
Running "alumacc" on wrapper $extern:wrap:$sub:Y_WIDTH=32:B_WIDTH=16:A_WIDTH=16:B_SIGNED=0:A_SIGNED=0:394426c56d1a028ba8fdd5469b163e04011def47.
Using template $extern:wrap:$sub:Y_WIDTH=32:B_WIDTH=16:A_WIDTH=16:B_SIGNED=0:A_SIGNED=0:394426c56d1a028ba8fdd5469b163e04011def47 for cells of type $extern:wrap:$sub:Y_WIDTH=32:B_WIDTH=16:A_WIDTH=16:B_SIGNED=0:A_SIGNED=0:394426c56d1a028ba8fdd5469b163e04011def47.
Running "alumacc" on wrapper $extern:wrap:$sub:Y_WIDTH=17:B_WIDTH=16:A_WIDTH=16:B_SIGNED=1:A_SIGNED=1:394426c56d1a028ba8fdd5469b163e04011def47.
Using template $extern:wrap:$sub:Y_WIDTH=17:B_WIDTH=16:A_WIDTH=16:B_SIGNED=1:A_SIGNED=1:394426c56d1a028ba8fdd5469b163e04011def47 for cells of type $extern:wrap:$sub:Y_WIDTH=17:B_WIDTH=16:A_WIDTH=16:B_SIGNED=1:A_SIGNED=1:394426c56d1a028ba8fdd5469b163e04011def47.
Running "alumacc" on wrapper $extern:wrap:$add:Y_WIDTH=32:B_WIDTH=32:A_WIDTH=32:B_SIGNED=0:A_SIGNED=0:394426c56d1a028ba8fdd5469b163e04011def47.
Using template $extern:wrap:$add:Y_WIDTH=32:B_WIDTH=32:A_WIDTH=32:B_SIGNED=0:A_SIGNED=0:394426c56d1a028ba8fdd5469b163e04011def47 for cells of type $extern:wrap:$add:Y_WIDTH=32:B_WIDTH=32:A_WIDTH=32:B_SIGNED=0:A_SIGNED=0:394426c56d1a028ba8fdd5469b163e04011def47.
Running "alumacc" on wrapper $extern:wrap:$add:Y_WIDTH=32:B_WIDTH=16:A_WIDTH=16:B_SIGNED=0:A_SIGNED=0:394426c56d1a028ba8fdd5469b163e04011def47.
Using template $extern:wrap:$add:Y_WIDTH=32:B_WIDTH=16:A_WIDTH=16:B_SIGNED=0:A_SIGNED=0:394426c56d1a028ba8fdd5469b163e04011def47 for cells of type $extern:wrap:$add:Y_WIDTH=32:B_WIDTH=16:A_WIDTH=16:B_SIGNED=0:A_SIGNED=0:394426c56d1a028ba8fdd5469b163e04011def47.
Running "alumacc" on wrapper $extern:wrap:$add:Y_WIDTH=17:B_WIDTH=16:A_WIDTH=16:B_SIGNED=1:A_SIGNED=1:394426c56d1a028ba8fdd5469b163e04011def47.
Using template $extern:wrap:$add:Y_WIDTH=17:B_WIDTH=16:A_WIDTH=16:B_SIGNED=1:A_SIGNED=1:394426c56d1a028ba8fdd5469b163e04011def47 for cells of type $extern:wrap:$add:Y_WIDTH=17:B_WIDTH=16:A_WIDTH=16:B_SIGNED=1:A_SIGNED=1:394426c56d1a028ba8fdd5469b163e04011def47.
Using extmapper simplemap for cells of type $reduce_or.
Using extmapper simplemap for cells of type $pmux.
Using template $paramod$6df0329addda9228fcc2546de2aaf14ad26c98e1\_90_alu for cells of type $alu.
Using template $paramod$3095f8b5bb4e6bde2280c66cd2841cc92c048554\_90_alu for cells of type $alu.
Using template $paramod$fbc7873bff55778c0b3173955b7e4bce1d9d6834\_90_alu for cells of type $alu.
Using template $paramod$2470b7ea32c975a55c3ab8b283381b72d09e16d3\_90_alu for cells of type $alu.
Using template $paramod\_90_fa\WIDTH=32'00000000000000000000000000010000 for cells of type $fa.
Using template $paramod\_90_lcu_brent_kung\WIDTH=32'00000000000000000000000000010000 for cells of type $lcu.
Using extmapper simplemap for cells of type $pos.
Using template $paramod\_90_fa\WIDTH=32'00000000000000000000000000100000 for cells of type $fa.
Using template $paramod\_90_lcu_brent_kung\WIDTH=32'00000000000000000000000000100000 for cells of type $lcu.
Using template $paramod\_90_fa\WIDTH=32'00000000000000000000000000010001 for cells of type $fa.
Using template $paramod\_90_lcu_brent_kung\WIDTH=32'00000000000000000000000000010001 for cells of type $lcu.
No more expansions possible.
<suppressed ~1471 debug messages>

27. Executing OPT pass (performing simple optimizations).

27.1. Executing OPT_EXPR pass (perform const folding).
Optimizing module EXE_stage.
<suppressed ~1549 debug messages>

27.2. Executing OPT_MERGE pass (detect identical cells).
Finding identical cells in module `\EXE_stage'.
Computing hashes of 2003 cells of `\EXE_stage'.
Finding duplicate cells in `\EXE_stage'.
Computing hashes of 1773 cells of `\EXE_stage'.
Finding duplicate cells in `\EXE_stage'.
Computing hashes of 1656 cells of `\EXE_stage'.
Finding duplicate cells in `\EXE_stage'.
Computing hashes of 1583 cells of `\EXE_stage'.
Finding duplicate cells in `\EXE_stage'.
Computing hashes of 1543 cells of `\EXE_stage'.
Finding duplicate cells in `\EXE_stage'.
Computing hashes of 1513 cells of `\EXE_stage'.
Finding duplicate cells in `\EXE_stage'.
Computing hashes of 1500 cells of `\EXE_stage'.
Finding duplicate cells in `\EXE_stage'.
Computing hashes of 1492 cells of `\EXE_stage'.
Finding duplicate cells in `\EXE_stage'.
Computing hashes of 1478 cells of `\EXE_stage'.
Finding duplicate cells in `\EXE_stage'.
Computing hashes of 1470 cells of `\EXE_stage'.
Finding duplicate cells in `\EXE_stage'.
Computing hashes of 1455 cells of `\EXE_stage'.
Finding duplicate cells in `\EXE_stage'.
Computing hashes of 1447 cells of `\EXE_stage'.
Finding duplicate cells in `\EXE_stage'.
Computing hashes of 1436 cells of `\EXE_stage'.
Finding duplicate cells in `\EXE_stage'.
Computing hashes of 1432 cells of `\EXE_stage'.
Finding duplicate cells in `\EXE_stage'.
Computing hashes of 1427 cells of `\EXE_stage'.
Finding duplicate cells in `\EXE_stage'.
Computing hashes of 1426 cells of `\EXE_stage'.
Finding duplicate cells in `\EXE_stage'.
Computing hashes of 1425 cells of `\EXE_stage'.
Finding duplicate cells in `\EXE_stage'.
<suppressed ~1734 debug messages>
Removed a total of 578 cells.

27.3. Executing OPT_DFF pass (perform DFF optimizations).

27.4. Executing OPT_CLEAN pass (remove unused cells and wires).
Finding unused cells or wires in module \EXE_stage..
Removed 59 unused cells and 874 unused wires.
<suppressed ~60 debug messages>

27.5. Finished fast OPT passes.

28. Executing DFFLIBMAP pass (mapping DFF cells to sequential cells from liberty file).
  cell sky130_fd_sc_hd__dfxtp_1 (noninv, pins=3, area=20.02) is a direct match for cell type $_DFF_P_.
  cell sky130_fd_sc_hd__dfrtn_1 (noninv, pins=4, area=25.02) is a direct match for cell type $_DFF_NN0_.
  cell sky130_fd_sc_hd__dfrtp_1 (noninv, pins=4, area=25.02) is a direct match for cell type $_DFF_PN0_.
  cell sky130_fd_sc_hd__dfstp_2 (noninv, pins=4, area=26.28) is a direct match for cell type $_DFF_PN1_.
  cell sky130_fd_sc_hd__edfxtp_1 (noninv, pins=4, area=30.03) is a direct match for cell type $_DFFE_PP_.
  cell sky130_fd_sc_hd__dfbbn_1 (noninv, pins=6, area=32.53) is a direct match for cell type $_DFFSR_NNN_.
  cell sky130_fd_sc_hd__dfbbp_1 (noninv, pins=6, area=32.53) is a direct match for cell type $_DFFSR_PNN_.
  final dff cell mappings:
    unmapped dff cell: $_DFF_N_
    \sky130_fd_sc_hd__dfxtp_1 _DFF_P_ (.CLK( C), .D( D), .Q( Q));
    \sky130_fd_sc_hd__dfrtn_1 _DFF_NN0_ (.CLK_N( C), .D( D), .Q( Q), .RESET_B( R));
    unmapped dff cell: $_DFF_NN1_
    unmapped dff cell: $_DFF_NP0_
    unmapped dff cell: $_DFF_NP1_
    \sky130_fd_sc_hd__dfrtp_1 _DFF_PN0_ (.CLK( C), .D( D), .Q( Q), .RESET_B( R));
    \sky130_fd_sc_hd__dfstp_2 _DFF_PN1_ (.CLK( C), .D( D), .Q( Q), .SET_B( R));
    unmapped dff cell: $_DFF_PP0_
    unmapped dff cell: $_DFF_PP1_
    unmapped dff cell: $_DFFE_NN_
    unmapped dff cell: $_DFFE_NP_
    unmapped dff cell: $_DFFE_PN_
    \sky130_fd_sc_hd__edfxtp_1 _DFFE_PP_ (.CLK( C), .D( D), .DE( E), .Q( Q));
    \sky130_fd_sc_hd__dfbbn_1 _DFFSR_NNN_ (.CLK_N( C), .D( D), .Q( Q), .Q_N(~Q), .RESET_B( R), .SET_B( S));
    unmapped dff cell: $_DFFSR_NNP_
    unmapped dff cell: $_DFFSR_NPN_
    unmapped dff cell: $_DFFSR_NPP_
    \sky130_fd_sc_hd__dfbbp_1 _DFFSR_PNN_ (.CLK( C), .D( D), .Q( Q), .Q_N(~Q), .RESET_B( R), .SET_B( S));
    unmapped dff cell: $_DFFSR_PNP_
    unmapped dff cell: $_DFFSR_PPN_
    unmapped dff cell: $_DFFSR_PPP_

28.1. Executing DFFLEGALIZE pass (convert FFs to types supported by the target).
<suppressed ~24 debug messages>
Mapping DFF cells in module `\EXE_stage':

29. Executing ABC pass (technology mapping using ABC).

29.1. Extracting gate netlist of module `\EXE_stage' to `<abc-temp-dir>/input.blif'..
ABC: using cached merged SCL: /tmp/yosys-liberty-scl-cache/yosys_merged_26d78acf.scl (1 files)
Replacing 48 occurrences of constant undef bits with constant zero bits

29.1.1. Executed ABC.
Extracted 1364 gates and 1488 wires to a netlist network with 122 inputs and 50 outputs.
Running ABC script: <abc-temp-dir>/abc.script
ABC: UC Berkeley, ABC 1.01 (compiled Jul 16 2026 03:52:11)
ABC: abc 01> empty
ABC: abc 01> source <abc-temp-dir>/abc.script
ABC: + read_blif <abc-temp-dir>/input.blif 
ABC: + read_scl /tmp/yosys-liberty-scl-cache/yosys_merged_26d78acf.scl 
ABC: Warning: Detected 9 multi-output cells (for example, "sky130_fd_sc_hd__fa_1").
ABC: + strash 
ABC: + &get -n 
ABC: + &fraig -x 
ABC: + &put 
ABC: + scorr 
ABC: Warning: The network is combinational (run "fraig" or "fraig_sweep").
ABC: + dc2 
ABC: + dretime 
ABC: + strash 
ABC: + &get -n 
ABC: + &dch -f 
ABC: + &nf 
ABC: + &put 
ABC: + write_blif <abc-temp-dir>/output.blif 
ABC: 
ABC: YOSYS_ABC_DONE 

29.1.2. Re-integrating ABC results.
ABC RESULTS:   sky130_fd_sc_hd__a2111oi_0 cells:        5
ABC RESULTS:   sky130_fd_sc_hd__a211o_1 cells:        2
ABC RESULTS:   sky130_fd_sc_hd__a211oi_1 cells:        9
ABC RESULTS:   sky130_fd_sc_hd__a21o_1 cells:        5
ABC RESULTS:   sky130_fd_sc_hd__a21oi_1 cells:      112
ABC RESULTS:   sky130_fd_sc_hd__a221o_1 cells:        1
ABC RESULTS:   sky130_fd_sc_hd__a221oi_1 cells:        6
ABC RESULTS:   sky130_fd_sc_hd__a22oi_1 cells:       17
ABC RESULTS:   sky130_fd_sc_hd__a311oi_1 cells:        1
ABC RESULTS:   sky130_fd_sc_hd__a31oi_1 cells:       18
ABC RESULTS:   sky130_fd_sc_hd__and2_0 cells:        9
ABC RESULTS:   sky130_fd_sc_hd__and3_1 cells:        5
ABC RESULTS:   sky130_fd_sc_hd__and4_1 cells:        1
ABC RESULTS:   sky130_fd_sc_hd__clkinv_1 cells:       19
ABC RESULTS:   sky130_fd_sc_hd__lpflow_inputiso1p_1 cells:       17
ABC RESULTS:   sky130_fd_sc_hd__lpflow_isobufsrc_1 cells:       43
ABC RESULTS:   sky130_fd_sc_hd__maj3_1 cells:       22
ABC RESULTS:   sky130_fd_sc_hd__mux2_1 cells:       10
ABC RESULTS:   sky130_fd_sc_hd__mux2i_1 cells:       40
ABC RESULTS:   sky130_fd_sc_hd__mux4_2 cells:       16
ABC RESULTS:   sky130_fd_sc_hd__nand2_1 cells:      101
ABC RESULTS:   sky130_fd_sc_hd__nand2b_1 cells:       17
ABC RESULTS:   sky130_fd_sc_hd__nand3_1 cells:       17
ABC RESULTS:   sky130_fd_sc_hd__nand3b_1 cells:       17
ABC RESULTS:   sky130_fd_sc_hd__nand4_1 cells:        2
ABC RESULTS:   sky130_fd_sc_hd__nor2_1 cells:      118
ABC RESULTS:   sky130_fd_sc_hd__nor2b_1 cells:        5
ABC RESULTS:   sky130_fd_sc_hd__nor3_1 cells:       35
ABC RESULTS:   sky130_fd_sc_hd__nor3b_1 cells:        3
ABC RESULTS:   sky130_fd_sc_hd__nor4_1 cells:        4
ABC RESULTS:   sky130_fd_sc_hd__o2111ai_1 cells:        2
ABC RESULTS:   sky130_fd_sc_hd__o211a_1 cells:        1
ABC RESULTS:   sky130_fd_sc_hd__o211ai_1 cells:        9
ABC RESULTS:   sky130_fd_sc_hd__o21a_1 cells:        5
ABC RESULTS:   sky130_fd_sc_hd__o21ai_0 cells:       77
ABC RESULTS:   sky130_fd_sc_hd__o21ba_1 cells:        1
ABC RESULTS:   sky130_fd_sc_hd__o221a_1 cells:        1
ABC RESULTS:   sky130_fd_sc_hd__o221ai_1 cells:       13
ABC RESULTS:   sky130_fd_sc_hd__o22ai_1 cells:       19
ABC RESULTS:   sky130_fd_sc_hd__o2bb2ai_1 cells:        2
ABC RESULTS:   sky130_fd_sc_hd__o311a_1 cells:        1
ABC RESULTS:   sky130_fd_sc_hd__o311ai_0 cells:        2
ABC RESULTS:   sky130_fd_sc_hd__o31a_1 cells:        1
ABC RESULTS:   sky130_fd_sc_hd__o31ai_1 cells:        3
ABC RESULTS:   sky130_fd_sc_hd__o32ai_1 cells:        3
ABC RESULTS:   sky130_fd_sc_hd__o41ai_1 cells:        2
ABC RESULTS:   sky130_fd_sc_hd__or3_1 cells:        8
ABC RESULTS:   sky130_fd_sc_hd__or4_1 cells:        4
ABC RESULTS:   sky130_fd_sc_hd__or4b_1 cells:        1
ABC RESULTS:   sky130_fd_sc_hd__xnor2_1 cells:       54
ABC RESULTS:   sky130_fd_sc_hd__xnor3_1 cells:        1
ABC RESULTS:   sky130_fd_sc_hd__xor2_1 cells:       18
ABC RESULTS:        internal signals:     1316
ABC RESULTS:           input signals:      122
ABC RESULTS:          output signals:       50
Removing temp directory.
Removing global temp directory.

30. Executing OPT_CLEAN pass (remove unused cells and wires).
Finding unused cells or wires in module \EXE_stage..
Removed 0 unused cells and 663 unused wires.
<suppressed ~14 debug messages>

31. Printing statistics.

=== EXE_stage ===

        +----------Local Count, excluding submodules.
        |        +-Local Area, excluding submodules.
        |        | 
      913        - wires
     1447        - wire bits
       58        - public wires
      592        - public wire bits
       34        - ports
      195        - port bits
      907 5.72E+03 cells
        2        -   $scopeinfo
        5   43.792   sky130_fd_sc_hd__a2111oi_0
        2   17.517   sky130_fd_sc_hd__a211o_1
        9   67.565   sky130_fd_sc_hd__a211oi_1
        5   37.536   sky130_fd_sc_hd__a21o_1
      112  560.538   sky130_fd_sc_hd__a21oi_1
        1    10.01   sky130_fd_sc_hd__a221o_1
        6    52.55   sky130_fd_sc_hd__a221oi_1
       17  127.622   sky130_fd_sc_hd__a22oi_1
        1    8.758   sky130_fd_sc_hd__a311oi_1
       18  112.608   sky130_fd_sc_hd__a31oi_1
        9   56.304   sky130_fd_sc_hd__and2_0
        5    31.28   sky130_fd_sc_hd__and3_1
        1    8.758   sky130_fd_sc_hd__and4_1
       19   71.318   sky130_fd_sc_hd__clkinv_1
       17  106.352   sky130_fd_sc_hd__lpflow_inputiso1p_1
       43  269.008   sky130_fd_sc_hd__lpflow_isobufsrc_1
       22  220.211   sky130_fd_sc_hd__maj3_1
       10  112.608   sky130_fd_sc_hd__mux2_1
       40  400.384   sky130_fd_sc_hd__mux2i_1
       16  360.346   sky130_fd_sc_hd__mux4_2
      101  379.114   sky130_fd_sc_hd__nand2_1
       17  106.352   sky130_fd_sc_hd__nand2b_1
       17   85.082   sky130_fd_sc_hd__nand3_1
       17  127.622   sky130_fd_sc_hd__nand3b_1
        2   12.512   sky130_fd_sc_hd__nand4_1
      118  442.925   sky130_fd_sc_hd__nor2_1
        5    31.28   sky130_fd_sc_hd__nor2b_1
       35  175.168   sky130_fd_sc_hd__nor3_1
        3   22.522   sky130_fd_sc_hd__nor3b_1
        4   25.024   sky130_fd_sc_hd__nor4_1
        2   17.517   sky130_fd_sc_hd__o2111ai_1
        1    10.01   sky130_fd_sc_hd__o211a_1
        9   67.565   sky130_fd_sc_hd__o211ai_1
        5   37.536   sky130_fd_sc_hd__o21a_1
       77   385.37   sky130_fd_sc_hd__o21ai_0
        1    10.01   sky130_fd_sc_hd__o21ba_1
        1   11.261   sky130_fd_sc_hd__o221a_1
       13  113.859   sky130_fd_sc_hd__o221ai_1
       19  118.864   sky130_fd_sc_hd__o22ai_1
        2   17.517   sky130_fd_sc_hd__o2bb2ai_1
        1    10.01   sky130_fd_sc_hd__o311a_1
        2   17.517   sky130_fd_sc_hd__o311ai_0
        1    8.758   sky130_fd_sc_hd__o31a_1
        3   22.522   sky130_fd_sc_hd__o31ai_1
        3   26.275   sky130_fd_sc_hd__o32ai_1
        2   17.517   sky130_fd_sc_hd__o41ai_1
        8   50.048   sky130_fd_sc_hd__or3_1
        4   30.029   sky130_fd_sc_hd__or4_1
        1    10.01   sky130_fd_sc_hd__or4b_1
       54  472.954   sky130_fd_sc_hd__xnor2_1
        1   22.522   sky130_fd_sc_hd__xnor3_1
       18  157.651   sky130_fd_sc_hd__xor2_1

   Area for cell type $scopeinfo is unknown!

   Chip area for module '\EXE_stage': 5717.984000
     of which used for sequential elements: 0.000000 (0.00%)

Warnings: 3 unique messages, 8 total
End of script. Logfile hash: c488e197df, time: 0.47s, user: 0.25s, system: 0.02s, MEM: 47.68 MB peak
Yosys 0.67+40 (git sha1 45ea2b8d6-dirty, Release, Clang /usr/bin/clang++ 18.1.8)
Time spent: 48% 1x abc (0 sec), 9% 1x stat (0 sec), ...
