
 /----------------------------------------------------------------------------\
 |  yosys -- Yosys Open SYnthesis Suite                                       |
 |  Copyright (C) 2012 - 2026  Claire Xenia Wolf <claire@yosyshq.com>         |
 |  Distributed under an ISC-like license, type "license" to see terms        |
 \----------------------------------------------------------------------------/
 Yosys 0.67+40 (git sha1 45ea2b8d6-dirty, Release, Clang /usr/bin/clang++ 18.1.8)

-- Running command `read_verilog -sv *.v; hierarchy -top ID_stage; flatten; proc; memory; opt -fast; techmap; opt -fast; dfflibmap -liberty /home/moein/.ciel/ciel/sky130/versions/8afc8346a57fe1ab7934ba5a6056ea8b43078e71/sky130A/libs.ref/sky130_fd_sc_hd/lib/sky130_fd_sc_hd__tt_025C_1v80.lib; abc -liberty /home/moein/.ciel/ciel/sky130/versions/8afc8346a57fe1ab7934ba5a6056ea8b43078e71/sky130A/libs.ref/sky130_fd_sc_hd/lib/sky130_fd_sc_hd__tt_025C_1v80.lib; opt_clean; stat -liberty /home/moein/.ciel/ciel/sky130/versions/8afc8346a57fe1ab7934ba5a6056ea8b43078e71/sky130A/libs.ref/sky130_fd_sc_hd/lib/sky130_fd_sc_hd__tt_025C_1v80.lib' --

1. Executing Verilog-2005 frontend: EXE_stage.v
Parsing SystemVerilog input from `EXE_stage.v' to AST representation.
Generating RTLIL representation for module `\EXE_stage'.
Successfully finished Verilog frontend.

2. Executing Verilog-2005 frontend: EXE_stage_reg.v
Parsing SystemVerilog input from `EXE_stage_reg.v' to AST representation.
Generating RTLIL representation for module `\EXE_stage_reg'.
Successfully finished Verilog frontend.

3. Executing Verilog-2005 frontend: ID_stage.v
Parsing SystemVerilog input from `ID_stage.v' to AST representation.
Generating RTLIL representation for module `\ID_stage'.
Successfully finished Verilog frontend.

4. Executing Verilog-2005 frontend: ID_stage_reg.v
Parsing SystemVerilog input from `ID_stage_reg.v' to AST representation.
Generating RTLIL representation for module `\ID_stage_reg'.
Successfully finished Verilog frontend.

5. Executing Verilog-2005 frontend: IF_stage.v
Parsing SystemVerilog input from `IF_stage.v' to AST representation.
Generating RTLIL representation for module `\IF_stage'.
Successfully finished Verilog frontend.

6. Executing Verilog-2005 frontend: IF_stage_reg.v
Parsing SystemVerilog input from `IF_stage_reg.v' to AST representation.
Generating RTLIL representation for module `\IF_stage_reg'.
Successfully finished Verilog frontend.

7. Executing Verilog-2005 frontend: MEM_stage.v
Parsing SystemVerilog input from `MEM_stage.v' to AST representation.
Generating RTLIL representation for module `\MEM_stage'.
Successfully finished Verilog frontend.

8. Executing Verilog-2005 frontend: MEM_stage_reg.v
Parsing SystemVerilog input from `MEM_stage_reg.v' to AST representation.
Generating RTLIL representation for module `\MEM_stage_reg'.
Successfully finished Verilog frontend.

9. Executing Verilog-2005 frontend: WB_stage.v
Parsing SystemVerilog input from `WB_stage.v' to AST representation.
Generating RTLIL representation for module `\WB_stage'.
Successfully finished Verilog frontend.

10. Executing Verilog-2005 frontend: alu.v
Parsing SystemVerilog input from `alu.v' to AST representation.
Generating RTLIL representation for module `\alu'.
alu.v:29: Warning: Range select out of bounds on signal `\alu_result': Setting result bit to undef.
alu.v:32: Warning: Range select out of bounds on signal `\alu_in_1': Setting result bit to undef.
alu.v:32: Warning: Range select out of bounds on signal `\alu_in_2': Setting result bit to undef.
alu.v:32: Warning: Range select out of bounds on signal `\alu_result': Setting result bit to undef.
alu.v:33: Warning: Range select out of bounds on signal `\alu_in_1': Setting result bit to undef.
alu.v:33: Warning: Range select out of bounds on signal `\alu_in_2': Setting result bit to undef.
alu.v:33: Warning: Range select out of bounds on signal `\alu_result': Setting result bit to undef.
alu.v:33: Warning: Range select out of bounds on signal `\alu_in_2': Setting result bit to undef.
Successfully finished Verilog frontend.

11. Executing Verilog-2005 frontend: arm16_top.v
Parsing SystemVerilog input from `arm16_top.v' to AST representation.
Generating RTLIL representation for module `\arm16_top'.
Successfully finished Verilog frontend.

12. Executing Verilog-2005 frontend: arm_processor.v
Parsing SystemVerilog input from `arm_processor.v' to AST representation.
Generating RTLIL representation for module `\arm_processor'.
Successfully finished Verilog frontend.

13. Executing Verilog-2005 frontend: condition_check.v
Parsing SystemVerilog input from `condition_check.v' to AST representation.
Generating RTLIL representation for module `\condition_check'.
Successfully finished Verilog frontend.

14. Executing Verilog-2005 frontend: control_unit.v
Parsing SystemVerilog input from `control_unit.v' to AST representation.
Generating RTLIL representation for module `\control_unit'.
Successfully finished Verilog frontend.

15. Executing Verilog-2005 frontend: forwarding_unit.v
Parsing SystemVerilog input from `forwarding_unit.v' to AST representation.
Generating RTLIL representation for module `\forwarding_unit'.
Successfully finished Verilog frontend.

16. Executing Verilog-2005 frontend: hazard_detection.v
Parsing SystemVerilog input from `hazard_detection.v' to AST representation.
Generating RTLIL representation for module `\hazard_detection'.
Successfully finished Verilog frontend.

17. Executing Verilog-2005 frontend: qspi_master.v
Parsing SystemVerilog input from `qspi_master.v' to AST representation.
Generating RTLIL representation for module `\qspi_master'.
Successfully finished Verilog frontend.

18. Executing Verilog-2005 frontend: register_file.v
Parsing SystemVerilog input from `register_file.v' to AST representation.
Generating RTLIL representation for module `\register_file'.
Successfully finished Verilog frontend.

19. Executing Verilog-2005 frontend: status_register.v
Parsing SystemVerilog input from `status_register.v' to AST representation.
Generating RTLIL representation for module `\status_register'.
Successfully finished Verilog frontend.

20. Executing Verilog-2005 frontend: val2_generator.v
Parsing SystemVerilog input from `val2_generator.v' to AST representation.
Generating RTLIL representation for module `\val2_generator'.
Successfully finished Verilog frontend.

21. Executing HIERARCHY pass (managing design hierarchy).

21.1. Analyzing design hierarchy..
Top module:  \ID_stage
Used module:     \register_file
Used module:     \control_unit
Used module:     \condition_check

21.2. Analyzing design hierarchy..
Top module:  \ID_stage
Used module:     \register_file
Used module:     \control_unit
Used module:     \condition_check
Removing unused module `\val2_generator'.
Removing unused module `\status_register'.
Removing unused module `\qspi_master'.
Removing unused module `\hazard_detection'.
Removing unused module `\forwarding_unit'.
Removing unused module `\arm_processor'.
Removing unused module `\arm16_top'.
Removing unused module `\alu'.
Removing unused module `\WB_stage'.
Removing unused module `\MEM_stage_reg'.
Removing unused module `\MEM_stage'.
Removing unused module `\IF_stage_reg'.
Removing unused module `\IF_stage'.
Removing unused module `\ID_stage_reg'.
Removing unused module `\EXE_stage_reg'.
Removing unused module `\EXE_stage'.
Removed 16 unused modules.

22. Executing FLATTEN pass (flatten design).
Deleting now unused module condition_check.
Deleting now unused module register_file.
Deleting now unused module control_unit.
<suppressed ~3 debug messages>

23. Executing PROC pass (convert processes to netlists).

23.1. Executing PROC_CLEAN pass (remove empty switches from decision trees).
Cleaned up 0 empty switches.

23.2. Executing PROC_RMDEAD pass (remove dead branches from decision trees).
Marked 1 switch rules as full_case in process $flatten\regfile_unit.$proc$register_file.v:26$233 in module ID_stage.
Marked 1 switch rules as full_case in process $flatten\ctrl_unit.$proc$control_unit.v:89$148 in module ID_stage.
Marked 1 switch rules as full_case in process $flatten\cond_unit.$proc$condition_check.v:34$64 in module ID_stage.
Removed a total of 0 dead cases.

23.3. Executing PROC_PRUNE pass (remove redundant assignments in processes).
Removed 1 redundant assignment.
Promoted 23 assignments to connections.

23.4. Executing PROC_INIT pass (extract init attributes).

23.5. Executing PROC_ARST pass (detect async resets in processes).

23.6. Executing PROC_ROM pass (convert switches to ROMs).
Converted 0 switches.
<suppressed ~3 debug messages>

23.7. Executing PROC_MUX pass (convert decision trees to multiplexers).
Creating decoders for process `\ID_stage.$flatten\regfile_unit.$proc$register_file.v:26$233'.
     1/6: $flatten\regfile_unit.$1$memwr$\register_file_data$register_file.v:27$229_EN[15:0]$242
     2/6: $flatten\regfile_unit.$1$memwr$\register_file_data$register_file.v:27$229_DATA[15:0]$241
     3/6: $flatten\regfile_unit.$1$memwr$\register_file_data$register_file.v:27$229_ADDR[3:0]$240
     4/6: $flatten\regfile_unit.$1$memwr$\register_file_data$register_file.v:28$230_EN[15:0]$245
     5/6: $flatten\regfile_unit.$1$memwr$\register_file_data$register_file.v:28$230_DATA[15:0]$244
     6/6: $flatten\regfile_unit.$1$memwr$\register_file_data$register_file.v:28$230_ADDR[3:0]$243
Creating decoders for process `\ID_stage.$flatten\regfile_unit.$proc$register_file.v:15$262'.
Creating decoders for process `\ID_stage.$flatten\regfile_unit.$proc$register_file.v:17$263'.
Creating decoders for process `\ID_stage.$flatten\ctrl_unit.$proc$control_unit.v:89$148'.
     1/5: $flatten\ctrl_unit.$0\wb_en[0:0]
     2/5: $flatten\ctrl_unit.$0\execute_command[3:0]
     3/5: $flatten\ctrl_unit.$0\branch_taken[0:0]
     4/5: $flatten\ctrl_unit.$0\mem_r_en[0:0]
     5/5: $flatten\ctrl_unit.$0\mem_w_en[0:0]
Creating decoders for process `\ID_stage.$flatten\cond_unit.$proc$condition_check.v:34$64'.
     1/1: $flatten\cond_unit.$0\condition_is_met[0:0]

23.8. Executing PROC_DLATCH pass (convert process syncs to latches).
No latch inferred for signal `\ID_stage.\regfile_unit.i' from process `\ID_stage.$flatten\regfile_unit.$proc$register_file.v:15$262'.
No latch inferred for signal `\ID_stage.\regfile_unit.i' from process `\ID_stage.$flatten\regfile_unit.$proc$register_file.v:17$263'.
No latch inferred for signal `\ID_stage.$flatten\regfile_unit.$memwr$\register_file_data$register_file.v:19$214_EN' from process `\ID_stage.$flatten\regfile_unit.$proc$register_file.v:17$263'.
No latch inferred for signal `\ID_stage.$flatten\regfile_unit.$memwr$\register_file_data$register_file.v:19$215_EN' from process `\ID_stage.$flatten\regfile_unit.$proc$register_file.v:17$263'.
No latch inferred for signal `\ID_stage.$flatten\regfile_unit.$memwr$\register_file_data$register_file.v:19$216_EN' from process `\ID_stage.$flatten\regfile_unit.$proc$register_file.v:17$263'.
No latch inferred for signal `\ID_stage.$flatten\regfile_unit.$memwr$\register_file_data$register_file.v:19$217_EN' from process `\ID_stage.$flatten\regfile_unit.$proc$register_file.v:17$263'.
No latch inferred for signal `\ID_stage.$flatten\regfile_unit.$memwr$\register_file_data$register_file.v:19$218_EN' from process `\ID_stage.$flatten\regfile_unit.$proc$register_file.v:17$263'.
No latch inferred for signal `\ID_stage.$flatten\regfile_unit.$memwr$\register_file_data$register_file.v:19$219_EN' from process `\ID_stage.$flatten\regfile_unit.$proc$register_file.v:17$263'.
No latch inferred for signal `\ID_stage.$flatten\regfile_unit.$memwr$\register_file_data$register_file.v:19$220_EN' from process `\ID_stage.$flatten\regfile_unit.$proc$register_file.v:17$263'.
No latch inferred for signal `\ID_stage.$flatten\regfile_unit.$memwr$\register_file_data$register_file.v:19$221_EN' from process `\ID_stage.$flatten\regfile_unit.$proc$register_file.v:17$263'.
No latch inferred for signal `\ID_stage.$flatten\regfile_unit.$memwr$\register_file_data$register_file.v:19$222_EN' from process `\ID_stage.$flatten\regfile_unit.$proc$register_file.v:17$263'.
No latch inferred for signal `\ID_stage.$flatten\regfile_unit.$memwr$\register_file_data$register_file.v:19$223_EN' from process `\ID_stage.$flatten\regfile_unit.$proc$register_file.v:17$263'.
No latch inferred for signal `\ID_stage.$flatten\regfile_unit.$memwr$\register_file_data$register_file.v:19$224_EN' from process `\ID_stage.$flatten\regfile_unit.$proc$register_file.v:17$263'.
No latch inferred for signal `\ID_stage.$flatten\regfile_unit.$memwr$\register_file_data$register_file.v:19$225_EN' from process `\ID_stage.$flatten\regfile_unit.$proc$register_file.v:17$263'.
No latch inferred for signal `\ID_stage.$flatten\regfile_unit.$memwr$\register_file_data$register_file.v:19$226_EN' from process `\ID_stage.$flatten\regfile_unit.$proc$register_file.v:17$263'.
No latch inferred for signal `\ID_stage.$flatten\regfile_unit.$memwr$\register_file_data$register_file.v:19$227_EN' from process `\ID_stage.$flatten\regfile_unit.$proc$register_file.v:17$263'.
No latch inferred for signal `\ID_stage.$flatten\regfile_unit.$memwr$\register_file_data$register_file.v:19$228_EN' from process `\ID_stage.$flatten\regfile_unit.$proc$register_file.v:17$263'.
No latch inferred for signal `\ID_stage.\ctrl_unit.execute_command' from process `\ID_stage.$flatten\ctrl_unit.$proc$control_unit.v:89$148'.
No latch inferred for signal `\ID_stage.\ctrl_unit.wb_en' from process `\ID_stage.$flatten\ctrl_unit.$proc$control_unit.v:89$148'.
No latch inferred for signal `\ID_stage.\ctrl_unit.mem_r_en' from process `\ID_stage.$flatten\ctrl_unit.$proc$control_unit.v:89$148'.
No latch inferred for signal `\ID_stage.\ctrl_unit.mem_w_en' from process `\ID_stage.$flatten\ctrl_unit.$proc$control_unit.v:89$148'.
No latch inferred for signal `\ID_stage.\ctrl_unit.branch_taken' from process `\ID_stage.$flatten\ctrl_unit.$proc$control_unit.v:89$148'.
No latch inferred for signal `\ID_stage.\cond_unit.condition_is_met' from process `\ID_stage.$flatten\cond_unit.$proc$condition_check.v:34$64'.

23.9. Executing PROC_DFF pass (convert process syncs to FFs).
Creating register for signal `\ID_stage.$flatten\regfile_unit.$memwr$\register_file_data$register_file.v:27$229_ADDR' using process `\ID_stage.$flatten\regfile_unit.$proc$register_file.v:26$233'.
  created $dff cell `$procdff$378' with negative edge clock.
Creating register for signal `\ID_stage.$flatten\regfile_unit.$memwr$\register_file_data$register_file.v:27$229_DATA' using process `\ID_stage.$flatten\regfile_unit.$proc$register_file.v:26$233'.
  created $dff cell `$procdff$379' with negative edge clock.
Creating register for signal `\ID_stage.$flatten\regfile_unit.$memwr$\register_file_data$register_file.v:27$229_EN' using process `\ID_stage.$flatten\regfile_unit.$proc$register_file.v:26$233'.
  created $dff cell `$procdff$380' with negative edge clock.
Creating register for signal `\ID_stage.$flatten\regfile_unit.$memwr$\register_file_data$register_file.v:28$230_ADDR' using process `\ID_stage.$flatten\regfile_unit.$proc$register_file.v:26$233'.
  created $dff cell `$procdff$381' with negative edge clock.
Creating register for signal `\ID_stage.$flatten\regfile_unit.$memwr$\register_file_data$register_file.v:28$230_DATA' using process `\ID_stage.$flatten\regfile_unit.$proc$register_file.v:26$233'.
  created $dff cell `$procdff$382' with negative edge clock.
Creating register for signal `\ID_stage.$flatten\regfile_unit.$memwr$\register_file_data$register_file.v:28$230_EN' using process `\ID_stage.$flatten\regfile_unit.$proc$register_file.v:26$233'.
  created $dff cell `$procdff$383' with negative edge clock.

23.10. Executing PROC_MEMWR pass (convert process memory writes to cells).

23.11. Executing PROC_CLEAN pass (remove empty switches from decision trees).
Found and cleaned up 1 empty switch in `\ID_stage.$flatten\regfile_unit.$proc$register_file.v:26$233'.
Removing empty process `ID_stage.$flatten\regfile_unit.$proc$register_file.v:26$233'.
Removing empty process `ID_stage.$flatten\regfile_unit.$proc$register_file.v:15$262'.
Removing empty process `ID_stage.$flatten\regfile_unit.$proc$register_file.v:17$263'.
Found and cleaned up 1 empty switch in `\ID_stage.$flatten\ctrl_unit.$proc$control_unit.v:89$148'.
Removing empty process `ID_stage.$flatten\ctrl_unit.$proc$control_unit.v:89$148'.
Found and cleaned up 1 empty switch in `\ID_stage.$flatten\cond_unit.$proc$condition_check.v:34$64'.
Removing empty process `ID_stage.$flatten\cond_unit.$proc$condition_check.v:34$64'.
Cleaned up 3 empty switches.

23.12. Executing OPT_EXPR pass (perform const folding).
Optimizing module ID_stage.
<suppressed ~14 debug messages>

24. Executing MEMORY pass.

24.1. Executing OPT_MEM pass (optimize memories).
Performed a total of 0 transformations.

24.2. Executing OPT_MEM_PRIORITY pass (removing unnecessary memory write priority relations).
Performed a total of 0 transformations.

24.3. Executing OPT_MEM_FEEDBACK pass (finding memory read-to-write feedback paths).
  Analyzing ID_stage.regfile_unit.register_file_data write port 0.
  Analyzing ID_stage.regfile_unit.register_file_data write port 1.

24.4. Executing MEMORY_BMUX2ROM pass (converting muxes to ROMs).

24.5. Executing MEMORY_DFF pass (merging $dff cells to $memrd).
Checking read port `\regfile_unit.register_file_data'[0] in module `\ID_stage': no output FF found.
Checking read port `\regfile_unit.register_file_data'[1] in module `\ID_stage': no output FF found.
Checking read port `\regfile_unit.register_file_data'[2] in module `\ID_stage': no output FF found.
Checking read port address `\regfile_unit.register_file_data'[0] in module `\ID_stage': no address FF found.
Checking read port address `\regfile_unit.register_file_data'[1] in module `\ID_stage': no address FF found.
Checking read port address `\regfile_unit.register_file_data'[2] in module `\ID_stage': no address FF found.

24.6. Executing OPT_CLEAN pass (remove unused cells and wires).
Finding unused cells or wires in module \ID_stage..
Removed 6 unused cells and 82 unused wires.
<suppressed ~7 debug messages>

24.7. Executing MEMORY_SHARE pass (consolidating $memrd/$memwr cells).
Consolidating read ports of memory ID_stage.regfile_unit.register_file_data by address:
Consolidating write ports of memory ID_stage.regfile_unit.register_file_data by address:
  Merging ports 0, 1 (address \wb_dest_in).

24.8. Executing OPT_MEM_WIDEN pass (optimize memories where all ports are wide).
Performed a total of 0 transformations.

24.9. Executing OPT_CLEAN pass (remove unused cells and wires).
Finding unused cells or wires in module \ID_stage..
Removed 2 unused cells and 2 unused wires.
<suppressed ~3 debug messages>

24.10. Executing MEMORY_COLLECT pass (generating $mem cells).

24.11. Executing MEMORY_MAP pass (converting memories to logic and flip-flops).
Mapping memory \regfile_unit.register_file_data in module \ID_stage:
  created 15 $dff cells and 0 static cells of width 16.
  read interface: 0 $dff and 45 $mux cells.
  write interface: 240 write mux blocks.

25. Executing OPT pass (performing simple optimizations).

25.1. Executing OPT_EXPR pass (perform const folding).
Optimizing module ID_stage.
<suppressed ~8 debug messages>

25.2. Executing OPT_MERGE pass (detect identical cells).
Finding identical cells in module `\ID_stage'.
Computing hashes of 747 cells of `\ID_stage'.
Finding duplicate cells in `\ID_stage'.
Computing hashes of 711 cells of `\ID_stage'.
Finding duplicate cells in `\ID_stage'.
Computing hashes of 710 cells of `\ID_stage'.
Finding duplicate cells in `\ID_stage'.
<suppressed ~111 debug messages>
Removed a total of 37 cells.

25.3. Executing OPT_DFF pass (perform DFF optimizations).

25.4. Executing OPT_CLEAN pass (remove unused cells and wires).
Finding unused cells or wires in module \ID_stage..
Removed 0 unused cells and 101 unused wires.
<suppressed ~1 debug messages>

25.5. Finished fast OPT passes.

26. Executing TECHMAP pass (map to technology primitives).

26.1. Executing Verilog-2005 frontend: /home/moein/oss-cad-suite/lib/../share/yosys/techmap.v
Parsing Verilog input from `/home/moein/oss-cad-suite/lib/../share/yosys/techmap.v' to AST representation.
Generating RTLIL representation for module `\_90_simplemap_bool_ops'.
Generating RTLIL representation for module `\_90_simplemap_reduce_ops'.
Generating RTLIL representation for module `\_90_simplemap_logic_ops'.
Generating RTLIL representation for module `\_90_simplemap_compare_ops'.
Generating RTLIL representation for module `\_90_simplemap_various'.
Generating RTLIL representation for module `\_90_simplemap_registers'.
Generating RTLIL representation for module `\_90_shift_ops_shr_shl_sshl_sshr'.
Generating RTLIL representation for module `\_90_shift_shiftx'.
Generating RTLIL representation for module `\_90_fa'.
Generating RTLIL representation for module `\_90_lcu_brent_kung'.
Generating RTLIL representation for module `\_90_alu'.
Generating RTLIL representation for module `\_90_macc'.
Generating RTLIL representation for module `\_90_alumacc'.
Generating RTLIL representation for module `$__div_mod_u'.
Generating RTLIL representation for module `$__div_mod_trunc'.
Generating RTLIL representation for module `\_90_div'.
Generating RTLIL representation for module `\_90_mod'.
Generating RTLIL representation for module `$__div_mod_floor'.
Generating RTLIL representation for module `\_90_divfloor'.
Generating RTLIL representation for module `\_90_modfloor'.
Generating RTLIL representation for module `\_90_pow'.
Generating RTLIL representation for module `\_90_demux'.
Generating RTLIL representation for module `\_90_lut'.
Generating RTLIL representation for module `$connect'.
Generating RTLIL representation for module `$input_port'.
Successfully finished Verilog frontend.

26.2. Continuing TECHMAP pass.
Using extmapper simplemap for cells of type $and.
Using extmapper simplemap for cells of type $not.
Using extmapper simplemap for cells of type $or.
Using extmapper simplemap for cells of type $mux.
Using extmapper simplemap for cells of type $ne.
Using extmapper simplemap for cells of type $eq.
Using extmapper simplemap for cells of type $logic_not.
Using extmapper simplemap for cells of type $pmux.
Using extmapper simplemap for cells of type $dff.
No more expansions possible.
<suppressed ~784 debug messages>

27. Executing OPT pass (performing simple optimizations).

27.1. Executing OPT_EXPR pass (perform const folding).
Optimizing module ID_stage.
<suppressed ~548 debug messages>

27.2. Executing OPT_MERGE pass (detect identical cells).
Finding identical cells in module `\ID_stage'.
Computing hashes of 1736 cells of `\ID_stage'.
Finding duplicate cells in `\ID_stage'.
Computing hashes of 1626 cells of `\ID_stage'.
Finding duplicate cells in `\ID_stage'.
Computing hashes of 1582 cells of `\ID_stage'.
Finding duplicate cells in `\ID_stage'.
Computing hashes of 1580 cells of `\ID_stage'.
Finding duplicate cells in `\ID_stage'.
Computing hashes of 1579 cells of `\ID_stage'.
Finding duplicate cells in `\ID_stage'.
<suppressed ~471 debug messages>
Removed a total of 157 cells.

27.3. Executing OPT_DFF pass (perform DFF optimizations).
Adding EN signal on $auto$ff.cc:337:slice$2874 ($_DFF_N_) from module ID_stage (D = $auto$rtlil.cc:3402:Mux$453, Q = \regfile_unit.register_file_data[0] [15]).
Adding EN signal on $auto$ff.cc:337:slice$2890 ($_DFF_N_) from module ID_stage (D = $auto$rtlil.cc:3402:Mux$453, Q = \regfile_unit.register_file_data[1] [15]).
Adding EN signal on $auto$ff.cc:337:slice$2906 ($_DFF_N_) from module ID_stage (D = $auto$rtlil.cc:3402:Mux$453, Q = \regfile_unit.register_file_data[2] [15]).
Adding EN signal on $auto$ff.cc:337:slice$2922 ($_DFF_N_) from module ID_stage (D = $auto$rtlil.cc:3402:Mux$453, Q = \regfile_unit.register_file_data[3] [15]).
Adding EN signal on $auto$ff.cc:337:slice$2938 ($_DFF_N_) from module ID_stage (D = $auto$rtlil.cc:3402:Mux$453, Q = \regfile_unit.register_file_data[4] [15]).
Adding EN signal on $auto$ff.cc:337:slice$2954 ($_DFF_N_) from module ID_stage (D = $auto$rtlil.cc:3402:Mux$453, Q = \regfile_unit.register_file_data[5] [15]).
Adding EN signal on $auto$ff.cc:337:slice$2970 ($_DFF_N_) from module ID_stage (D = $auto$rtlil.cc:3402:Mux$453, Q = \regfile_unit.register_file_data[6] [15]).
Adding EN signal on $auto$ff.cc:337:slice$2986 ($_DFF_N_) from module ID_stage (D = $auto$rtlil.cc:3402:Mux$453, Q = \regfile_unit.register_file_data[7] [15]).
Adding EN signal on $auto$ff.cc:337:slice$3002 ($_DFF_N_) from module ID_stage (D = $auto$rtlil.cc:3402:Mux$453, Q = \regfile_unit.register_file_data[8] [15]).
Adding EN signal on $auto$ff.cc:337:slice$3018 ($_DFF_N_) from module ID_stage (D = $auto$rtlil.cc:3402:Mux$453, Q = \regfile_unit.register_file_data[9] [15]).
Adding EN signal on $auto$ff.cc:337:slice$3034 ($_DFF_N_) from module ID_stage (D = $auto$rtlil.cc:3402:Mux$453, Q = \regfile_unit.register_file_data[10] [15]).
Adding EN signal on $auto$ff.cc:337:slice$3050 ($_DFF_N_) from module ID_stage (D = $auto$rtlil.cc:3402:Mux$453, Q = \regfile_unit.register_file_data[11] [15]).
Adding EN signal on $auto$ff.cc:337:slice$3066 ($_DFF_N_) from module ID_stage (D = $auto$rtlil.cc:3402:Mux$453, Q = \regfile_unit.register_file_data[12] [15]).
Adding EN signal on $auto$ff.cc:337:slice$3082 ($_DFF_N_) from module ID_stage (D = $auto$rtlil.cc:3402:Mux$453, Q = \regfile_unit.register_file_data[13] [15]).
Adding EN signal on $auto$ff.cc:337:slice$3098 ($_DFF_N_) from module ID_stage (D = $auto$rtlil.cc:3402:Mux$453, Q = \regfile_unit.register_file_data[14] [15]).
Adding EN signal on $auto$ff.cc:337:slice$2859 ($_DFF_N_) from module ID_stage (D = $auto$rtlil.cc:3402:Mux$393, Q = \regfile_unit.register_file_data[0] [0]).
Adding EN signal on $auto$ff.cc:337:slice$2860 ($_DFF_N_) from module ID_stage (D = $auto$rtlil.cc:3402:Mux$397, Q = \regfile_unit.register_file_data[0] [1]).
Adding EN signal on $auto$ff.cc:337:slice$2861 ($_DFF_N_) from module ID_stage (D = $auto$rtlil.cc:3402:Mux$401, Q = \regfile_unit.register_file_data[0] [2]).
Adding EN signal on $auto$ff.cc:337:slice$2862 ($_DFF_N_) from module ID_stage (D = $auto$rtlil.cc:3402:Mux$405, Q = \regfile_unit.register_file_data[0] [3]).
Adding EN signal on $auto$ff.cc:337:slice$2863 ($_DFF_N_) from module ID_stage (D = $auto$rtlil.cc:3402:Mux$409, Q = \regfile_unit.register_file_data[0] [4]).
Adding EN signal on $auto$ff.cc:337:slice$2864 ($_DFF_N_) from module ID_stage (D = $auto$rtlil.cc:3402:Mux$413, Q = \regfile_unit.register_file_data[0] [5]).
Adding EN signal on $auto$ff.cc:337:slice$2865 ($_DFF_N_) from module ID_stage (D = $auto$rtlil.cc:3402:Mux$417, Q = \regfile_unit.register_file_data[0] [6]).
Adding EN signal on $auto$ff.cc:337:slice$2866 ($_DFF_N_) from module ID_stage (D = $auto$rtlil.cc:3402:Mux$421, Q = \regfile_unit.register_file_data[0] [7]).
Adding EN signal on $auto$ff.cc:337:slice$2867 ($_DFF_N_) from module ID_stage (D = $auto$rtlil.cc:3402:Mux$425, Q = \regfile_unit.register_file_data[0] [8]).
Adding EN signal on $auto$ff.cc:337:slice$2868 ($_DFF_N_) from module ID_stage (D = $auto$rtlil.cc:3402:Mux$429, Q = \regfile_unit.register_file_data[0] [9]).
Adding EN signal on $auto$ff.cc:337:slice$2869 ($_DFF_N_) from module ID_stage (D = $auto$rtlil.cc:3402:Mux$433, Q = \regfile_unit.register_file_data[0] [10]).
Adding EN signal on $auto$ff.cc:337:slice$2870 ($_DFF_N_) from module ID_stage (D = $auto$rtlil.cc:3402:Mux$437, Q = \regfile_unit.register_file_data[0] [11]).
Adding EN signal on $auto$ff.cc:337:slice$2871 ($_DFF_N_) from module ID_stage (D = $auto$rtlil.cc:3402:Mux$441, Q = \regfile_unit.register_file_data[0] [12]).
Adding EN signal on $auto$ff.cc:337:slice$2872 ($_DFF_N_) from module ID_stage (D = $auto$rtlil.cc:3402:Mux$445, Q = \regfile_unit.register_file_data[0] [13]).
Adding EN signal on $auto$ff.cc:337:slice$2873 ($_DFF_N_) from module ID_stage (D = $auto$rtlil.cc:3402:Mux$449, Q = \regfile_unit.register_file_data[0] [14]).
Adding EN signal on $auto$ff.cc:337:slice$2875 ($_DFF_N_) from module ID_stage (D = $auto$rtlil.cc:3402:Mux$393, Q = \regfile_unit.register_file_data[1] [0]).
Adding EN signal on $auto$ff.cc:337:slice$2876 ($_DFF_N_) from module ID_stage (D = $auto$rtlil.cc:3402:Mux$397, Q = \regfile_unit.register_file_data[1] [1]).
Adding EN signal on $auto$ff.cc:337:slice$2877 ($_DFF_N_) from module ID_stage (D = $auto$rtlil.cc:3402:Mux$401, Q = \regfile_unit.register_file_data[1] [2]).
Adding EN signal on $auto$ff.cc:337:slice$2878 ($_DFF_N_) from module ID_stage (D = $auto$rtlil.cc:3402:Mux$405, Q = \regfile_unit.register_file_data[1] [3]).
Adding EN signal on $auto$ff.cc:337:slice$2879 ($_DFF_N_) from module ID_stage (D = $auto$rtlil.cc:3402:Mux$409, Q = \regfile_unit.register_file_data[1] [4]).
Adding EN signal on $auto$ff.cc:337:slice$2880 ($_DFF_N_) from module ID_stage (D = $auto$rtlil.cc:3402:Mux$413, Q = \regfile_unit.register_file_data[1] [5]).
Adding EN signal on $auto$ff.cc:337:slice$2881 ($_DFF_N_) from module ID_stage (D = $auto$rtlil.cc:3402:Mux$417, Q = \regfile_unit.register_file_data[1] [6]).
Adding EN signal on $auto$ff.cc:337:slice$2882 ($_DFF_N_) from module ID_stage (D = $auto$rtlil.cc:3402:Mux$421, Q = \regfile_unit.register_file_data[1] [7]).
Adding EN signal on $auto$ff.cc:337:slice$2883 ($_DFF_N_) from module ID_stage (D = $auto$rtlil.cc:3402:Mux$425, Q = \regfile_unit.register_file_data[1] [8]).
Adding EN signal on $auto$ff.cc:337:slice$2884 ($_DFF_N_) from module ID_stage (D = $auto$rtlil.cc:3402:Mux$429, Q = \regfile_unit.register_file_data[1] [9]).
Adding EN signal on $auto$ff.cc:337:slice$2885 ($_DFF_N_) from module ID_stage (D = $auto$rtlil.cc:3402:Mux$433, Q = \regfile_unit.register_file_data[1] [10]).
Adding EN signal on $auto$ff.cc:337:slice$2886 ($_DFF_N_) from module ID_stage (D = $auto$rtlil.cc:3402:Mux$437, Q = \regfile_unit.register_file_data[1] [11]).
Adding EN signal on $auto$ff.cc:337:slice$2887 ($_DFF_N_) from module ID_stage (D = $auto$rtlil.cc:3402:Mux$441, Q = \regfile_unit.register_file_data[1] [12]).
Adding EN signal on $auto$ff.cc:337:slice$2888 ($_DFF_N_) from module ID_stage (D = $auto$rtlil.cc:3402:Mux$445, Q = \regfile_unit.register_file_data[1] [13]).
Adding EN signal on $auto$ff.cc:337:slice$2889 ($_DFF_N_) from module ID_stage (D = $auto$rtlil.cc:3402:Mux$449, Q = \regfile_unit.register_file_data[1] [14]).
Adding EN signal on $auto$ff.cc:337:slice$2891 ($_DFF_N_) from module ID_stage (D = $auto$rtlil.cc:3402:Mux$393, Q = \regfile_unit.register_file_data[2] [0]).
Adding EN signal on $auto$ff.cc:337:slice$2892 ($_DFF_N_) from module ID_stage (D = $auto$rtlil.cc:3402:Mux$397, Q = \regfile_unit.register_file_data[2] [1]).
Adding EN signal on $auto$ff.cc:337:slice$2893 ($_DFF_N_) from module ID_stage (D = $auto$rtlil.cc:3402:Mux$401, Q = \regfile_unit.register_file_data[2] [2]).
Adding EN signal on $auto$ff.cc:337:slice$2894 ($_DFF_N_) from module ID_stage (D = $auto$rtlil.cc:3402:Mux$405, Q = \regfile_unit.register_file_data[2] [3]).
Adding EN signal on $auto$ff.cc:337:slice$2895 ($_DFF_N_) from module ID_stage (D = $auto$rtlil.cc:3402:Mux$409, Q = \regfile_unit.register_file_data[2] [4]).
Adding EN signal on $auto$ff.cc:337:slice$2896 ($_DFF_N_) from module ID_stage (D = $auto$rtlil.cc:3402:Mux$413, Q = \regfile_unit.register_file_data[2] [5]).
Adding EN signal on $auto$ff.cc:337:slice$2897 ($_DFF_N_) from module ID_stage (D = $auto$rtlil.cc:3402:Mux$417, Q = \regfile_unit.register_file_data[2] [6]).
Adding EN signal on $auto$ff.cc:337:slice$2898 ($_DFF_N_) from module ID_stage (D = $auto$rtlil.cc:3402:Mux$421, Q = \regfile_unit.register_file_data[2] [7]).
Adding EN signal on $auto$ff.cc:337:slice$2899 ($_DFF_N_) from module ID_stage (D = $auto$rtlil.cc:3402:Mux$425, Q = \regfile_unit.register_file_data[2] [8]).
Adding EN signal on $auto$ff.cc:337:slice$2900 ($_DFF_N_) from module ID_stage (D = $auto$rtlil.cc:3402:Mux$429, Q = \regfile_unit.register_file_data[2] [9]).
Adding EN signal on $auto$ff.cc:337:slice$2901 ($_DFF_N_) from module ID_stage (D = $auto$rtlil.cc:3402:Mux$433, Q = \regfile_unit.register_file_data[2] [10]).
Adding EN signal on $auto$ff.cc:337:slice$2902 ($_DFF_N_) from module ID_stage (D = $auto$rtlil.cc:3402:Mux$437, Q = \regfile_unit.register_file_data[2] [11]).
Adding EN signal on $auto$ff.cc:337:slice$2903 ($_DFF_N_) from module ID_stage (D = $auto$rtlil.cc:3402:Mux$441, Q = \regfile_unit.register_file_data[2] [12]).
Adding EN signal on $auto$ff.cc:337:slice$2904 ($_DFF_N_) from module ID_stage (D = $auto$rtlil.cc:3402:Mux$445, Q = \regfile_unit.register_file_data[2] [13]).
Adding EN signal on $auto$ff.cc:337:slice$2905 ($_DFF_N_) from module ID_stage (D = $auto$rtlil.cc:3402:Mux$449, Q = \regfile_unit.register_file_data[2] [14]).
Adding EN signal on $auto$ff.cc:337:slice$2907 ($_DFF_N_) from module ID_stage (D = $auto$rtlil.cc:3402:Mux$393, Q = \regfile_unit.register_file_data[3] [0]).
Adding EN signal on $auto$ff.cc:337:slice$2908 ($_DFF_N_) from module ID_stage (D = $auto$rtlil.cc:3402:Mux$397, Q = \regfile_unit.register_file_data[3] [1]).
Adding EN signal on $auto$ff.cc:337:slice$2909 ($_DFF_N_) from module ID_stage (D = $auto$rtlil.cc:3402:Mux$401, Q = \regfile_unit.register_file_data[3] [2]).
Adding EN signal on $auto$ff.cc:337:slice$2910 ($_DFF_N_) from module ID_stage (D = $auto$rtlil.cc:3402:Mux$405, Q = \regfile_unit.register_file_data[3] [3]).
Adding EN signal on $auto$ff.cc:337:slice$2911 ($_DFF_N_) from module ID_stage (D = $auto$rtlil.cc:3402:Mux$409, Q = \regfile_unit.register_file_data[3] [4]).
Adding EN signal on $auto$ff.cc:337:slice$2912 ($_DFF_N_) from module ID_stage (D = $auto$rtlil.cc:3402:Mux$413, Q = \regfile_unit.register_file_data[3] [5]).
Adding EN signal on $auto$ff.cc:337:slice$2913 ($_DFF_N_) from module ID_stage (D = $auto$rtlil.cc:3402:Mux$417, Q = \regfile_unit.register_file_data[3] [6]).
Adding EN signal on $auto$ff.cc:337:slice$2914 ($_DFF_N_) from module ID_stage (D = $auto$rtlil.cc:3402:Mux$421, Q = \regfile_unit.register_file_data[3] [7]).
Adding EN signal on $auto$ff.cc:337:slice$2915 ($_DFF_N_) from module ID_stage (D = $auto$rtlil.cc:3402:Mux$425, Q = \regfile_unit.register_file_data[3] [8]).
Adding EN signal on $auto$ff.cc:337:slice$2916 ($_DFF_N_) from module ID_stage (D = $auto$rtlil.cc:3402:Mux$429, Q = \regfile_unit.register_file_data[3] [9]).
Adding EN signal on $auto$ff.cc:337:slice$2917 ($_DFF_N_) from module ID_stage (D = $auto$rtlil.cc:3402:Mux$433, Q = \regfile_unit.register_file_data[3] [10]).
Adding EN signal on $auto$ff.cc:337:slice$2918 ($_DFF_N_) from module ID_stage (D = $auto$rtlil.cc:3402:Mux$437, Q = \regfile_unit.register_file_data[3] [11]).
Adding EN signal on $auto$ff.cc:337:slice$2919 ($_DFF_N_) from module ID_stage (D = $auto$rtlil.cc:3402:Mux$441, Q = \regfile_unit.register_file_data[3] [12]).
Adding EN signal on $auto$ff.cc:337:slice$2920 ($_DFF_N_) from module ID_stage (D = $auto$rtlil.cc:3402:Mux$445, Q = \regfile_unit.register_file_data[3] [13]).
Adding EN signal on $auto$ff.cc:337:slice$2921 ($_DFF_N_) from module ID_stage (D = $auto$rtlil.cc:3402:Mux$449, Q = \regfile_unit.register_file_data[3] [14]).
Adding EN signal on $auto$ff.cc:337:slice$2923 ($_DFF_N_) from module ID_stage (D = $auto$rtlil.cc:3402:Mux$393, Q = \regfile_unit.register_file_data[4] [0]).
Adding EN signal on $auto$ff.cc:337:slice$2924 ($_DFF_N_) from module ID_stage (D = $auto$rtlil.cc:3402:Mux$397, Q = \regfile_unit.register_file_data[4] [1]).
Adding EN signal on $auto$ff.cc:337:slice$2925 ($_DFF_N_) from module ID_stage (D = $auto$rtlil.cc:3402:Mux$401, Q = \regfile_unit.register_file_data[4] [2]).
Adding EN signal on $auto$ff.cc:337:slice$2926 ($_DFF_N_) from module ID_stage (D = $auto$rtlil.cc:3402:Mux$405, Q = \regfile_unit.register_file_data[4] [3]).
Adding EN signal on $auto$ff.cc:337:slice$2927 ($_DFF_N_) from module ID_stage (D = $auto$rtlil.cc:3402:Mux$409, Q = \regfile_unit.register_file_data[4] [4]).
Adding EN signal on $auto$ff.cc:337:slice$2928 ($_DFF_N_) from module ID_stage (D = $auto$rtlil.cc:3402:Mux$413, Q = \regfile_unit.register_file_data[4] [5]).
Adding EN signal on $auto$ff.cc:337:slice$2929 ($_DFF_N_) from module ID_stage (D = $auto$rtlil.cc:3402:Mux$417, Q = \regfile_unit.register_file_data[4] [6]).
Adding EN signal on $auto$ff.cc:337:slice$2930 ($_DFF_N_) from module ID_stage (D = $auto$rtlil.cc:3402:Mux$421, Q = \regfile_unit.register_file_data[4] [7]).
Adding EN signal on $auto$ff.cc:337:slice$2931 ($_DFF_N_) from module ID_stage (D = $auto$rtlil.cc:3402:Mux$425, Q = \regfile_unit.register_file_data[4] [8]).
Adding EN signal on $auto$ff.cc:337:slice$2932 ($_DFF_N_) from module ID_stage (D = $auto$rtlil.cc:3402:Mux$429, Q = \regfile_unit.register_file_data[4] [9]).
Adding EN signal on $auto$ff.cc:337:slice$2933 ($_DFF_N_) from module ID_stage (D = $auto$rtlil.cc:3402:Mux$433, Q = \regfile_unit.register_file_data[4] [10]).
Adding EN signal on $auto$ff.cc:337:slice$2934 ($_DFF_N_) from module ID_stage (D = $auto$rtlil.cc:3402:Mux$437, Q = \regfile_unit.register_file_data[4] [11]).
Adding EN signal on $auto$ff.cc:337:slice$2935 ($_DFF_N_) from module ID_stage (D = $auto$rtlil.cc:3402:Mux$441, Q = \regfile_unit.register_file_data[4] [12]).
Adding EN signal on $auto$ff.cc:337:slice$2936 ($_DFF_N_) from module ID_stage (D = $auto$rtlil.cc:3402:Mux$445, Q = \regfile_unit.register_file_data[4] [13]).
Adding EN signal on $auto$ff.cc:337:slice$2937 ($_DFF_N_) from module ID_stage (D = $auto$rtlil.cc:3402:Mux$449, Q = \regfile_unit.register_file_data[4] [14]).
Adding EN signal on $auto$ff.cc:337:slice$2939 ($_DFF_N_) from module ID_stage (D = $auto$rtlil.cc:3402:Mux$393, Q = \regfile_unit.register_file_data[5] [0]).
Adding EN signal on $auto$ff.cc:337:slice$2940 ($_DFF_N_) from module ID_stage (D = $auto$rtlil.cc:3402:Mux$397, Q = \regfile_unit.register_file_data[5] [1]).
Adding EN signal on $auto$ff.cc:337:slice$2941 ($_DFF_N_) from module ID_stage (D = $auto$rtlil.cc:3402:Mux$401, Q = \regfile_unit.register_file_data[5] [2]).
Adding EN signal on $auto$ff.cc:337:slice$2942 ($_DFF_N_) from module ID_stage (D = $auto$rtlil.cc:3402:Mux$405, Q = \regfile_unit.register_file_data[5] [3]).
Adding EN signal on $auto$ff.cc:337:slice$2943 ($_DFF_N_) from module ID_stage (D = $auto$rtlil.cc:3402:Mux$409, Q = \regfile_unit.register_file_data[5] [4]).
Adding EN signal on $auto$ff.cc:337:slice$2944 ($_DFF_N_) from module ID_stage (D = $auto$rtlil.cc:3402:Mux$413, Q = \regfile_unit.register_file_data[5] [5]).
Adding EN signal on $auto$ff.cc:337:slice$2945 ($_DFF_N_) from module ID_stage (D = $auto$rtlil.cc:3402:Mux$417, Q = \regfile_unit.register_file_data[5] [6]).
Adding EN signal on $auto$ff.cc:337:slice$2946 ($_DFF_N_) from module ID_stage (D = $auto$rtlil.cc:3402:Mux$421, Q = \regfile_unit.register_file_data[5] [7]).
Adding EN signal on $auto$ff.cc:337:slice$2947 ($_DFF_N_) from module ID_stage (D = $auto$rtlil.cc:3402:Mux$425, Q = \regfile_unit.register_file_data[5] [8]).
Adding EN signal on $auto$ff.cc:337:slice$2948 ($_DFF_N_) from module ID_stage (D = $auto$rtlil.cc:3402:Mux$429, Q = \regfile_unit.register_file_data[5] [9]).
Adding EN signal on $auto$ff.cc:337:slice$2949 ($_DFF_N_) from module ID_stage (D = $auto$rtlil.cc:3402:Mux$433, Q = \regfile_unit.register_file_data[5] [10]).
Adding EN signal on $auto$ff.cc:337:slice$2950 ($_DFF_N_) from module ID_stage (D = $auto$rtlil.cc:3402:Mux$437, Q = \regfile_unit.register_file_data[5] [11]).
Adding EN signal on $auto$ff.cc:337:slice$2951 ($_DFF_N_) from module ID_stage (D = $auto$rtlil.cc:3402:Mux$441, Q = \regfile_unit.register_file_data[5] [12]).
Adding EN signal on $auto$ff.cc:337:slice$2952 ($_DFF_N_) from module ID_stage (D = $auto$rtlil.cc:3402:Mux$445, Q = \regfile_unit.register_file_data[5] [13]).
Adding EN signal on $auto$ff.cc:337:slice$2953 ($_DFF_N_) from module ID_stage (D = $auto$rtlil.cc:3402:Mux$449, Q = \regfile_unit.register_file_data[5] [14]).
Adding EN signal on $auto$ff.cc:337:slice$2955 ($_DFF_N_) from module ID_stage (D = $auto$rtlil.cc:3402:Mux$393, Q = \regfile_unit.register_file_data[6] [0]).
Adding EN signal on $auto$ff.cc:337:slice$2956 ($_DFF_N_) from module ID_stage (D = $auto$rtlil.cc:3402:Mux$397, Q = \regfile_unit.register_file_data[6] [1]).
Adding EN signal on $auto$ff.cc:337:slice$2957 ($_DFF_N_) from module ID_stage (D = $auto$rtlil.cc:3402:Mux$401, Q = \regfile_unit.register_file_data[6] [2]).
Adding EN signal on $auto$ff.cc:337:slice$2958 ($_DFF_N_) from module ID_stage (D = $auto$rtlil.cc:3402:Mux$405, Q = \regfile_unit.register_file_data[6] [3]).
Adding EN signal on $auto$ff.cc:337:slice$2959 ($_DFF_N_) from module ID_stage (D = $auto$rtlil.cc:3402:Mux$409, Q = \regfile_unit.register_file_data[6] [4]).
Adding EN signal on $auto$ff.cc:337:slice$2960 ($_DFF_N_) from module ID_stage (D = $auto$rtlil.cc:3402:Mux$413, Q = \regfile_unit.register_file_data[6] [5]).
Adding EN signal on $auto$ff.cc:337:slice$2961 ($_DFF_N_) from module ID_stage (D = $auto$rtlil.cc:3402:Mux$417, Q = \regfile_unit.register_file_data[6] [6]).
Adding EN signal on $auto$ff.cc:337:slice$2962 ($_DFF_N_) from module ID_stage (D = $auto$rtlil.cc:3402:Mux$421, Q = \regfile_unit.register_file_data[6] [7]).
Adding EN signal on $auto$ff.cc:337:slice$2963 ($_DFF_N_) from module ID_stage (D = $auto$rtlil.cc:3402:Mux$425, Q = \regfile_unit.register_file_data[6] [8]).
Adding EN signal on $auto$ff.cc:337:slice$2964 ($_DFF_N_) from module ID_stage (D = $auto$rtlil.cc:3402:Mux$429, Q = \regfile_unit.register_file_data[6] [9]).
Adding EN signal on $auto$ff.cc:337:slice$2965 ($_DFF_N_) from module ID_stage (D = $auto$rtlil.cc:3402:Mux$433, Q = \regfile_unit.register_file_data[6] [10]).
Adding EN signal on $auto$ff.cc:337:slice$2966 ($_DFF_N_) from module ID_stage (D = $auto$rtlil.cc:3402:Mux$437, Q = \regfile_unit.register_file_data[6] [11]).
Adding EN signal on $auto$ff.cc:337:slice$2967 ($_DFF_N_) from module ID_stage (D = $auto$rtlil.cc:3402:Mux$441, Q = \regfile_unit.register_file_data[6] [12]).
Adding EN signal on $auto$ff.cc:337:slice$2968 ($_DFF_N_) from module ID_stage (D = $auto$rtlil.cc:3402:Mux$445, Q = \regfile_unit.register_file_data[6] [13]).
Adding EN signal on $auto$ff.cc:337:slice$2969 ($_DFF_N_) from module ID_stage (D = $auto$rtlil.cc:3402:Mux$449, Q = \regfile_unit.register_file_data[6] [14]).
Adding EN signal on $auto$ff.cc:337:slice$2971 ($_DFF_N_) from module ID_stage (D = $auto$rtlil.cc:3402:Mux$393, Q = \regfile_unit.register_file_data[7] [0]).
Adding EN signal on $auto$ff.cc:337:slice$2972 ($_DFF_N_) from module ID_stage (D = $auto$rtlil.cc:3402:Mux$397, Q = \regfile_unit.register_file_data[7] [1]).
Adding EN signal on $auto$ff.cc:337:slice$2973 ($_DFF_N_) from module ID_stage (D = $auto$rtlil.cc:3402:Mux$401, Q = \regfile_unit.register_file_data[7] [2]).
Adding EN signal on $auto$ff.cc:337:slice$2974 ($_DFF_N_) from module ID_stage (D = $auto$rtlil.cc:3402:Mux$405, Q = \regfile_unit.register_file_data[7] [3]).
Adding EN signal on $auto$ff.cc:337:slice$2975 ($_DFF_N_) from module ID_stage (D = $auto$rtlil.cc:3402:Mux$409, Q = \regfile_unit.register_file_data[7] [4]).
Adding EN signal on $auto$ff.cc:337:slice$2976 ($_DFF_N_) from module ID_stage (D = $auto$rtlil.cc:3402:Mux$413, Q = \regfile_unit.register_file_data[7] [5]).
Adding EN signal on $auto$ff.cc:337:slice$2977 ($_DFF_N_) from module ID_stage (D = $auto$rtlil.cc:3402:Mux$417, Q = \regfile_unit.register_file_data[7] [6]).
Adding EN signal on $auto$ff.cc:337:slice$2978 ($_DFF_N_) from module ID_stage (D = $auto$rtlil.cc:3402:Mux$421, Q = \regfile_unit.register_file_data[7] [7]).
Adding EN signal on $auto$ff.cc:337:slice$2979 ($_DFF_N_) from module ID_stage (D = $auto$rtlil.cc:3402:Mux$425, Q = \regfile_unit.register_file_data[7] [8]).
Adding EN signal on $auto$ff.cc:337:slice$2980 ($_DFF_N_) from module ID_stage (D = $auto$rtlil.cc:3402:Mux$429, Q = \regfile_unit.register_file_data[7] [9]).
Adding EN signal on $auto$ff.cc:337:slice$2981 ($_DFF_N_) from module ID_stage (D = $auto$rtlil.cc:3402:Mux$433, Q = \regfile_unit.register_file_data[7] [10]).
Adding EN signal on $auto$ff.cc:337:slice$2982 ($_DFF_N_) from module ID_stage (D = $auto$rtlil.cc:3402:Mux$437, Q = \regfile_unit.register_file_data[7] [11]).
Adding EN signal on $auto$ff.cc:337:slice$2983 ($_DFF_N_) from module ID_stage (D = $auto$rtlil.cc:3402:Mux$441, Q = \regfile_unit.register_file_data[7] [12]).
Adding EN signal on $auto$ff.cc:337:slice$2984 ($_DFF_N_) from module ID_stage (D = $auto$rtlil.cc:3402:Mux$445, Q = \regfile_unit.register_file_data[7] [13]).
Adding EN signal on $auto$ff.cc:337:slice$2985 ($_DFF_N_) from module ID_stage (D = $auto$rtlil.cc:3402:Mux$449, Q = \regfile_unit.register_file_data[7] [14]).
Adding EN signal on $auto$ff.cc:337:slice$2987 ($_DFF_N_) from module ID_stage (D = $auto$rtlil.cc:3402:Mux$393, Q = \regfile_unit.register_file_data[8] [0]).
Adding EN signal on $auto$ff.cc:337:slice$2988 ($_DFF_N_) from module ID_stage (D = $auto$rtlil.cc:3402:Mux$397, Q = \regfile_unit.register_file_data[8] [1]).
Adding EN signal on $auto$ff.cc:337:slice$2989 ($_DFF_N_) from module ID_stage (D = $auto$rtlil.cc:3402:Mux$401, Q = \regfile_unit.register_file_data[8] [2]).
Adding EN signal on $auto$ff.cc:337:slice$2990 ($_DFF_N_) from module ID_stage (D = $auto$rtlil.cc:3402:Mux$405, Q = \regfile_unit.register_file_data[8] [3]).
Adding EN signal on $auto$ff.cc:337:slice$2991 ($_DFF_N_) from module ID_stage (D = $auto$rtlil.cc:3402:Mux$409, Q = \regfile_unit.register_file_data[8] [4]).
Adding EN signal on $auto$ff.cc:337:slice$2992 ($_DFF_N_) from module ID_stage (D = $auto$rtlil.cc:3402:Mux$413, Q = \regfile_unit.register_file_data[8] [5]).
Adding EN signal on $auto$ff.cc:337:slice$2993 ($_DFF_N_) from module ID_stage (D = $auto$rtlil.cc:3402:Mux$417, Q = \regfile_unit.register_file_data[8] [6]).
Adding EN signal on $auto$ff.cc:337:slice$2994 ($_DFF_N_) from module ID_stage (D = $auto$rtlil.cc:3402:Mux$421, Q = \regfile_unit.register_file_data[8] [7]).
Adding EN signal on $auto$ff.cc:337:slice$2995 ($_DFF_N_) from module ID_stage (D = $auto$rtlil.cc:3402:Mux$425, Q = \regfile_unit.register_file_data[8] [8]).
Adding EN signal on $auto$ff.cc:337:slice$2996 ($_DFF_N_) from module ID_stage (D = $auto$rtlil.cc:3402:Mux$429, Q = \regfile_unit.register_file_data[8] [9]).
Adding EN signal on $auto$ff.cc:337:slice$2997 ($_DFF_N_) from module ID_stage (D = $auto$rtlil.cc:3402:Mux$433, Q = \regfile_unit.register_file_data[8] [10]).
Adding EN signal on $auto$ff.cc:337:slice$2998 ($_DFF_N_) from module ID_stage (D = $auto$rtlil.cc:3402:Mux$437, Q = \regfile_unit.register_file_data[8] [11]).
Adding EN signal on $auto$ff.cc:337:slice$2999 ($_DFF_N_) from module ID_stage (D = $auto$rtlil.cc:3402:Mux$441, Q = \regfile_unit.register_file_data[8] [12]).
Adding EN signal on $auto$ff.cc:337:slice$3000 ($_DFF_N_) from module ID_stage (D = $auto$rtlil.cc:3402:Mux$445, Q = \regfile_unit.register_file_data[8] [13]).
Adding EN signal on $auto$ff.cc:337:slice$3001 ($_DFF_N_) from module ID_stage (D = $auto$rtlil.cc:3402:Mux$449, Q = \regfile_unit.register_file_data[8] [14]).
Adding EN signal on $auto$ff.cc:337:slice$3003 ($_DFF_N_) from module ID_stage (D = $auto$rtlil.cc:3402:Mux$393, Q = \regfile_unit.register_file_data[9] [0]).
Adding EN signal on $auto$ff.cc:337:slice$3004 ($_DFF_N_) from module ID_stage (D = $auto$rtlil.cc:3402:Mux$397, Q = \regfile_unit.register_file_data[9] [1]).
Adding EN signal on $auto$ff.cc:337:slice$3005 ($_DFF_N_) from module ID_stage (D = $auto$rtlil.cc:3402:Mux$401, Q = \regfile_unit.register_file_data[9] [2]).
Adding EN signal on $auto$ff.cc:337:slice$3006 ($_DFF_N_) from module ID_stage (D = $auto$rtlil.cc:3402:Mux$405, Q = \regfile_unit.register_file_data[9] [3]).
Adding EN signal on $auto$ff.cc:337:slice$3007 ($_DFF_N_) from module ID_stage (D = $auto$rtlil.cc:3402:Mux$409, Q = \regfile_unit.register_file_data[9] [4]).
Adding EN signal on $auto$ff.cc:337:slice$3008 ($_DFF_N_) from module ID_stage (D = $auto$rtlil.cc:3402:Mux$413, Q = \regfile_unit.register_file_data[9] [5]).
Adding EN signal on $auto$ff.cc:337:slice$3009 ($_DFF_N_) from module ID_stage (D = $auto$rtlil.cc:3402:Mux$417, Q = \regfile_unit.register_file_data[9] [6]).
Adding EN signal on $auto$ff.cc:337:slice$3010 ($_DFF_N_) from module ID_stage (D = $auto$rtlil.cc:3402:Mux$421, Q = \regfile_unit.register_file_data[9] [7]).
Adding EN signal on $auto$ff.cc:337:slice$3011 ($_DFF_N_) from module ID_stage (D = $auto$rtlil.cc:3402:Mux$425, Q = \regfile_unit.register_file_data[9] [8]).
Adding EN signal on $auto$ff.cc:337:slice$3012 ($_DFF_N_) from module ID_stage (D = $auto$rtlil.cc:3402:Mux$429, Q = \regfile_unit.register_file_data[9] [9]).
Adding EN signal on $auto$ff.cc:337:slice$3013 ($_DFF_N_) from module ID_stage (D = $auto$rtlil.cc:3402:Mux$433, Q = \regfile_unit.register_file_data[9] [10]).
Adding EN signal on $auto$ff.cc:337:slice$3014 ($_DFF_N_) from module ID_stage (D = $auto$rtlil.cc:3402:Mux$437, Q = \regfile_unit.register_file_data[9] [11]).
Adding EN signal on $auto$ff.cc:337:slice$3015 ($_DFF_N_) from module ID_stage (D = $auto$rtlil.cc:3402:Mux$441, Q = \regfile_unit.register_file_data[9] [12]).
Adding EN signal on $auto$ff.cc:337:slice$3016 ($_DFF_N_) from module ID_stage (D = $auto$rtlil.cc:3402:Mux$445, Q = \regfile_unit.register_file_data[9] [13]).
Adding EN signal on $auto$ff.cc:337:slice$3017 ($_DFF_N_) from module ID_stage (D = $auto$rtlil.cc:3402:Mux$449, Q = \regfile_unit.register_file_data[9] [14]).
Adding EN signal on $auto$ff.cc:337:slice$3019 ($_DFF_N_) from module ID_stage (D = $auto$rtlil.cc:3402:Mux$393, Q = \regfile_unit.register_file_data[10] [0]).
Adding EN signal on $auto$ff.cc:337:slice$3020 ($_DFF_N_) from module ID_stage (D = $auto$rtlil.cc:3402:Mux$397, Q = \regfile_unit.register_file_data[10] [1]).
Adding EN signal on $auto$ff.cc:337:slice$3021 ($_DFF_N_) from module ID_stage (D = $auto$rtlil.cc:3402:Mux$401, Q = \regfile_unit.register_file_data[10] [2]).
Adding EN signal on $auto$ff.cc:337:slice$3022 ($_DFF_N_) from module ID_stage (D = $auto$rtlil.cc:3402:Mux$405, Q = \regfile_unit.register_file_data[10] [3]).
Adding EN signal on $auto$ff.cc:337:slice$3023 ($_DFF_N_) from module ID_stage (D = $auto$rtlil.cc:3402:Mux$409, Q = \regfile_unit.register_file_data[10] [4]).
Adding EN signal on $auto$ff.cc:337:slice$3024 ($_DFF_N_) from module ID_stage (D = $auto$rtlil.cc:3402:Mux$413, Q = \regfile_unit.register_file_data[10] [5]).
Adding EN signal on $auto$ff.cc:337:slice$3025 ($_DFF_N_) from module ID_stage (D = $auto$rtlil.cc:3402:Mux$417, Q = \regfile_unit.register_file_data[10] [6]).
Adding EN signal on $auto$ff.cc:337:slice$3026 ($_DFF_N_) from module ID_stage (D = $auto$rtlil.cc:3402:Mux$421, Q = \regfile_unit.register_file_data[10] [7]).
Adding EN signal on $auto$ff.cc:337:slice$3027 ($_DFF_N_) from module ID_stage (D = $auto$rtlil.cc:3402:Mux$425, Q = \regfile_unit.register_file_data[10] [8]).
Adding EN signal on $auto$ff.cc:337:slice$3028 ($_DFF_N_) from module ID_stage (D = $auto$rtlil.cc:3402:Mux$429, Q = \regfile_unit.register_file_data[10] [9]).
Adding EN signal on $auto$ff.cc:337:slice$3029 ($_DFF_N_) from module ID_stage (D = $auto$rtlil.cc:3402:Mux$433, Q = \regfile_unit.register_file_data[10] [10]).
Adding EN signal on $auto$ff.cc:337:slice$3030 ($_DFF_N_) from module ID_stage (D = $auto$rtlil.cc:3402:Mux$437, Q = \regfile_unit.register_file_data[10] [11]).
Adding EN signal on $auto$ff.cc:337:slice$3031 ($_DFF_N_) from module ID_stage (D = $auto$rtlil.cc:3402:Mux$441, Q = \regfile_unit.register_file_data[10] [12]).
Adding EN signal on $auto$ff.cc:337:slice$3032 ($_DFF_N_) from module ID_stage (D = $auto$rtlil.cc:3402:Mux$445, Q = \regfile_unit.register_file_data[10] [13]).
Adding EN signal on $auto$ff.cc:337:slice$3033 ($_DFF_N_) from module ID_stage (D = $auto$rtlil.cc:3402:Mux$449, Q = \regfile_unit.register_file_data[10] [14]).
Adding EN signal on $auto$ff.cc:337:slice$3035 ($_DFF_N_) from module ID_stage (D = $auto$rtlil.cc:3402:Mux$393, Q = \regfile_unit.register_file_data[11] [0]).
Adding EN signal on $auto$ff.cc:337:slice$3036 ($_DFF_N_) from module ID_stage (D = $auto$rtlil.cc:3402:Mux$397, Q = \regfile_unit.register_file_data[11] [1]).
Adding EN signal on $auto$ff.cc:337:slice$3037 ($_DFF_N_) from module ID_stage (D = $auto$rtlil.cc:3402:Mux$401, Q = \regfile_unit.register_file_data[11] [2]).
Adding EN signal on $auto$ff.cc:337:slice$3038 ($_DFF_N_) from module ID_stage (D = $auto$rtlil.cc:3402:Mux$405, Q = \regfile_unit.register_file_data[11] [3]).
Adding EN signal on $auto$ff.cc:337:slice$3039 ($_DFF_N_) from module ID_stage (D = $auto$rtlil.cc:3402:Mux$409, Q = \regfile_unit.register_file_data[11] [4]).
Adding EN signal on $auto$ff.cc:337:slice$3040 ($_DFF_N_) from module ID_stage (D = $auto$rtlil.cc:3402:Mux$413, Q = \regfile_unit.register_file_data[11] [5]).
Adding EN signal on $auto$ff.cc:337:slice$3041 ($_DFF_N_) from module ID_stage (D = $auto$rtlil.cc:3402:Mux$417, Q = \regfile_unit.register_file_data[11] [6]).
Adding EN signal on $auto$ff.cc:337:slice$3042 ($_DFF_N_) from module ID_stage (D = $auto$rtlil.cc:3402:Mux$421, Q = \regfile_unit.register_file_data[11] [7]).
Adding EN signal on $auto$ff.cc:337:slice$3043 ($_DFF_N_) from module ID_stage (D = $auto$rtlil.cc:3402:Mux$425, Q = \regfile_unit.register_file_data[11] [8]).
Adding EN signal on $auto$ff.cc:337:slice$3044 ($_DFF_N_) from module ID_stage (D = $auto$rtlil.cc:3402:Mux$429, Q = \regfile_unit.register_file_data[11] [9]).
Adding EN signal on $auto$ff.cc:337:slice$3045 ($_DFF_N_) from module ID_stage (D = $auto$rtlil.cc:3402:Mux$433, Q = \regfile_unit.register_file_data[11] [10]).
Adding EN signal on $auto$ff.cc:337:slice$3046 ($_DFF_N_) from module ID_stage (D = $auto$rtlil.cc:3402:Mux$437, Q = \regfile_unit.register_file_data[11] [11]).
Adding EN signal on $auto$ff.cc:337:slice$3047 ($_DFF_N_) from module ID_stage (D = $auto$rtlil.cc:3402:Mux$441, Q = \regfile_unit.register_file_data[11] [12]).
Adding EN signal on $auto$ff.cc:337:slice$3048 ($_DFF_N_) from module ID_stage (D = $auto$rtlil.cc:3402:Mux$445, Q = \regfile_unit.register_file_data[11] [13]).
Adding EN signal on $auto$ff.cc:337:slice$3049 ($_DFF_N_) from module ID_stage (D = $auto$rtlil.cc:3402:Mux$449, Q = \regfile_unit.register_file_data[11] [14]).
Adding EN signal on $auto$ff.cc:337:slice$3051 ($_DFF_N_) from module ID_stage (D = $auto$rtlil.cc:3402:Mux$393, Q = \regfile_unit.register_file_data[12] [0]).
Adding EN signal on $auto$ff.cc:337:slice$3052 ($_DFF_N_) from module ID_stage (D = $auto$rtlil.cc:3402:Mux$397, Q = \regfile_unit.register_file_data[12] [1]).
Adding EN signal on $auto$ff.cc:337:slice$3053 ($_DFF_N_) from module ID_stage (D = $auto$rtlil.cc:3402:Mux$401, Q = \regfile_unit.register_file_data[12] [2]).
Adding EN signal on $auto$ff.cc:337:slice$3054 ($_DFF_N_) from module ID_stage (D = $auto$rtlil.cc:3402:Mux$405, Q = \regfile_unit.register_file_data[12] [3]).
Adding EN signal on $auto$ff.cc:337:slice$3055 ($_DFF_N_) from module ID_stage (D = $auto$rtlil.cc:3402:Mux$409, Q = \regfile_unit.register_file_data[12] [4]).
Adding EN signal on $auto$ff.cc:337:slice$3056 ($_DFF_N_) from module ID_stage (D = $auto$rtlil.cc:3402:Mux$413, Q = \regfile_unit.register_file_data[12] [5]).
Adding EN signal on $auto$ff.cc:337:slice$3057 ($_DFF_N_) from module ID_stage (D = $auto$rtlil.cc:3402:Mux$417, Q = \regfile_unit.register_file_data[12] [6]).
Adding EN signal on $auto$ff.cc:337:slice$3058 ($_DFF_N_) from module ID_stage (D = $auto$rtlil.cc:3402:Mux$421, Q = \regfile_unit.register_file_data[12] [7]).
Adding EN signal on $auto$ff.cc:337:slice$3059 ($_DFF_N_) from module ID_stage (D = $auto$rtlil.cc:3402:Mux$425, Q = \regfile_unit.register_file_data[12] [8]).
Adding EN signal on $auto$ff.cc:337:slice$3060 ($_DFF_N_) from module ID_stage (D = $auto$rtlil.cc:3402:Mux$429, Q = \regfile_unit.register_file_data[12] [9]).
Adding EN signal on $auto$ff.cc:337:slice$3061 ($_DFF_N_) from module ID_stage (D = $auto$rtlil.cc:3402:Mux$433, Q = \regfile_unit.register_file_data[12] [10]).
Adding EN signal on $auto$ff.cc:337:slice$3062 ($_DFF_N_) from module ID_stage (D = $auto$rtlil.cc:3402:Mux$437, Q = \regfile_unit.register_file_data[12] [11]).
Adding EN signal on $auto$ff.cc:337:slice$3063 ($_DFF_N_) from module ID_stage (D = $auto$rtlil.cc:3402:Mux$441, Q = \regfile_unit.register_file_data[12] [12]).
Adding EN signal on $auto$ff.cc:337:slice$3064 ($_DFF_N_) from module ID_stage (D = $auto$rtlil.cc:3402:Mux$445, Q = \regfile_unit.register_file_data[12] [13]).
Adding EN signal on $auto$ff.cc:337:slice$3065 ($_DFF_N_) from module ID_stage (D = $auto$rtlil.cc:3402:Mux$449, Q = \regfile_unit.register_file_data[12] [14]).
Adding EN signal on $auto$ff.cc:337:slice$3067 ($_DFF_N_) from module ID_stage (D = $auto$rtlil.cc:3402:Mux$393, Q = \regfile_unit.register_file_data[13] [0]).
Adding EN signal on $auto$ff.cc:337:slice$3068 ($_DFF_N_) from module ID_stage (D = $auto$rtlil.cc:3402:Mux$397, Q = \regfile_unit.register_file_data[13] [1]).
Adding EN signal on $auto$ff.cc:337:slice$3069 ($_DFF_N_) from module ID_stage (D = $auto$rtlil.cc:3402:Mux$401, Q = \regfile_unit.register_file_data[13] [2]).
Adding EN signal on $auto$ff.cc:337:slice$3070 ($_DFF_N_) from module ID_stage (D = $auto$rtlil.cc:3402:Mux$405, Q = \regfile_unit.register_file_data[13] [3]).
Adding EN signal on $auto$ff.cc:337:slice$3071 ($_DFF_N_) from module ID_stage (D = $auto$rtlil.cc:3402:Mux$409, Q = \regfile_unit.register_file_data[13] [4]).
Adding EN signal on $auto$ff.cc:337:slice$3072 ($_DFF_N_) from module ID_stage (D = $auto$rtlil.cc:3402:Mux$413, Q = \regfile_unit.register_file_data[13] [5]).
Adding EN signal on $auto$ff.cc:337:slice$3073 ($_DFF_N_) from module ID_stage (D = $auto$rtlil.cc:3402:Mux$417, Q = \regfile_unit.register_file_data[13] [6]).
Adding EN signal on $auto$ff.cc:337:slice$3074 ($_DFF_N_) from module ID_stage (D = $auto$rtlil.cc:3402:Mux$421, Q = \regfile_unit.register_file_data[13] [7]).
Adding EN signal on $auto$ff.cc:337:slice$3075 ($_DFF_N_) from module ID_stage (D = $auto$rtlil.cc:3402:Mux$425, Q = \regfile_unit.register_file_data[13] [8]).
Adding EN signal on $auto$ff.cc:337:slice$3076 ($_DFF_N_) from module ID_stage (D = $auto$rtlil.cc:3402:Mux$429, Q = \regfile_unit.register_file_data[13] [9]).
Adding EN signal on $auto$ff.cc:337:slice$3077 ($_DFF_N_) from module ID_stage (D = $auto$rtlil.cc:3402:Mux$433, Q = \regfile_unit.register_file_data[13] [10]).
Adding EN signal on $auto$ff.cc:337:slice$3078 ($_DFF_N_) from module ID_stage (D = $auto$rtlil.cc:3402:Mux$437, Q = \regfile_unit.register_file_data[13] [11]).
Adding EN signal on $auto$ff.cc:337:slice$3079 ($_DFF_N_) from module ID_stage (D = $auto$rtlil.cc:3402:Mux$441, Q = \regfile_unit.register_file_data[13] [12]).
Adding EN signal on $auto$ff.cc:337:slice$3080 ($_DFF_N_) from module ID_stage (D = $auto$rtlil.cc:3402:Mux$445, Q = \regfile_unit.register_file_data[13] [13]).
Adding EN signal on $auto$ff.cc:337:slice$3081 ($_DFF_N_) from module ID_stage (D = $auto$rtlil.cc:3402:Mux$449, Q = \regfile_unit.register_file_data[13] [14]).
Adding EN signal on $auto$ff.cc:337:slice$3083 ($_DFF_N_) from module ID_stage (D = $auto$rtlil.cc:3402:Mux$393, Q = \regfile_unit.register_file_data[14] [0]).
Adding EN signal on $auto$ff.cc:337:slice$3084 ($_DFF_N_) from module ID_stage (D = $auto$rtlil.cc:3402:Mux$397, Q = \regfile_unit.register_file_data[14] [1]).
Adding EN signal on $auto$ff.cc:337:slice$3085 ($_DFF_N_) from module ID_stage (D = $auto$rtlil.cc:3402:Mux$401, Q = \regfile_unit.register_file_data[14] [2]).
Adding EN signal on $auto$ff.cc:337:slice$3086 ($_DFF_N_) from module ID_stage (D = $auto$rtlil.cc:3402:Mux$405, Q = \regfile_unit.register_file_data[14] [3]).
Adding EN signal on $auto$ff.cc:337:slice$3087 ($_DFF_N_) from module ID_stage (D = $auto$rtlil.cc:3402:Mux$409, Q = \regfile_unit.register_file_data[14] [4]).
Adding EN signal on $auto$ff.cc:337:slice$3088 ($_DFF_N_) from module ID_stage (D = $auto$rtlil.cc:3402:Mux$413, Q = \regfile_unit.register_file_data[14] [5]).
Adding EN signal on $auto$ff.cc:337:slice$3089 ($_DFF_N_) from module ID_stage (D = $auto$rtlil.cc:3402:Mux$417, Q = \regfile_unit.register_file_data[14] [6]).
Adding EN signal on $auto$ff.cc:337:slice$3090 ($_DFF_N_) from module ID_stage (D = $auto$rtlil.cc:3402:Mux$421, Q = \regfile_unit.register_file_data[14] [7]).
Adding EN signal on $auto$ff.cc:337:slice$3091 ($_DFF_N_) from module ID_stage (D = $auto$rtlil.cc:3402:Mux$425, Q = \regfile_unit.register_file_data[14] [8]).
Adding EN signal on $auto$ff.cc:337:slice$3092 ($_DFF_N_) from module ID_stage (D = $auto$rtlil.cc:3402:Mux$429, Q = \regfile_unit.register_file_data[14] [9]).
Adding EN signal on $auto$ff.cc:337:slice$3093 ($_DFF_N_) from module ID_stage (D = $auto$rtlil.cc:3402:Mux$433, Q = \regfile_unit.register_file_data[14] [10]).
Adding EN signal on $auto$ff.cc:337:slice$3094 ($_DFF_N_) from module ID_stage (D = $auto$rtlil.cc:3402:Mux$437, Q = \regfile_unit.register_file_data[14] [11]).
Adding EN signal on $auto$ff.cc:337:slice$3095 ($_DFF_N_) from module ID_stage (D = $auto$rtlil.cc:3402:Mux$441, Q = \regfile_unit.register_file_data[14] [12]).
Adding EN signal on $auto$ff.cc:337:slice$3096 ($_DFF_N_) from module ID_stage (D = $auto$rtlil.cc:3402:Mux$445, Q = \regfile_unit.register_file_data[14] [13]).
Adding EN signal on $auto$ff.cc:337:slice$3097 ($_DFF_N_) from module ID_stage (D = $auto$rtlil.cc:3402:Mux$449, Q = \regfile_unit.register_file_data[14] [14]).

27.4. Executing OPT_CLEAN pass (remove unused cells and wires).
Finding unused cells or wires in module \ID_stage..
Removed 241 unused cells and 747 unused wires.
<suppressed ~242 debug messages>

27.5. Rerunning OPT passes. (Removed registers in this run.)

27.6. Executing OPT_EXPR pass (perform const folding).
Optimizing module ID_stage.

27.7. Executing OPT_MERGE pass (detect identical cells).
Finding identical cells in module `\ID_stage'.
Computing hashes of 1338 cells of `\ID_stage'.
Finding duplicate cells in `\ID_stage'.
Removed a total of 0 cells.

27.8. Executing OPT_DFF pass (perform DFF optimizations).

27.9. Executing OPT_CLEAN pass (remove unused cells and wires).
Finding unused cells or wires in module \ID_stage..

27.10. Finished fast OPT passes.

28. Executing DFFLIBMAP pass (mapping DFF cells to sequential cells from liberty file).
  cell sky130_fd_sc_hd__dfxtp_1 (noninv, pins=3, area=20.02) is a direct match for cell type $_DFF_P_.
  cell sky130_fd_sc_hd__dfrtn_1 (noninv, pins=4, area=25.02) is a direct match for cell type $_DFF_NN0_.
  cell sky130_fd_sc_hd__dfrtp_1 (noninv, pins=4, area=25.02) is a direct match for cell type $_DFF_PN0_.
  cell sky130_fd_sc_hd__dfstp_2 (noninv, pins=4, area=26.28) is a direct match for cell type $_DFF_PN1_.
  cell sky130_fd_sc_hd__edfxtp_1 (noninv, pins=4, area=30.03) is a direct match for cell type $_DFFE_PP_.
  cell sky130_fd_sc_hd__dfbbn_1 (noninv, pins=6, area=32.53) is a direct match for cell type $_DFFSR_NNN_.
  cell sky130_fd_sc_hd__dfbbp_1 (noninv, pins=6, area=32.53) is a direct match for cell type $_DFFSR_PNN_.
  final dff cell mappings:
    unmapped dff cell: $_DFF_N_
    \sky130_fd_sc_hd__dfxtp_1 _DFF_P_ (.CLK( C), .D( D), .Q( Q));
    \sky130_fd_sc_hd__dfrtn_1 _DFF_NN0_ (.CLK_N( C), .D( D), .Q( Q), .RESET_B( R));
    unmapped dff cell: $_DFF_NN1_
    unmapped dff cell: $_DFF_NP0_
    unmapped dff cell: $_DFF_NP1_
    \sky130_fd_sc_hd__dfrtp_1 _DFF_PN0_ (.CLK( C), .D( D), .Q( Q), .RESET_B( R));
    \sky130_fd_sc_hd__dfstp_2 _DFF_PN1_ (.CLK( C), .D( D), .Q( Q), .SET_B( R));
    unmapped dff cell: $_DFF_PP0_
    unmapped dff cell: $_DFF_PP1_
    unmapped dff cell: $_DFFE_NN_
    unmapped dff cell: $_DFFE_NP_
    unmapped dff cell: $_DFFE_PN_
    \sky130_fd_sc_hd__edfxtp_1 _DFFE_PP_ (.CLK( C), .D( D), .DE( E), .Q( Q));
    \sky130_fd_sc_hd__dfbbn_1 _DFFSR_NNN_ (.CLK_N( C), .D( D), .Q( Q), .Q_N(~Q), .RESET_B( R), .SET_B( S));
    unmapped dff cell: $_DFFSR_NNP_
    unmapped dff cell: $_DFFSR_NPN_
    unmapped dff cell: $_DFFSR_NPP_
    \sky130_fd_sc_hd__dfbbp_1 _DFFSR_PNN_ (.CLK( C), .D( D), .Q( Q), .Q_N(~Q), .RESET_B( R), .SET_B( S));
    unmapped dff cell: $_DFFSR_PNP_
    unmapped dff cell: $_DFFSR_PPN_
    unmapped dff cell: $_DFFSR_PPP_

28.1. Executing DFFLEGALIZE pass (convert FFs to types supported by the target).
<suppressed ~24 debug messages>
Mapping DFF cells in module `\ID_stage':
  mapped 240 $_DFFE_PP_ cells to \sky130_fd_sc_hd__edfxtp_1 cells.

29. Executing ABC pass (technology mapping using ABC).

29.1. Extracting gate netlist of module `\ID_stage' to `<abc-temp-dir>/input.blif'..
ABC: using cached merged SCL: /tmp/yosys-liberty-scl-cache/yosys_merged_26d78acf.scl (1 files)
Replacing 32 occurrences of constant undef bits with constant zero bits

29.1.1. Executed ABC.
Extracted 1335 gates and 1677 wires to a netlist network with 291 inputs and 318 outputs.
Running ABC script: <abc-temp-dir>/abc.script
ABC: UC Berkeley, ABC 1.01 (compiled Jul 16 2026 03:52:11)
ABC: abc 01> empty
ABC: abc 01> source <abc-temp-dir>/abc.script
ABC: + read_blif <abc-temp-dir>/input.blif 
ABC: Warning: Constant-0 drivers added to 48 non-driven nets in network "netlist":
ABC: ys__n95, ys__n104, ys__n107, ys__n115 ...
ABC: + read_scl /tmp/yosys-liberty-scl-cache/yosys_merged_26d78acf.scl 
ABC: Warning: Detected 9 multi-output cells (for example, "sky130_fd_sc_hd__fa_1").
ABC: + strash 
ABC: + &get -n 
ABC: + &fraig -x 
ABC: + &put 
ABC: + scorr 
ABC: Warning: The network is combinational (run "fraig" or "fraig_sweep").
ABC: + dc2 
ABC: + dretime 
ABC: + strash 
ABC: + &get -n 
ABC: + &dch -f 
ABC: + &nf 
ABC: + &put 
ABC: + write_blif <abc-temp-dir>/output.blif 
ABC: 
ABC: YOSYS_ABC_DONE 

29.1.2. Re-integrating ABC results.
ABC RESULTS:   sky130_fd_sc_hd__a211oi_1 cells:        3
ABC RESULTS:   sky130_fd_sc_hd__a21o_1 cells:        5
ABC RESULTS:   sky130_fd_sc_hd__a21oi_1 cells:      126
ABC RESULTS:   sky130_fd_sc_hd__a221o_1 cells:        3
ABC RESULTS:   sky130_fd_sc_hd__a221oi_1 cells:       25
ABC RESULTS:   sky130_fd_sc_hd__a222oi_1 cells:        7
ABC RESULTS:   sky130_fd_sc_hd__a22oi_1 cells:      100
ABC RESULTS:   sky130_fd_sc_hd__a31o_1 cells:        1
ABC RESULTS:   sky130_fd_sc_hd__a31oi_1 cells:        6
ABC RESULTS:   sky130_fd_sc_hd__a32o_1 cells:        9
ABC RESULTS:   sky130_fd_sc_hd__a32oi_1 cells:        3
ABC RESULTS:   sky130_fd_sc_hd__and2_0 cells:        3
ABC RESULTS:   sky130_fd_sc_hd__and3_1 cells:        4
ABC RESULTS:   sky130_fd_sc_hd__clkinv_1 cells:      264
ABC RESULTS:   sky130_fd_sc_hd__lpflow_inputiso1p_1 cells:        4
ABC RESULTS:   sky130_fd_sc_hd__lpflow_isobufsrc_1 cells:       13
ABC RESULTS:   sky130_fd_sc_hd__mux2_1 cells:       16
ABC RESULTS:   sky130_fd_sc_hd__mux2i_1 cells:       44
ABC RESULTS:   sky130_fd_sc_hd__mux4_2 cells:       49
ABC RESULTS:   sky130_fd_sc_hd__nand2_1 cells:       47
ABC RESULTS:   sky130_fd_sc_hd__nand2b_1 cells:        7
ABC RESULTS:   sky130_fd_sc_hd__nand3_1 cells:       18
ABC RESULTS:   sky130_fd_sc_hd__nand3b_1 cells:        1
ABC RESULTS:   sky130_fd_sc_hd__nand4_1 cells:        1
ABC RESULTS:   sky130_fd_sc_hd__nor2_1 cells:       67
ABC RESULTS:   sky130_fd_sc_hd__nor2b_1 cells:        5
ABC RESULTS:   sky130_fd_sc_hd__nor3_1 cells:       23
ABC RESULTS:   sky130_fd_sc_hd__nor4_1 cells:       13
ABC RESULTS:   sky130_fd_sc_hd__o2111ai_1 cells:        1
ABC RESULTS:   sky130_fd_sc_hd__o211ai_1 cells:       21
ABC RESULTS:   sky130_fd_sc_hd__o21ai_0 cells:       76
ABC RESULTS:   sky130_fd_sc_hd__o22ai_1 cells:       13
ABC RESULTS:   sky130_fd_sc_hd__o311ai_0 cells:        3
ABC RESULTS:   sky130_fd_sc_hd__o31a_1 cells:       14
ABC RESULTS:   sky130_fd_sc_hd__o31ai_1 cells:        2
ABC RESULTS:   sky130_fd_sc_hd__o32a_1 cells:        1
ABC RESULTS:   sky130_fd_sc_hd__o32ai_1 cells:       10
ABC RESULTS:   sky130_fd_sc_hd__or3_1 cells:       17
ABC RESULTS:   sky130_fd_sc_hd__or4_1 cells:        1
ABC RESULTS:   sky130_fd_sc_hd__or4b_1 cells:        1
ABC RESULTS:   sky130_fd_sc_hd__xnor2_1 cells:        2
ABC RESULTS:        internal signals:     1068
ABC RESULTS:           input signals:      291
ABC RESULTS:          output signals:      318
Removing temp directory.
Removing global temp directory.

30. Executing OPT_CLEAN pass (remove unused cells and wires).
Finding unused cells or wires in module \ID_stage..
Removed 0 unused cells and 877 unused wires.
<suppressed ~16 debug messages>

31. Printing statistics.

=== ID_stage ===

        +----------Local Count, excluding submodules.
        |        +-Local Area, excluding submodules.
        |        | 
     1060        - wires
     1611        - wire bits
       78        - public wires
      629        - public wire bits
       29        - ports
      185        - port bits
     1272 1.38E+04 cells
        3        -   $scopeinfo
        3   22.522   sky130_fd_sc_hd__a211oi_1
        5   37.536   sky130_fd_sc_hd__a21o_1
      126  630.605   sky130_fd_sc_hd__a21oi_1
        3   30.029   sky130_fd_sc_hd__a221o_1
       25   218.96   sky130_fd_sc_hd__a221oi_1
        7   70.067   sky130_fd_sc_hd__a222oi_1
      100   750.72   sky130_fd_sc_hd__a22oi_1
        1    8.758   sky130_fd_sc_hd__a31o_1
        6   37.536   sky130_fd_sc_hd__a31oi_1
        9   90.086   sky130_fd_sc_hd__a32o_1
        3   26.275   sky130_fd_sc_hd__a32oi_1
        3   18.768   sky130_fd_sc_hd__and2_0
        4   25.024   sky130_fd_sc_hd__and3_1
      264   990.95   sky130_fd_sc_hd__clkinv_1
      240 7.21E+03   sky130_fd_sc_hd__edfxtp_1
        4   25.024   sky130_fd_sc_hd__lpflow_inputiso1p_1
       13   81.328   sky130_fd_sc_hd__lpflow_isobufsrc_1
       16  180.173   sky130_fd_sc_hd__mux2_1
       44  440.422   sky130_fd_sc_hd__mux2i_1
       49  1.1E+03   sky130_fd_sc_hd__mux4_2
       47  176.419   sky130_fd_sc_hd__nand2_1
        7   43.792   sky130_fd_sc_hd__nand2b_1
       18   90.086   sky130_fd_sc_hd__nand3_1
        1    7.507   sky130_fd_sc_hd__nand3b_1
        1    6.256   sky130_fd_sc_hd__nand4_1
       67  251.491   sky130_fd_sc_hd__nor2_1
        5    31.28   sky130_fd_sc_hd__nor2b_1
       23   115.11   sky130_fd_sc_hd__nor3_1
       13   81.328   sky130_fd_sc_hd__nor4_1
        1    8.758   sky130_fd_sc_hd__o2111ai_1
       21  157.651   sky130_fd_sc_hd__o211ai_1
       76  380.365   sky130_fd_sc_hd__o21ai_0
       13   81.328   sky130_fd_sc_hd__o22ai_1
        3   26.275   sky130_fd_sc_hd__o311ai_0
       14  122.618   sky130_fd_sc_hd__o31a_1
        2   15.014   sky130_fd_sc_hd__o31ai_1
        1    10.01   sky130_fd_sc_hd__o32a_1
       10   87.584   sky130_fd_sc_hd__o32ai_1
       17  106.352   sky130_fd_sc_hd__or3_1
        1    7.507   sky130_fd_sc_hd__or4_1
        1    10.01   sky130_fd_sc_hd__or4b_1
        2   17.517   sky130_fd_sc_hd__xnor2_1

   Area for cell type $scopeinfo is unknown!

   Chip area for module '\ID_stage': 13829.513600
     of which used for sequential elements: 7206.912000 (52.11%)

Warnings: 3 unique messages, 8 total
End of script. Logfile hash: 48c4dcc178, time: 0.38s, user: 0.17s, system: 0.02s, MEM: 47.25 MB peak
Yosys 0.67+40 (git sha1 45ea2b8d6-dirty, Release, Clang /usr/bin/clang++ 18.1.8)
Time spent: 55% 1x abc (0 sec), 12% 1x stat (0 sec), ...
