┏━━━━━━━━━━━━━━━━━━━━━━┳━━━━━━━━━━┳━━━━━━━━━━┳━━━━━━━━━━┳━━━━━━━━━━┳━━━━━━━━━━━┳━━━━━━━━━━┳━━━━━━━━━━━┳━━━━━━━━━━┳━━━━━━━━━━━┳━━━━━━━━━━┳━━━━━━━━━━━┳━━━━━━━━━━┓
┃                      ┃ Hold     ┃ Reg to   ┃          ┃          ┃ of which  ┃ Setup    ┃           ┃          ┃           ┃ of which ┃           ┃          ┃
┃                      ┃ Worst    ┃ Reg      ┃          ┃ Hold Vio ┃ reg to    ┃ Worst    ┃ Reg to    ┃ Setup    ┃ Setup Vio ┃ reg to   ┃ Max Cap   ┃ Max Slew ┃
┃ Corner/Group         ┃ Slack    ┃ Paths    ┃ Hold TNS ┃ Count    ┃ reg       ┃ Slack    ┃ Reg Paths ┃ TNS      ┃ Count     ┃ reg      ┃ Violatio… ┃ Violati… ┃
┡━━━━━━━━━━━━━━━━━━━━━━╇━━━━━━━━━━╇━━━━━━━━━━╇━━━━━━━━━━╇━━━━━━━━━━╇━━━━━━━━━━━╇━━━━━━━━━━╇━━━━━━━━━━━╇━━━━━━━━━━╇━━━━━━━━━━━╇━━━━━━━━━━╇━━━━━━━━━━━╇━━━━━━━━━━┩
│ Overall              │ 0.1000   │ 0.1000   │ 0.0000   │ 0        │ 0         │ 6.4788   │ 11.2722   │ 0.0000   │ 0         │ 0        │ 15        │ 1778     │
│ nom_tt_025C_1v80     │ 0.2985   │ 0.2985   │ 0.0000   │ 0        │ 0         │ 8.7807   │ 14.4068   │ 0.0000   │ 0         │ 0        │ 0         │ 299      │
│ nom_ss_100C_1v60     │ 0.8247   │ 0.8247   │ 0.0000   │ 0        │ 0         │ 6.5395   │ 11.4960   │ 0.0000   │ 0         │ 0        │ 11        │ 1634     │
│ nom_ff_n40C_1v95     │ 0.1050   │ 0.1050   │ 0.0000   │ 0        │ 0         │ 9.1719   │ 15.5179   │ 0.0000   │ 0         │ 0        │ 0         │ 98       │
│ min_tt_025C_1v80     │ 0.2969   │ 0.2969   │ 0.0000   │ 0        │ 0         │ 8.8078   │ 14.5310   │ 0.0000   │ 0         │ 0        │ 0         │ 214      │
│ min_ss_100C_1v60     │ 0.8225   │ 0.8225   │ 0.0000   │ 0        │ 0         │ 6.6365   │ 11.7342   │ 0.0000   │ 0         │ 0        │ 8         │ 1399     │
│ min_ff_n40C_1v95     │ 0.1067   │ 0.1067   │ 0.0000   │ 0        │ 0         │ 9.1933   │ 15.5969   │ 0.0000   │ 0         │ 0        │ 0         │ 66       │
│ max_tt_025C_1v80     │ 0.2999   │ 0.2999   │ 0.0000   │ 0        │ 0         │ 8.7444   │ 14.2895   │ 0.0000   │ 0         │ 0        │ 1         │ 366      │
│ max_ss_100C_1v60     │ 0.8275   │ 0.8275   │ 0.0000   │ 0        │ 0         │ 6.4788   │ 11.2722   │ 0.0000   │ 0         │ 0        │ 15        │ 1778     │
│ max_ff_n40C_1v95     │ 0.1000   │ 0.1000   │ 0.0000   │ 0        │ 0         │ 9.1418   │ 15.4424   │ 0.0000   │ 0         │ 0        │ 1         │ 120      │
└──────────────────────┴──────────┴──────────┴──────────┴──────────┴───────────┴──────────┴───────────┴──────────┴───────────┴──────────┴───────────┴──────────┘
