%Warning-UNUSEDSIGNAL: /home/moein/projects/lithos/designs/ttsky26c-arm16/src/arm16_datapath.v:72:17: Bits of signal are not used: 'id_branch_imm'[23:14]
                                                                                                    : ... note: In instance 'tt_um_moein_maleki_arm16.arm16_datapath_unit'
   72 |     wire [23:0] id_branch_imm;
      |                 ^~~~~~~~~~~~~
                       ... For warning description see https://verilator.org/warn/UNUSEDSIGNAL?v=5.044
                       ... Use "/* verilator lint_off UNUSEDSIGNAL */" and lint_on around source to disable this message.
%Warning-UNUSEDSIGNAL: /home/moein/projects/lithos/designs/ttsky26c-arm16/src/arm16_datapath.v:113:17: Signal is not used: 'engine_fault'
                                                                                                     : ... note: In instance 'tt_um_moein_maleki_arm16.arm16_datapath_unit'
  113 |     wire        engine_fault;
      |                 ^~~~~~~~~~~~
%Warning-UNUSEDSIGNAL: /home/moein/projects/lithos/designs/ttsky26c-arm16/src/arm16_datapath.v:156:17: Bits of signal are not used: 'ex_flags'[3:2]
                                                                                                     : ... note: In instance 'tt_um_moein_maleki_arm16.arm16_datapath_unit'
  156 |     reg  [3:0]  ex_flags;
      |                 ^~~~~~~~
%Warning-UNUSEDSIGNAL: /home/moein/projects/lithos/designs/ttsky26c-arm16/src/barrel_shifter.v:13:17: Bits of signal are not used: 'rotate_amount'[3]
                                                                                                    : ... note: In instance 'tt_um_moein_maleki_arm16.arm16_datapath_unit.barrel_shifter_unit'
   13 |     wire [3:0]  rotate_amount;
      |                 ^~~~~~~~~~~~~
%Warning-UNUSEDSIGNAL: /home/moein/projects/lithos/designs/ttsky26c-arm16/src/barrel_shifter.v:19:17: Bits of signal are not used: 'imm_rail'[31:16]
                                                                                                    : ... note: In instance 'tt_um_moein_maleki_arm16.arm16_datapath_unit.barrel_shifter_unit'
   19 |     wire [31:0] imm_rail;
      |                 ^~~~~~~~
%Warning-UNUSEDSIGNAL: /home/moein/projects/lithos/designs/ttsky26c-arm16/src/barrel_shifter.v:21:17: Bits of signal are not used: 'value_rail'[31:16]
                                                                                                    : ... note: In instance 'tt_um_moein_maleki_arm16.arm16_datapath_unit.barrel_shifter_unit'
   21 |     wire [31:0] value_rail;
      |                 ^~~~~~~~~~
%Warning-UNUSEDPARAM: /home/moein/projects/lithos/designs/ttsky26c-arm16/src/alu.v:19:22: Parameter is not used: 'CMD_NOP'
                                                                                        : ... note: In instance 'tt_um_moein_maleki_arm16.arm16_datapath_unit.alu_unit'
   19 |     localparam [3:0] CMD_NOP = 4'b0000;
      |                      ^~~~~~~
                      ... For warning description see https://verilator.org/warn/UNUSEDPARAM?v=5.044
                      ... Use "/* verilator lint_off UNUSEDPARAM */" and lint_on around source to disable this message.
%Warning-UNUSEDSIGNAL: /home/moein/projects/lithos/designs/ttsky26c-arm16/src/demo_rom.v:6:24: Bits of signal are not used: 'address_in'[15:6]
                                                                                             : ... note: In instance 'tt_um_moein_maleki_arm16.arm16_datapath_unit.demo_rom_unit'
    6 |     input  wire [15:2] address_in,
      |                        ^~~~~~~~~~
%Warning-UNUSEDPARAM: /home/moein/projects/lithos/designs/ttsky26c-arm16/src/qspi_master.v:12:15: Parameter is not used: 'TICK_RATIO'
                                                                                                : ... note: In instance 'tt_um_moein_maleki_arm16.arm16_datapath_unit.qspi_master_unit'
   12 |     parameter TICK_RATIO = 2,
      |               ^~~~~~~~~~
%Warning-UNUSEDSIGNAL: /home/moein/projects/lithos/designs/ttsky26c-arm16/src/vga_renderer.v:21:16: Bits of signal are not used: 'h_rel'[9,4:0]
                                                                                                  : ... note: In instance 'tt_um_moein_maleki_arm16.arm16_datapath_unit.vga_renderer_unit'
   21 |     wire [9:0] h_rel;
      |                ^~~~~
%Warning-UNUSEDSIGNAL: /home/moein/projects/lithos/designs/ttsky26c-arm16/src/vga_renderer.v:22:16: Bits of signal are not used: 'v_rel'[9:8,4:0]
                                                                                                  : ... note: In instance 'tt_um_moein_maleki_arm16.arm16_datapath_unit.vga_renderer_unit'
   22 |     wire [9:0] v_rel;
      |                ^~~~~
- V e r i l a t i o n   R e p o r t: Verilator 5.044 2026-01-01 rev v5.040
- Verilator: Built from 3.346 MB sources in 461 modules, into 0.303 MB in 3 C++ files needing 0.000 MB
- Verilator: Walltime 0.068 s (elab=0.013, cvt=0.026, bld=0.000); cpu 0.068 s on 1 threads; alloced 30.438 MB
