Tool:
Verilator 5.027 development build

Full-core lint result:
- arm-base completed with warnings.
- arm-forwarding completed with warnings.
- arm-cache stopped at `arm-cache/cache_controller.v:112`.
- Verilator does not support the array-select tristate construct at that line.
- Icarus compiles and simulates the same cache controller.

Carry-latch result:
- No `LATCH` warning occurred in the arm-base core lint.
- No `LATCH` warning occurred in the arm-forwarding core lint.
- Focused lint of each of the three ALUs exited with status 0.
- Focused ALU lint reported only unused status input bits.
- Focused ALU lint reported no `LATCH` or `COMBDLY` warning.

Remaining full-core warning classes:
- `EOFNEWLINE`
- `WIDTHEXPAND`
- `UNUSEDSIGNAL`
- `COMBDLY` outside the ALUs
- `SYNCASYNCNET`

The cache lint limit is unchanged from the architecture audit.
