Command:
docker run --rm -v <repository>:/work -w /work <pinned-image> bash scratch_pad/2026-08-10_aug/01_hdl_architecture_audit/scripts/run_verilog_checks.sh

Tool:
Icarus Verilog 13.0 development build

Result:
PASS, exit status 0.

Original simulations:
- arm-base reached `$stop` at time 4030.
- arm-forwarding reached `$stop` at time 10030.
- arm-cache reached `$stop` at time 20030.
- cache_controller reached `$stop` at time 7930.
- sram_controller reached `$stop` at time 750.

Wrapper builds:
- arm-base wrapper compiled.
- arm-forwarding wrapper compiled.
- arm-cache wrapper compiled.

Existing warnings:
- Some source files do not set an explicit time unit.
- The cache processor testbench has 18 open wrapper inputs.
- The cache controller testbench has four open SRAM-model inputs.

The old processor testbenches remain smoke tests.
They do not contain architectural result checks.
