
 /----------------------------------------------------------------------------\
 |  yosys -- Yosys Open SYnthesis Suite                                       |
 |  Copyright (C) 2012 - 2026  Claire Xenia Wolf <claire@yosyshq.com>         |
 |  Distributed under an ISC-like license, type "license" to see terms        |
 \----------------------------------------------------------------------------/
 Yosys 0.67+40 (git sha1 45ea2b8d6-dirty, Release, Clang /usr/bin/clang++ 18.1.8)

-- Running command `read_verilog -sv vga_timing.v vga_bitmap8.v vga_seg4.v; hierarchy -top vga_timing; flatten; proc; memory; opt -fast; techmap; opt -fast; dfflibmap -liberty /home/moein/.ciel/ciel/sky130/versions/8afc8346a57fe1ab7934ba5a6056ea8b43078e71/sky130A/libs.ref/sky130_fd_sc_hd/lib/sky130_fd_sc_hd__tt_025C_1v80.lib; abc -liberty /home/moein/.ciel/ciel/sky130/versions/8afc8346a57fe1ab7934ba5a6056ea8b43078e71/sky130A/libs.ref/sky130_fd_sc_hd/lib/sky130_fd_sc_hd__tt_025C_1v80.lib; opt_clean -purge; stat -liberty /home/moein/.ciel/ciel/sky130/versions/8afc8346a57fe1ab7934ba5a6056ea8b43078e71/sky130A/libs.ref/sky130_fd_sc_hd/lib/sky130_fd_sc_hd__tt_025C_1v80.lib' --

1. Executing Verilog-2005 frontend: vga_timing.v
Parsing SystemVerilog input from `vga_timing.v' to AST representation.
Generating RTLIL representation for module `\vga_timing'.
Successfully finished Verilog frontend.

2. Executing Verilog-2005 frontend: vga_bitmap8.v
Parsing SystemVerilog input from `vga_bitmap8.v' to AST representation.
Generating RTLIL representation for module `\vga_bitmap8'.
Successfully finished Verilog frontend.

3. Executing Verilog-2005 frontend: vga_seg4.v
Parsing SystemVerilog input from `vga_seg4.v' to AST representation.
Generating RTLIL representation for module `\vga_seg4'.
Successfully finished Verilog frontend.

4. Executing HIERARCHY pass (managing design hierarchy).

4.1. Analyzing design hierarchy..
Top module:  \vga_timing

4.2. Analyzing design hierarchy..
Top module:  \vga_timing
Removing unused module `\vga_seg4'.
Removing unused module `\vga_bitmap8'.
Removed 2 unused modules.

5. Executing FLATTEN pass (flatten design).

6. Executing PROC pass (convert processes to netlists).

6.1. Executing PROC_CLEAN pass (remove empty switches from decision trees).
Cleaned up 0 empty switches.

6.2. Executing PROC_RMDEAD pass (remove dead branches from decision trees).
Marked 1 switch rules as full_case in process $proc$vga_timing.v:9$3 in module vga_timing.
Removed a total of 0 dead cases.

6.3. Executing PROC_PRUNE pass (remove redundant assignments in processes).
Removed 1 redundant assignment.
Promoted 3 assignments to connections.

6.4. Executing PROC_INIT pass (extract init attributes).

6.5. Executing PROC_ARST pass (detect async resets in processes).

6.6. Executing PROC_ROM pass (convert switches to ROMs).
Converted 0 switches.
<suppressed ~2 debug messages>

6.7. Executing PROC_MUX pass (convert decision trees to multiplexers).
Creating decoders for process `\vga_timing.$proc$vga_timing.v:9$3'.
     1/2: $0\hcount[9:0]
     2/2: $0\vcount[9:0]

6.8. Executing PROC_DLATCH pass (convert process syncs to latches).

6.9. Executing PROC_DFF pass (convert process syncs to FFs).
Creating register for signal `\vga_timing.\hcount' using process `\vga_timing.$proc$vga_timing.v:9$3'.
  created $dff cell `$procdff$137' with positive edge clock.
Creating register for signal `\vga_timing.\vcount' using process `\vga_timing.$proc$vga_timing.v:9$3'.
  created $dff cell `$procdff$138' with positive edge clock.
Creating register for signal `\vga_timing.\active' using process `\vga_timing.$proc$vga_timing.v:9$3'.
  created $dff cell `$procdff$139' with positive edge clock.
Creating register for signal `\vga_timing.\hsync_n' using process `\vga_timing.$proc$vga_timing.v:9$3'.
  created $dff cell `$procdff$140' with positive edge clock.
Creating register for signal `\vga_timing.\vsync_n' using process `\vga_timing.$proc$vga_timing.v:9$3'.
  created $dff cell `$procdff$141' with positive edge clock.

6.10. Executing PROC_MEMWR pass (convert process memory writes to cells).

6.11. Executing PROC_CLEAN pass (remove empty switches from decision trees).
Found and cleaned up 2 empty switches in `\vga_timing.$proc$vga_timing.v:9$3'.
Removing empty process `vga_timing.$proc$vga_timing.v:9$3'.
Cleaned up 2 empty switches.

6.12. Executing OPT_EXPR pass (perform const folding).
Optimizing module vga_timing.

7. Executing MEMORY pass.

7.1. Executing OPT_MEM pass (optimize memories).
Performed a total of 0 transformations.

7.2. Executing OPT_MEM_PRIORITY pass (removing unnecessary memory write priority relations).
Performed a total of 0 transformations.

7.3. Executing OPT_MEM_FEEDBACK pass (finding memory read-to-write feedback paths).

7.4. Executing MEMORY_BMUX2ROM pass (converting muxes to ROMs).

7.5. Executing MEMORY_DFF pass (merging $dff cells to $memrd).

7.6. Executing OPT_CLEAN pass (remove unused cells and wires).
Finding unused cells or wires in module \vga_timing..
Removed 0 unused cells and 10 unused wires.
<suppressed ~1 debug messages>

7.7. Executing MEMORY_SHARE pass (consolidating $memrd/$memwr cells).

7.8. Executing OPT_MEM_WIDEN pass (optimize memories where all ports are wide).
Performed a total of 0 transformations.

7.9. Executing OPT_CLEAN pass (remove unused cells and wires).
Finding unused cells or wires in module \vga_timing..

7.10. Executing MEMORY_COLLECT pass (generating $mem cells).

7.11. Executing MEMORY_MAP pass (converting memories to logic and flip-flops).

8. Executing OPT pass (performing simple optimizations).

8.1. Executing OPT_EXPR pass (perform const folding).
Optimizing module vga_timing.

8.2. Executing OPT_MERGE pass (detect identical cells).
Finding identical cells in module `\vga_timing'.
Computing hashes of 25 cells of `\vga_timing'.
Finding duplicate cells in `\vga_timing'.
Removed a total of 0 cells.

8.3. Executing OPT_DFF pass (perform DFF optimizations).
Adding SRST signal on $procdff$137 ($dff) from module vga_timing (D = $add$vga_timing.v:12$4_Y, Q = \hcount, rval = 10'0000000000).
Adding SRST signal on $procdff$138 ($dff) from module vga_timing (D = $procmux$132_Y, Q = \vcount, rval = 10'0000000000).
Adding EN signal on $auto$ff.cc:337:slice$145 ($sdff) from module vga_timing (D = $ternary$vga_timing.v:13$7_Y, Q = \vcount).

8.4. Executing OPT_CLEAN pass (remove unused cells and wires).
Finding unused cells or wires in module \vga_timing..
Removed 4 unused cells and 4 unused wires.
<suppressed ~5 debug messages>

8.5. Rerunning OPT passes. (Removed registers in this run.)

8.6. Executing OPT_EXPR pass (perform const folding).
Optimizing module vga_timing.

8.7. Executing OPT_MERGE pass (detect identical cells).
Finding identical cells in module `\vga_timing'.
Computing hashes of 22 cells of `\vga_timing'.
Finding duplicate cells in `\vga_timing'.
Removed a total of 0 cells.

8.8. Executing OPT_DFF pass (perform DFF optimizations).

8.9. Executing OPT_CLEAN pass (remove unused cells and wires).
Finding unused cells or wires in module \vga_timing..

8.10. Finished fast OPT passes.

9. Executing TECHMAP pass (map to technology primitives).

9.1. Executing Verilog-2005 frontend: /home/moein/oss-cad-suite/lib/../share/yosys/techmap.v
Parsing Verilog input from `/home/moein/oss-cad-suite/lib/../share/yosys/techmap.v' to AST representation.
Generating RTLIL representation for module `\_90_simplemap_bool_ops'.
Generating RTLIL representation for module `\_90_simplemap_reduce_ops'.
Generating RTLIL representation for module `\_90_simplemap_logic_ops'.
Generating RTLIL representation for module `\_90_simplemap_compare_ops'.
Generating RTLIL representation for module `\_90_simplemap_various'.
Generating RTLIL representation for module `\_90_simplemap_registers'.
Generating RTLIL representation for module `\_90_shift_ops_shr_shl_sshl_sshr'.
Generating RTLIL representation for module `\_90_shift_shiftx'.
Generating RTLIL representation for module `\_90_fa'.
Generating RTLIL representation for module `\_90_lcu_brent_kung'.
Generating RTLIL representation for module `\_90_alu'.
Generating RTLIL representation for module `\_90_macc'.
Generating RTLIL representation for module `\_90_alumacc'.
Generating RTLIL representation for module `$__div_mod_u'.
Generating RTLIL representation for module `$__div_mod_trunc'.
Generating RTLIL representation for module `\_90_div'.
Generating RTLIL representation for module `\_90_mod'.
Generating RTLIL representation for module `$__div_mod_floor'.
Generating RTLIL representation for module `\_90_divfloor'.
Generating RTLIL representation for module `\_90_modfloor'.
Generating RTLIL representation for module `\_90_pow'.
Generating RTLIL representation for module `\_90_demux'.
Generating RTLIL representation for module `\_90_lut'.
Generating RTLIL representation for module `$connect'.
Generating RTLIL representation for module `$input_port'.
Successfully finished Verilog frontend.

9.2. Continuing TECHMAP pass.
Using extmapper simplemap for cells of type $sdffe.
Using extmapper simplemap for cells of type $reduce_or.
Using extmapper simplemap for cells of type $sdff.
Using extmapper simplemap for cells of type $eq.
Running "alumacc" on wrapper $extern:wrap:$add:Y_WIDTH=10:B_WIDTH=10:A_WIDTH=10:B_SIGNED=0:A_SIGNED=0:394426c56d1a028ba8fdd5469b163e04011def47.
Using template $extern:wrap:$add:Y_WIDTH=10:B_WIDTH=10:A_WIDTH=10:B_SIGNED=0:A_SIGNED=0:394426c56d1a028ba8fdd5469b163e04011def47 for cells of type $extern:wrap:$add:Y_WIDTH=10:B_WIDTH=10:A_WIDTH=10:B_SIGNED=0:A_SIGNED=0:394426c56d1a028ba8fdd5469b163e04011def47.
Using extmapper simplemap for cells of type $mux.
Running "alumacc" on wrapper $extern:wrap:$lt:Y_WIDTH=1:B_WIDTH=10:A_WIDTH=10:B_SIGNED=0:A_SIGNED=0:394426c56d1a028ba8fdd5469b163e04011def47.
Using template $extern:wrap:$lt:Y_WIDTH=1:B_WIDTH=10:A_WIDTH=10:B_SIGNED=0:A_SIGNED=0:394426c56d1a028ba8fdd5469b163e04011def47 for cells of type $extern:wrap:$lt:Y_WIDTH=1:B_WIDTH=10:A_WIDTH=10:B_SIGNED=0:A_SIGNED=0:394426c56d1a028ba8fdd5469b163e04011def47.
Using extmapper simplemap for cells of type $and.
Running "alumacc" on wrapper $extern:wrap:$ge:Y_WIDTH=1:B_WIDTH=10:A_WIDTH=10:B_SIGNED=0:A_SIGNED=0:394426c56d1a028ba8fdd5469b163e04011def47.
Using template $extern:wrap:$ge:Y_WIDTH=1:B_WIDTH=10:A_WIDTH=10:B_SIGNED=0:A_SIGNED=0:394426c56d1a028ba8fdd5469b163e04011def47 for cells of type $extern:wrap:$ge:Y_WIDTH=1:B_WIDTH=10:A_WIDTH=10:B_SIGNED=0:A_SIGNED=0:394426c56d1a028ba8fdd5469b163e04011def47.
Using extmapper simplemap for cells of type $not.
Using extmapper simplemap for cells of type $dff.
Using template $paramod$484d51534650924b7ed4c69e46eed3a56904771f\_90_alu for cells of type $alu.
Using extmapper simplemap for cells of type $or.
Using extmapper simplemap for cells of type $reduce_and.
Using extmapper simplemap for cells of type $xor.
Using template $paramod\_90_fa\WIDTH=32'00000000000000000000000000001010 for cells of type $fa.
Using template $paramod\_90_lcu_brent_kung\WIDTH=32'00000000000000000000000000001010 for cells of type $lcu.
Using extmapper simplemap for cells of type $pos.
No more expansions possible.
<suppressed ~689 debug messages>

10. Executing OPT pass (performing simple optimizations).

10.1. Executing OPT_EXPR pass (perform const folding).
Optimizing module vga_timing.
<suppressed ~767 debug messages>

10.2. Executing OPT_MERGE pass (detect identical cells).
Finding identical cells in module `\vga_timing'.
Computing hashes of 347 cells of `\vga_timing'.
Finding duplicate cells in `\vga_timing'.
Computing hashes of 291 cells of `\vga_timing'.
Finding duplicate cells in `\vga_timing'.
Computing hashes of 273 cells of `\vga_timing'.
Finding duplicate cells in `\vga_timing'.
Computing hashes of 269 cells of `\vga_timing'.
Finding duplicate cells in `\vga_timing'.
Computing hashes of 267 cells of `\vga_timing'.
Finding duplicate cells in `\vga_timing'.
Computing hashes of 265 cells of `\vga_timing'.
Finding duplicate cells in `\vga_timing'.
<suppressed ~246 debug messages>
Removed a total of 82 cells.

10.3. Executing OPT_DFF pass (perform DFF optimizations).

10.4. Executing OPT_CLEAN pass (remove unused cells and wires).
Finding unused cells or wires in module \vga_timing..
Removed 82 unused cells and 595 unused wires.
<suppressed ~84 debug messages>

10.5. Finished fast OPT passes.

11. Executing DFFLIBMAP pass (mapping DFF cells to sequential cells from liberty file).
  cell sky130_fd_sc_hd__dfxtp_1 (noninv, pins=3, area=20.02) is a direct match for cell type $_DFF_P_.
  cell sky130_fd_sc_hd__dfrtn_1 (noninv, pins=4, area=25.02) is a direct match for cell type $_DFF_NN0_.
  cell sky130_fd_sc_hd__dfrtp_1 (noninv, pins=4, area=25.02) is a direct match for cell type $_DFF_PN0_.
  cell sky130_fd_sc_hd__dfstp_2 (noninv, pins=4, area=26.28) is a direct match for cell type $_DFF_PN1_.
  cell sky130_fd_sc_hd__edfxtp_1 (noninv, pins=4, area=30.03) is a direct match for cell type $_DFFE_PP_.
  cell sky130_fd_sc_hd__dfbbn_1 (noninv, pins=6, area=32.53) is a direct match for cell type $_DFFSR_NNN_.
  cell sky130_fd_sc_hd__dfbbp_1 (noninv, pins=6, area=32.53) is a direct match for cell type $_DFFSR_PNN_.
  final dff cell mappings:
    unmapped dff cell: $_DFF_N_
    \sky130_fd_sc_hd__dfxtp_1 _DFF_P_ (.CLK( C), .D( D), .Q( Q));
    \sky130_fd_sc_hd__dfrtn_1 _DFF_NN0_ (.CLK_N( C), .D( D), .Q( Q), .RESET_B( R));
    unmapped dff cell: $_DFF_NN1_
    unmapped dff cell: $_DFF_NP0_
    unmapped dff cell: $_DFF_NP1_
    \sky130_fd_sc_hd__dfrtp_1 _DFF_PN0_ (.CLK( C), .D( D), .Q( Q), .RESET_B( R));
    \sky130_fd_sc_hd__dfstp_2 _DFF_PN1_ (.CLK( C), .D( D), .Q( Q), .SET_B( R));
    unmapped dff cell: $_DFF_PP0_
    unmapped dff cell: $_DFF_PP1_
    unmapped dff cell: $_DFFE_NN_
    unmapped dff cell: $_DFFE_NP_
    unmapped dff cell: $_DFFE_PN_
    \sky130_fd_sc_hd__edfxtp_1 _DFFE_PP_ (.CLK( C), .D( D), .DE( E), .Q( Q));
    \sky130_fd_sc_hd__dfbbn_1 _DFFSR_NNN_ (.CLK_N( C), .D( D), .Q( Q), .Q_N(~Q), .RESET_B( R), .SET_B( S));
    unmapped dff cell: $_DFFSR_NNP_
    unmapped dff cell: $_DFFSR_NPN_
    unmapped dff cell: $_DFFSR_NPP_
    \sky130_fd_sc_hd__dfbbp_1 _DFFSR_PNN_ (.CLK( C), .D( D), .Q( Q), .Q_N(~Q), .RESET_B( R), .SET_B( S));
    unmapped dff cell: $_DFFSR_PNP_
    unmapped dff cell: $_DFFSR_PPN_
    unmapped dff cell: $_DFFSR_PPP_

11.1. Executing DFFLEGALIZE pass (convert FFs to types supported by the target).
<suppressed ~24 debug messages>
Mapping DFF cells in module `\vga_timing':
  mapped 23 $_DFF_P_ cells to \sky130_fd_sc_hd__dfxtp_1 cells.

12. Executing ABC pass (technology mapping using ABC).

12.1. Extracting gate netlist of module `\vga_timing' to `<abc-temp-dir>/input.blif'..
ABC: using cached merged SCL: /tmp/yosys-liberty-scl-cache/yosys_merged_26d78acf.scl (1 files)

12.1.1. Executed ABC.
Extracted 190 gates and 212 wires to a netlist network with 21 inputs and 23 outputs.
Running ABC script: <abc-temp-dir>/abc.script
ABC: UC Berkeley, ABC 1.01 (compiled Jul 16 2026 03:52:11)
ABC: abc 01> empty
ABC: abc 01> source <abc-temp-dir>/abc.script
ABC: + read_blif <abc-temp-dir>/input.blif 
ABC: + read_scl /tmp/yosys-liberty-scl-cache/yosys_merged_26d78acf.scl 
ABC: Warning: Detected 9 multi-output cells (for example, "sky130_fd_sc_hd__fa_1").
ABC: + strash 
ABC: + &get -n 
ABC: + &fraig -x 
ABC: + &put 
ABC: + scorr 
ABC: Warning: The network is combinational (run "fraig" or "fraig_sweep").
ABC: + dc2 
ABC: + dretime 
ABC: + strash 
ABC: + &get -n 
ABC: + &dch -f 
ABC: + &nf 
ABC: + &put 
ABC: + write_blif <abc-temp-dir>/output.blif 
ABC: 
ABC: YOSYS_ABC_DONE 

12.1.2. Re-integrating ABC results.
ABC RESULTS:   sky130_fd_sc_hd__a211oi_1 cells:        1
ABC RESULTS:   sky130_fd_sc_hd__a21oi_1 cells:       10
ABC RESULTS:   sky130_fd_sc_hd__a311oi_1 cells:        2
ABC RESULTS:   sky130_fd_sc_hd__a41o_1 cells:        1
ABC RESULTS:   sky130_fd_sc_hd__a41oi_1 cells:        1
ABC RESULTS:   sky130_fd_sc_hd__and2_0 cells:        2
ABC RESULTS:   sky130_fd_sc_hd__and3_1 cells:        7
ABC RESULTS:   sky130_fd_sc_hd__and4_1 cells:        3
ABC RESULTS:   sky130_fd_sc_hd__clkinv_1 cells:        2
ABC RESULTS:   sky130_fd_sc_hd__lpflow_inputiso1p_1 cells:        1
ABC RESULTS:   sky130_fd_sc_hd__lpflow_isobufsrc_1 cells:        1
ABC RESULTS:   sky130_fd_sc_hd__nand2_1 cells:        2
ABC RESULTS:   sky130_fd_sc_hd__nand3_1 cells:        2
ABC RESULTS:   sky130_fd_sc_hd__nand4b_1 cells:        1
ABC RESULTS:   sky130_fd_sc_hd__nor2_1 cells:        8
ABC RESULTS:   sky130_fd_sc_hd__nor3_1 cells:       11
ABC RESULTS:   sky130_fd_sc_hd__nor3b_1 cells:        1
ABC RESULTS:   sky130_fd_sc_hd__nor4_1 cells:        1
ABC RESULTS:   sky130_fd_sc_hd__nor4b_1 cells:        1
ABC RESULTS:   sky130_fd_sc_hd__o21a_1 cells:        1
ABC RESULTS:   sky130_fd_sc_hd__o21ai_0 cells:        2
ABC RESULTS:   sky130_fd_sc_hd__o221a_1 cells:        1
ABC RESULTS:   sky130_fd_sc_hd__o31ai_1 cells:        1
ABC RESULTS:   sky130_fd_sc_hd__or4_1 cells:        1
ABC RESULTS:   sky130_fd_sc_hd__xnor2_1 cells:        3
ABC RESULTS:        internal signals:      168
ABC RESULTS:           input signals:       21
ABC RESULTS:          output signals:       23
Removing temp directory.
Removing global temp directory.

13. Executing OPT_CLEAN pass (remove unused cells and wires).
Finding unused cells or wires in module \vga_timing..
Removed 0 unused cells and 135 unused wires.
<suppressed ~2 debug messages>

14. Printing statistics.

=== vga_timing ===

        +----------Local Count, excluding submodules.
        |        +-Local Area, excluding submodules.
        |        | 
       74        - wires
       92        - wire bits
        7        - public wires
       25        - public wire bits
        7        - ports
       25        - port bits
       90  860.826 cells
        1    7.507   sky130_fd_sc_hd__a211oi_1
       10   50.048   sky130_fd_sc_hd__a21oi_1
        2   17.517   sky130_fd_sc_hd__a311oi_1
        1    10.01   sky130_fd_sc_hd__a41o_1
        1    8.758   sky130_fd_sc_hd__a41oi_1
        2   12.512   sky130_fd_sc_hd__and2_0
        7   43.792   sky130_fd_sc_hd__and3_1
        3   26.275   sky130_fd_sc_hd__and4_1
        2    7.507   sky130_fd_sc_hd__clkinv_1
       23  460.442   sky130_fd_sc_hd__dfxtp_1
        1    6.256   sky130_fd_sc_hd__lpflow_inputiso1p_1
        1    6.256   sky130_fd_sc_hd__lpflow_isobufsrc_1
        2    7.507   sky130_fd_sc_hd__nand2_1
        2    10.01   sky130_fd_sc_hd__nand3_1
        1    8.758   sky130_fd_sc_hd__nand4b_1
        8   30.029   sky130_fd_sc_hd__nor2_1
       11   55.053   sky130_fd_sc_hd__nor3_1
        1    7.507   sky130_fd_sc_hd__nor3b_1
        1    6.256   sky130_fd_sc_hd__nor4_1
        1    8.758   sky130_fd_sc_hd__nor4b_1
        1    7.507   sky130_fd_sc_hd__o21a_1
        2    10.01   sky130_fd_sc_hd__o21ai_0
        1   11.261   sky130_fd_sc_hd__o221a_1
        1    7.507   sky130_fd_sc_hd__o31ai_1
        1    7.507   sky130_fd_sc_hd__or4_1
        3   26.275   sky130_fd_sc_hd__xnor2_1

   Chip area for module '\vga_timing': 860.825600
     of which used for sequential elements: 460.441600 (53.49%)

End of script. Logfile hash: f4df6289ad, time: 0.19s, user: 0.12s, system: 0.02s, MEM: 45.88 MB peak
Yosys 0.67+40 (git sha1 45ea2b8d6-dirty, Release, Clang /usr/bin/clang++ 18.1.8)
Time spent: 38% 1x abc (0 sec), 23% 1x stat (0 sec), ...
