
 /----------------------------------------------------------------------------\
 |  yosys -- Yosys Open SYnthesis Suite                                       |
 |  Copyright (C) 2012 - 2026  Claire Xenia Wolf <claire@yosyshq.com>         |
 |  Distributed under an ISC-like license, type "license" to see terms        |
 \----------------------------------------------------------------------------/
 Yosys 0.67+40 (git sha1 45ea2b8d6-dirty, Release, Clang /usr/bin/clang++ 18.1.8)

-- Running command `read_verilog -sv vga_timing.v vga_bitmap8.v vga_seg4.v; hierarchy -top vga_seg4; flatten; proc; memory; opt -fast; techmap; opt -fast; dfflibmap -liberty /home/moein/.ciel/ciel/sky130/versions/8afc8346a57fe1ab7934ba5a6056ea8b43078e71/sky130A/libs.ref/sky130_fd_sc_hd/lib/sky130_fd_sc_hd__tt_025C_1v80.lib; abc -liberty /home/moein/.ciel/ciel/sky130/versions/8afc8346a57fe1ab7934ba5a6056ea8b43078e71/sky130A/libs.ref/sky130_fd_sc_hd/lib/sky130_fd_sc_hd__tt_025C_1v80.lib; opt_clean -purge; stat -liberty /home/moein/.ciel/ciel/sky130/versions/8afc8346a57fe1ab7934ba5a6056ea8b43078e71/sky130A/libs.ref/sky130_fd_sc_hd/lib/sky130_fd_sc_hd__tt_025C_1v80.lib' --

1. Executing Verilog-2005 frontend: vga_timing.v
Parsing SystemVerilog input from `vga_timing.v' to AST representation.
Generating RTLIL representation for module `\vga_timing'.
Successfully finished Verilog frontend.

2. Executing Verilog-2005 frontend: vga_bitmap8.v
Parsing SystemVerilog input from `vga_bitmap8.v' to AST representation.
Generating RTLIL representation for module `\vga_bitmap8'.
Successfully finished Verilog frontend.

3. Executing Verilog-2005 frontend: vga_seg4.v
Parsing SystemVerilog input from `vga_seg4.v' to AST representation.
Generating RTLIL representation for module `\vga_seg4'.
Successfully finished Verilog frontend.

4. Executing HIERARCHY pass (managing design hierarchy).

4.1. Analyzing design hierarchy..
Top module:  \vga_seg4
Used module:     \vga_timing

4.2. Analyzing design hierarchy..
Top module:  \vga_seg4
Used module:     \vga_timing
Removing unused module `\vga_bitmap8'.
Removed 1 unused modules.

5. Executing FLATTEN pass (flatten design).
Deleting now unused module vga_timing.
<suppressed ~1 debug messages>

6. Executing PROC pass (convert processes to netlists).

6.1. Executing PROC_CLEAN pass (remove empty switches from decision trees).
Cleaned up 0 empty switches.

6.2. Executing PROC_RMDEAD pass (remove dead branches from decision trees).
Marked 1 switch rules as full_case in process $flatten\t.$proc$vga_timing.v:9$3 in module vga_seg4.
Marked 1 switch rules as full_case in process $proc$vga_seg4.v:28$106 in module vga_seg4.
Marked 1 switch rules as full_case in process $proc$vga_seg4.v:23$105 in module vga_seg4.
Marked 3 switch rules as full_case in process $proc$vga_seg4.v:10$87 in module vga_seg4.
Removed a total of 0 dead cases.

6.3. Executing PROC_PRUNE pass (remove redundant assignments in processes).
Removed 1 redundant assignment.
Promoted 6 assignments to connections.

6.4. Executing PROC_INIT pass (extract init attributes).

6.5. Executing PROC_ARST pass (detect async resets in processes).

6.6. Executing PROC_ROM pass (convert switches to ROMs).
Converted 1 switch.
<suppressed ~8 debug messages>

6.7. Executing PROC_MUX pass (convert decision trees to multiplexers).
Creating decoders for process `\vga_seg4.$flatten\t.$proc$vga_timing.v:9$3'.
     1/2: $flatten\t.$0\hcount[9:0]
     2/2: $flatten\t.$0\vcount[9:0]
Creating decoders for process `\vga_seg4.$proc$vga_seg4.v:42$128'.
Creating decoders for process `\vga_seg4.$proc$vga_seg4.v:28$106'.
     1/1: $1\on[0:0]
Creating decoders for process `\vga_seg4.$proc$vga_seg4.v:23$105'.
     1/1: $1\seg[6:0]
Creating decoders for process `\vga_seg4.$proc$vga_seg4.v:10$87'.
     1/3: $0\val[15:0]
     2/3: $0\bg[5:0]
     3/3: $0\fg[5:0]

6.8. Executing PROC_DLATCH pass (convert process syncs to latches).
No latch inferred for signal `\vga_seg4.\on' from process `\vga_seg4.$proc$vga_seg4.v:28$106'.
No latch inferred for signal `\vga_seg4.\seg' from process `\vga_seg4.$proc$vga_seg4.v:23$105'.

6.9. Executing PROC_DFF pass (convert process syncs to FFs).
Creating register for signal `\vga_seg4.\t.hcount' using process `\vga_seg4.$flatten\t.$proc$vga_timing.v:9$3'.
  created $dff cell `$procdff$182' with positive edge clock.
Creating register for signal `\vga_seg4.\t.vcount' using process `\vga_seg4.$flatten\t.$proc$vga_timing.v:9$3'.
  created $dff cell `$procdff$183' with positive edge clock.
Creating register for signal `\vga_seg4.\t.active' using process `\vga_seg4.$flatten\t.$proc$vga_timing.v:9$3'.
  created $dff cell `$procdff$184' with positive edge clock.
Creating register for signal `\vga_seg4.\t.hsync_n' using process `\vga_seg4.$flatten\t.$proc$vga_timing.v:9$3'.
  created $dff cell `$procdff$185' with positive edge clock.
Creating register for signal `\vga_seg4.\t.vsync_n' using process `\vga_seg4.$flatten\t.$proc$vga_timing.v:9$3'.
  created $dff cell `$procdff$186' with positive edge clock.
Creating register for signal `\vga_seg4.\o' using process `\vga_seg4.$proc$vga_seg4.v:42$128'.
  created $dff cell `$procdff$187' with positive edge clock.
Creating register for signal `\vga_seg4.\fg' using process `\vga_seg4.$proc$vga_seg4.v:10$87'.
  created $dff cell `$procdff$188' with positive edge clock.
Creating register for signal `\vga_seg4.\bg' using process `\vga_seg4.$proc$vga_seg4.v:10$87'.
  created $dff cell `$procdff$189' with positive edge clock.
Creating register for signal `\vga_seg4.\val' using process `\vga_seg4.$proc$vga_seg4.v:10$87'.
  created $dff cell `$procdff$190' with positive edge clock.

6.10. Executing PROC_MEMWR pass (convert process memory writes to cells).

6.11. Executing PROC_CLEAN pass (remove empty switches from decision trees).
Found and cleaned up 2 empty switches in `\vga_seg4.$flatten\t.$proc$vga_timing.v:9$3'.
Removing empty process `vga_seg4.$flatten\t.$proc$vga_timing.v:9$3'.
Removing empty process `vga_seg4.$proc$vga_seg4.v:42$128'.
Found and cleaned up 1 empty switch in `\vga_seg4.$proc$vga_seg4.v:28$106'.
Removing empty process `vga_seg4.$proc$vga_seg4.v:28$106'.
Found and cleaned up 1 empty switch in `\vga_seg4.$proc$vga_seg4.v:23$105'.
Removing empty process `vga_seg4.$proc$vga_seg4.v:23$105'.
Found and cleaned up 5 empty switches in `\vga_seg4.$proc$vga_seg4.v:10$87'.
Removing empty process `vga_seg4.$proc$vga_seg4.v:10$87'.
Cleaned up 9 empty switches.

6.12. Executing OPT_EXPR pass (perform const folding).
Optimizing module vga_seg4.
<suppressed ~5 debug messages>

7. Executing MEMORY pass.

7.1. Executing OPT_MEM pass (optimize memories).
Performed a total of 0 transformations.

7.2. Executing OPT_MEM_PRIORITY pass (removing unnecessary memory write priority relations).
Performed a total of 0 transformations.

7.3. Executing OPT_MEM_FEEDBACK pass (finding memory read-to-write feedback paths).

7.4. Executing MEMORY_BMUX2ROM pass (converting muxes to ROMs).

7.5. Executing MEMORY_DFF pass (merging $dff cells to $memrd).
Checking read port `$auto$proc_rom.cc:155:do_switch$131'[0] in module `\vga_seg4': no output FF found.
Checking read port address `$auto$proc_rom.cc:155:do_switch$131'[0] in module `\vga_seg4': no address FF found.

7.6. Executing OPT_CLEAN pass (remove unused cells and wires).
Finding unused cells or wires in module \vga_seg4..
Removed 0 unused cells and 39 unused wires.
<suppressed ~1 debug messages>

7.7. Executing MEMORY_SHARE pass (consolidating $memrd/$memwr cells).

7.8. Executing OPT_MEM_WIDEN pass (optimize memories where all ports are wide).
Performed a total of 0 transformations.

7.9. Executing OPT_CLEAN pass (remove unused cells and wires).
Finding unused cells or wires in module \vga_seg4..

7.10. Executing MEMORY_COLLECT pass (generating $mem cells).

7.11. Executing MEMORY_MAP pass (converting memories to logic and flip-flops).
Mapping memory $auto$proc_rom.cc:155:do_switch$131 in module \vga_seg4:
  created 16 $dff cells and 0 static cells of width 7.
  read interface: 0 $dff and 15 $mux cells.
  write interface: 0 write mux blocks.

8. Executing OPT pass (performing simple optimizations).

8.1. Executing OPT_EXPR pass (perform const folding).
Optimizing module vga_seg4.

8.2. Executing OPT_MERGE pass (detect identical cells).
Finding identical cells in module `\vga_seg4'.
Computing hashes of 101 cells of `\vga_seg4'.
Finding duplicate cells in `\vga_seg4'.
Computing hashes of 97 cells of `\vga_seg4'.
Finding duplicate cells in `\vga_seg4'.
<suppressed ~12 debug messages>
Removed a total of 4 cells.

8.3. Executing OPT_DFF pass (perform DFF optimizations).
Adding SRST signal on $procdff$190 ($dff) from module vga_seg4 (D = $procmux$153_Y, Q = \val, rval = 16'0000000000000000).
Adding EN signal on $auto$ff.cc:337:slice$238 ($sdff) from module vga_seg4 (D = \wdata, Q = \val).
Adding SRST signal on $procdff$182 ($dff) from module vga_seg4 (D = $flatten\t.$add$vga_timing.v:12$4_Y, Q = \t.hcount, rval = 10'0000000000).
Adding SRST signal on $procdff$183 ($dff) from module vga_seg4 (D = $procmux$137_Y, Q = \t.vcount, rval = 10'0000000000).
Adding EN signal on $auto$ff.cc:337:slice$245 ($sdff) from module vga_seg4 (D = $flatten\t.$ternary$vga_timing.v:13$7_Y, Q = \t.vcount).
Adding SRST signal on $procdff$187 ($dff) from module vga_seg4 (D = { $ternary$vga_seg4.v:40$126_Y [0] $ternary$vga_seg4.v:40$126_Y [2] $ternary$vga_seg4.v:40$126_Y [4] $ternary$vga_seg4.v:40$126_Y [1] $ternary$vga_seg4.v:40$126_Y [3] $ternary$vga_seg4.v:40$126_Y [5] }, Q = { \o [6:4] \o [2:0] }, rval = 6'000000).
Adding SRST signal on $procdff$188 ($dff) from module vga_seg4 (D = $procmux$177_Y, Q = \fg, rval = 6'111111).
Adding EN signal on $auto$ff.cc:337:slice$249 ($sdff) from module vga_seg4 (D = \wdata [5:0], Q = \fg).
Adding SRST signal on $procdff$189 ($dff) from module vga_seg4 (D = $procmux$166_Y, Q = \bg, rval = 6'000000).
Adding EN signal on $auto$ff.cc:337:slice$255 ($sdff) from module vga_seg4 (D = \wdata [5:0], Q = \bg).

8.4. Executing OPT_CLEAN pass (remove unused cells and wires).
Finding unused cells or wires in module \vga_seg4..
Removed 17 unused cells and 37 unused wires.
<suppressed ~19 debug messages>

8.5. Rerunning OPT passes. (Removed registers in this run.)

8.6. Executing OPT_EXPR pass (perform const folding).
Optimizing module vga_seg4.

8.7. Executing OPT_MERGE pass (detect identical cells).
Finding identical cells in module `\vga_seg4'.
Computing hashes of 88 cells of `\vga_seg4'.
Finding duplicate cells in `\vga_seg4'.
Computing hashes of 87 cells of `\vga_seg4'.
Finding duplicate cells in `\vga_seg4'.
<suppressed ~3 debug messages>
Removed a total of 1 cells.

8.8. Executing OPT_DFF pass (perform DFF optimizations).

8.9. Executing OPT_CLEAN pass (remove unused cells and wires).
Finding unused cells or wires in module \vga_seg4..
Removed 0 unused cells and 1 unused wires.
<suppressed ~1 debug messages>

8.10. Finished fast OPT passes.

9. Executing TECHMAP pass (map to technology primitives).

9.1. Executing Verilog-2005 frontend: /home/moein/oss-cad-suite/lib/../share/yosys/techmap.v
Parsing Verilog input from `/home/moein/oss-cad-suite/lib/../share/yosys/techmap.v' to AST representation.
Generating RTLIL representation for module `\_90_simplemap_bool_ops'.
Generating RTLIL representation for module `\_90_simplemap_reduce_ops'.
Generating RTLIL representation for module `\_90_simplemap_logic_ops'.
Generating RTLIL representation for module `\_90_simplemap_compare_ops'.
Generating RTLIL representation for module `\_90_simplemap_various'.
Generating RTLIL representation for module `\_90_simplemap_registers'.
Generating RTLIL representation for module `\_90_shift_ops_shr_shl_sshl_sshr'.
Generating RTLIL representation for module `\_90_shift_shiftx'.
Generating RTLIL representation for module `\_90_fa'.
Generating RTLIL representation for module `\_90_lcu_brent_kung'.
Generating RTLIL representation for module `\_90_alu'.
Generating RTLIL representation for module `\_90_macc'.
Generating RTLIL representation for module `\_90_alumacc'.
Generating RTLIL representation for module `$__div_mod_u'.
Generating RTLIL representation for module `$__div_mod_trunc'.
Generating RTLIL representation for module `\_90_div'.
Generating RTLIL representation for module `\_90_mod'.
Generating RTLIL representation for module `$__div_mod_floor'.
Generating RTLIL representation for module `\_90_divfloor'.
Generating RTLIL representation for module `\_90_modfloor'.
Generating RTLIL representation for module `\_90_pow'.
Generating RTLIL representation for module `\_90_demux'.
Generating RTLIL representation for module `\_90_lut'.
Generating RTLIL representation for module `$connect'.
Generating RTLIL representation for module `$input_port'.
Successfully finished Verilog frontend.

9.2. Continuing TECHMAP pass.
Using extmapper simplemap for cells of type $reduce_and.
Using extmapper simplemap for cells of type $not.
Using extmapper simplemap for cells of type $sdffe.
Using extmapper simplemap for cells of type $dff.
Using extmapper simplemap for cells of type $sdff.
Using extmapper simplemap for cells of type $reduce_or.
Using extmapper simplemap for cells of type $logic_not.
Using extmapper simplemap for cells of type $eq.
Running "alumacc" on wrapper $extern:wrap:$ge:Y_WIDTH=1:B_WIDTH=10:A_WIDTH=10:B_SIGNED=0:A_SIGNED=0:394426c56d1a028ba8fdd5469b163e04011def47.
Using template $extern:wrap:$ge:Y_WIDTH=1:B_WIDTH=10:A_WIDTH=10:B_SIGNED=0:A_SIGNED=0:394426c56d1a028ba8fdd5469b163e04011def47 for cells of type $extern:wrap:$ge:Y_WIDTH=1:B_WIDTH=10:A_WIDTH=10:B_SIGNED=0:A_SIGNED=0:394426c56d1a028ba8fdd5469b163e04011def47.
Running "alumacc" on wrapper $extern:wrap:$lt:Y_WIDTH=1:B_WIDTH=10:A_WIDTH=10:B_SIGNED=0:A_SIGNED=0:394426c56d1a028ba8fdd5469b163e04011def47.
Using template $extern:wrap:$lt:Y_WIDTH=1:B_WIDTH=10:A_WIDTH=10:B_SIGNED=0:A_SIGNED=0:394426c56d1a028ba8fdd5469b163e04011def47 for cells of type $extern:wrap:$lt:Y_WIDTH=1:B_WIDTH=10:A_WIDTH=10:B_SIGNED=0:A_SIGNED=0:394426c56d1a028ba8fdd5469b163e04011def47.
Using extmapper simplemap for cells of type $and.
Running "alumacc" on wrapper $extern:wrap:$sub:Y_WIDTH=10:B_WIDTH=10:A_WIDTH=10:B_SIGNED=0:A_SIGNED=0:394426c56d1a028ba8fdd5469b163e04011def47.
Using template $extern:wrap:$sub:Y_WIDTH=10:B_WIDTH=10:A_WIDTH=10:B_SIGNED=0:A_SIGNED=0:394426c56d1a028ba8fdd5469b163e04011def47 for cells of type $extern:wrap:$sub:Y_WIDTH=10:B_WIDTH=10:A_WIDTH=10:B_SIGNED=0:A_SIGNED=0:394426c56d1a028ba8fdd5469b163e04011def47.
Using extmapper simplemap for cells of type $mux.
Using extmapper simplemap for cells of type $or.
Running "alumacc" on wrapper $extern:wrap:$add:Y_WIDTH=10:B_WIDTH=10:A_WIDTH=10:B_SIGNED=0:A_SIGNED=0:394426c56d1a028ba8fdd5469b163e04011def47.
Using template $extern:wrap:$add:Y_WIDTH=10:B_WIDTH=10:A_WIDTH=10:B_SIGNED=0:A_SIGNED=0:394426c56d1a028ba8fdd5469b163e04011def47 for cells of type $extern:wrap:$add:Y_WIDTH=10:B_WIDTH=10:A_WIDTH=10:B_SIGNED=0:A_SIGNED=0:394426c56d1a028ba8fdd5469b163e04011def47.
Using extmapper simplemap for cells of type $pmux.
Using template $paramod$484d51534650924b7ed4c69e46eed3a56904771f\_90_alu for cells of type $alu.
Using extmapper simplemap for cells of type $xor.
Using template $paramod\_90_fa\WIDTH=32'00000000000000000000000000001010 for cells of type $fa.
Using template $paramod\_90_lcu_brent_kung\WIDTH=32'00000000000000000000000000001010 for cells of type $lcu.
Using extmapper simplemap for cells of type $pos.
No more expansions possible.
<suppressed ~1068 debug messages>

10. Executing OPT pass (performing simple optimizations).

10.1. Executing OPT_EXPR pass (perform const folding).
Optimizing module vga_seg4.
<suppressed ~1388 debug messages>

10.2. Executing OPT_MERGE pass (detect identical cells).
Finding identical cells in module `\vga_seg4'.
Computing hashes of 800 cells of `\vga_seg4'.
Finding duplicate cells in `\vga_seg4'.
Computing hashes of 664 cells of `\vga_seg4'.
Finding duplicate cells in `\vga_seg4'.
Computing hashes of 605 cells of `\vga_seg4'.
Finding duplicate cells in `\vga_seg4'.
Computing hashes of 585 cells of `\vga_seg4'.
Finding duplicate cells in `\vga_seg4'.
Computing hashes of 574 cells of `\vga_seg4'.
Finding duplicate cells in `\vga_seg4'.
Computing hashes of 550 cells of `\vga_seg4'.
Finding duplicate cells in `\vga_seg4'.
Computing hashes of 536 cells of `\vga_seg4'.
Finding duplicate cells in `\vga_seg4'.
Computing hashes of 517 cells of `\vga_seg4'.
Finding duplicate cells in `\vga_seg4'.
Computing hashes of 509 cells of `\vga_seg4'.
Finding duplicate cells in `\vga_seg4'.
Computing hashes of 506 cells of `\vga_seg4'.
Finding duplicate cells in `\vga_seg4'.
<suppressed ~882 debug messages>
Removed a total of 294 cells.

10.3. Executing OPT_DFF pass (perform DFF optimizations).

10.4. Executing OPT_CLEAN pass (remove unused cells and wires).
Finding unused cells or wires in module \vga_seg4..
Removed 91 unused cells and 1104 unused wires.
<suppressed ~93 debug messages>

10.5. Finished fast OPT passes.

11. Executing DFFLIBMAP pass (mapping DFF cells to sequential cells from liberty file).
  cell sky130_fd_sc_hd__dfxtp_1 (noninv, pins=3, area=20.02) is a direct match for cell type $_DFF_P_.
  cell sky130_fd_sc_hd__dfrtn_1 (noninv, pins=4, area=25.02) is a direct match for cell type $_DFF_NN0_.
  cell sky130_fd_sc_hd__dfrtp_1 (noninv, pins=4, area=25.02) is a direct match for cell type $_DFF_PN0_.
  cell sky130_fd_sc_hd__dfstp_2 (noninv, pins=4, area=26.28) is a direct match for cell type $_DFF_PN1_.
  cell sky130_fd_sc_hd__edfxtp_1 (noninv, pins=4, area=30.03) is a direct match for cell type $_DFFE_PP_.
  cell sky130_fd_sc_hd__dfbbn_1 (noninv, pins=6, area=32.53) is a direct match for cell type $_DFFSR_NNN_.
  cell sky130_fd_sc_hd__dfbbp_1 (noninv, pins=6, area=32.53) is a direct match for cell type $_DFFSR_PNN_.
  final dff cell mappings:
    unmapped dff cell: $_DFF_N_
    \sky130_fd_sc_hd__dfxtp_1 _DFF_P_ (.CLK( C), .D( D), .Q( Q));
    \sky130_fd_sc_hd__dfrtn_1 _DFF_NN0_ (.CLK_N( C), .D( D), .Q( Q), .RESET_B( R));
    unmapped dff cell: $_DFF_NN1_
    unmapped dff cell: $_DFF_NP0_
    unmapped dff cell: $_DFF_NP1_
    \sky130_fd_sc_hd__dfrtp_1 _DFF_PN0_ (.CLK( C), .D( D), .Q( Q), .RESET_B( R));
    \sky130_fd_sc_hd__dfstp_2 _DFF_PN1_ (.CLK( C), .D( D), .Q( Q), .SET_B( R));
    unmapped dff cell: $_DFF_PP0_
    unmapped dff cell: $_DFF_PP1_
    unmapped dff cell: $_DFFE_NN_
    unmapped dff cell: $_DFFE_NP_
    unmapped dff cell: $_DFFE_PN_
    \sky130_fd_sc_hd__edfxtp_1 _DFFE_PP_ (.CLK( C), .D( D), .DE( E), .Q( Q));
    \sky130_fd_sc_hd__dfbbn_1 _DFFSR_NNN_ (.CLK_N( C), .D( D), .Q( Q), .Q_N(~Q), .RESET_B( R), .SET_B( S));
    unmapped dff cell: $_DFFSR_NNP_
    unmapped dff cell: $_DFFSR_NPN_
    unmapped dff cell: $_DFFSR_NPP_
    \sky130_fd_sc_hd__dfbbp_1 _DFFSR_PNN_ (.CLK( C), .D( D), .Q( Q), .Q_N(~Q), .RESET_B( R), .SET_B( S));
    unmapped dff cell: $_DFFSR_PNP_
    unmapped dff cell: $_DFFSR_PPN_
    unmapped dff cell: $_DFFSR_PPP_

11.1. Executing DFFLEGALIZE pass (convert FFs to types supported by the target).
<suppressed ~24 debug messages>
Mapping DFF cells in module `\vga_seg4':
  mapped 59 $_DFF_P_ cells to \sky130_fd_sc_hd__dfxtp_1 cells.

12. Executing ABC pass (technology mapping using ABC).

12.1. Extracting gate netlist of module `\vga_seg4' to `<abc-temp-dir>/input.blif'..
ABC: using cached merged SCL: /tmp/yosys-liberty-scl-cache/yosys_merged_26d78acf.scl (1 files)

12.1.1. Executed ABC.
Extracted 447 gates and 518 wires to a netlist network with 69 inputs and 57 outputs.
Running ABC script: <abc-temp-dir>/abc.script
ABC: UC Berkeley, ABC 1.01 (compiled Jul 16 2026 03:52:11)
ABC: abc 01> empty
ABC: abc 01> source <abc-temp-dir>/abc.script
ABC: + read_blif <abc-temp-dir>/input.blif 
ABC: + read_scl /tmp/yosys-liberty-scl-cache/yosys_merged_26d78acf.scl 
ABC: Warning: Detected 9 multi-output cells (for example, "sky130_fd_sc_hd__fa_1").
ABC: + strash 
ABC: + &get -n 
ABC: + &fraig -x 
ABC: + &put 
ABC: + scorr 
ABC: Warning: The network is combinational (run "fraig" or "fraig_sweep").
ABC: + dc2 
ABC: + dretime 
ABC: + strash 
ABC: + &get -n 
ABC: + &dch -f 
ABC: + &nf 
ABC: + &put 
ABC: + write_blif <abc-temp-dir>/output.blif 
ABC: 
ABC: YOSYS_ABC_DONE 

12.1.2. Re-integrating ABC results.
ABC RESULTS:   sky130_fd_sc_hd__a2111oi_0 cells:        2
ABC RESULTS:   sky130_fd_sc_hd__a211oi_1 cells:       20
ABC RESULTS:   sky130_fd_sc_hd__a21boi_0 cells:        1
ABC RESULTS:   sky130_fd_sc_hd__a21o_1 cells:        2
ABC RESULTS:   sky130_fd_sc_hd__a21oi_1 cells:       39
ABC RESULTS:   sky130_fd_sc_hd__a22oi_1 cells:        2
ABC RESULTS:   sky130_fd_sc_hd__a311oi_1 cells:        2
ABC RESULTS:   sky130_fd_sc_hd__a31oi_1 cells:        4
ABC RESULTS:   sky130_fd_sc_hd__and2_0 cells:        4
ABC RESULTS:   sky130_fd_sc_hd__and3_1 cells:        4
ABC RESULTS:   sky130_fd_sc_hd__and4_1 cells:        1
ABC RESULTS:   sky130_fd_sc_hd__and4b_1 cells:        1
ABC RESULTS:   sky130_fd_sc_hd__clkinv_1 cells:       11
ABC RESULTS:   sky130_fd_sc_hd__lpflow_inputiso1p_1 cells:        2
ABC RESULTS:   sky130_fd_sc_hd__lpflow_isobufsrc_1 cells:        1
ABC RESULTS:   sky130_fd_sc_hd__mux2_1 cells:        3
ABC RESULTS:   sky130_fd_sc_hd__mux2i_1 cells:        4
ABC RESULTS:   sky130_fd_sc_hd__nand2_1 cells:       57
ABC RESULTS:   sky130_fd_sc_hd__nand2b_1 cells:        1
ABC RESULTS:   sky130_fd_sc_hd__nand3_1 cells:        6
ABC RESULTS:   sky130_fd_sc_hd__nand3b_1 cells:        1
ABC RESULTS:   sky130_fd_sc_hd__nand4_1 cells:        3
ABC RESULTS:   sky130_fd_sc_hd__nor2_1 cells:       26
ABC RESULTS:   sky130_fd_sc_hd__nor3_1 cells:       20
ABC RESULTS:   sky130_fd_sc_hd__nor3b_1 cells:        2
ABC RESULTS:   sky130_fd_sc_hd__nor4_1 cells:        1
ABC RESULTS:   sky130_fd_sc_hd__nor4b_1 cells:        1
ABC RESULTS:   sky130_fd_sc_hd__o21a_1 cells:        3
ABC RESULTS:   sky130_fd_sc_hd__o21ai_0 cells:        6
ABC RESULTS:   sky130_fd_sc_hd__o21bai_1 cells:        3
ABC RESULTS:   sky130_fd_sc_hd__o311a_1 cells:        1
ABC RESULTS:   sky130_fd_sc_hd__o311ai_0 cells:        1
ABC RESULTS:   sky130_fd_sc_hd__o31ai_1 cells:        3
ABC RESULTS:   sky130_fd_sc_hd__o32ai_1 cells:        3
ABC RESULTS:   sky130_fd_sc_hd__or3_1 cells:        1
ABC RESULTS:   sky130_fd_sc_hd__or3b_1 cells:        1
ABC RESULTS:   sky130_fd_sc_hd__or4_1 cells:        1
ABC RESULTS:   sky130_fd_sc_hd__xnor2_1 cells:        3
ABC RESULTS:        internal signals:      392
ABC RESULTS:           input signals:       69
ABC RESULTS:          output signals:       57
Removing temp directory.
Removing global temp directory.

13. Executing OPT_CLEAN pass (remove unused cells and wires).
Finding unused cells or wires in module \vga_seg4..
Removed 1 unused cells and 386 unused wires.
<suppressed ~22 debug messages>

14. Printing statistics.

=== vga_seg4 ===

        +----------Local Count, excluding submodules.
        |        +-Local Area, excluding submodules.
        |        | 
      261        - wires
      327        - wire bits
       14        - public wires
       80        - public wire bits
        6        - ports
       29        - port bits
      306 2.52E+03 cells
        2   17.517   sky130_fd_sc_hd__a2111oi_0
       20  150.144   sky130_fd_sc_hd__a211oi_1
        1    7.507   sky130_fd_sc_hd__a21boi_0
        2   15.014   sky130_fd_sc_hd__a21o_1
       39  195.187   sky130_fd_sc_hd__a21oi_1
        2   15.014   sky130_fd_sc_hd__a22oi_1
        2   17.517   sky130_fd_sc_hd__a311oi_1
        4   25.024   sky130_fd_sc_hd__a31oi_1
        4   25.024   sky130_fd_sc_hd__and2_0
        4   25.024   sky130_fd_sc_hd__and3_1
        1    8.758   sky130_fd_sc_hd__and4_1
        1    10.01   sky130_fd_sc_hd__and4b_1
       11    41.29   sky130_fd_sc_hd__clkinv_1
       59 1.18E+03   sky130_fd_sc_hd__dfxtp_1
        2   12.512   sky130_fd_sc_hd__lpflow_inputiso1p_1
        1    6.256   sky130_fd_sc_hd__lpflow_isobufsrc_1
        3   33.782   sky130_fd_sc_hd__mux2_1
        4   40.038   sky130_fd_sc_hd__mux2i_1
       57  213.955   sky130_fd_sc_hd__nand2_1
        1    6.256   sky130_fd_sc_hd__nand2b_1
        6   30.029   sky130_fd_sc_hd__nand3_1
        1    7.507   sky130_fd_sc_hd__nand3b_1
        3   18.768   sky130_fd_sc_hd__nand4_1
       26   97.594   sky130_fd_sc_hd__nor2_1
       20  100.096   sky130_fd_sc_hd__nor3_1
        2   15.014   sky130_fd_sc_hd__nor3b_1
        1    6.256   sky130_fd_sc_hd__nor4_1
        1    8.758   sky130_fd_sc_hd__nor4b_1
        3   22.522   sky130_fd_sc_hd__o21a_1
        6   30.029   sky130_fd_sc_hd__o21ai_0
        3   22.522   sky130_fd_sc_hd__o21bai_1
        1    10.01   sky130_fd_sc_hd__o311a_1
        1    8.758   sky130_fd_sc_hd__o311ai_0
        3   22.522   sky130_fd_sc_hd__o31ai_1
        3   26.275   sky130_fd_sc_hd__o32ai_1
        1    6.256   sky130_fd_sc_hd__or3_1
        1    8.758   sky130_fd_sc_hd__or3b_1
        1    7.507   sky130_fd_sc_hd__or4_1
        3   26.275   sky130_fd_sc_hd__xnor2_1

   Chip area for module '\vga_seg4': 2522.419200
     of which used for sequential elements: 1181.132800 (46.83%)

End of script. Logfile hash: f77ffa85d9, time: 0.23s, user: 0.13s, system: 0.02s, MEM: 47.13 MB peak
Yosys 0.67+40 (git sha1 45ea2b8d6-dirty, Release, Clang /usr/bin/clang++ 18.1.8)
Time spent: 39% 1x abc (0 sec), 19% 1x stat (0 sec), ...
