
 /----------------------------------------------------------------------------\
 |  yosys -- Yosys Open SYnthesis Suite                                       |
 |  Copyright (C) 2012 - 2026  Claire Xenia Wolf <claire@yosyshq.com>         |
 |  Distributed under an ISC-like license, type "license" to see terms        |
 \----------------------------------------------------------------------------/
 Yosys 0.67+40 (git sha1 45ea2b8d6-dirty, Release, Clang /usr/bin/clang++ 18.1.8)

-- Running command `read_verilog -sv vga_timing.v vga_bitmap8.v vga_seg4.v; hierarchy -top vga_bitmap8; flatten; proc; memory; opt -fast; techmap; opt -fast; dfflibmap -liberty /home/moein/.ciel/ciel/sky130/versions/8afc8346a57fe1ab7934ba5a6056ea8b43078e71/sky130A/libs.ref/sky130_fd_sc_hd/lib/sky130_fd_sc_hd__tt_025C_1v80.lib; abc -liberty /home/moein/.ciel/ciel/sky130/versions/8afc8346a57fe1ab7934ba5a6056ea8b43078e71/sky130A/libs.ref/sky130_fd_sc_hd/lib/sky130_fd_sc_hd__tt_025C_1v80.lib; opt_clean -purge; stat -liberty /home/moein/.ciel/ciel/sky130/versions/8afc8346a57fe1ab7934ba5a6056ea8b43078e71/sky130A/libs.ref/sky130_fd_sc_hd/lib/sky130_fd_sc_hd__tt_025C_1v80.lib' --

1. Executing Verilog-2005 frontend: vga_timing.v
Parsing SystemVerilog input from `vga_timing.v' to AST representation.
Generating RTLIL representation for module `\vga_timing'.
Successfully finished Verilog frontend.

2. Executing Verilog-2005 frontend: vga_bitmap8.v
Parsing SystemVerilog input from `vga_bitmap8.v' to AST representation.
Generating RTLIL representation for module `\vga_bitmap8'.
Successfully finished Verilog frontend.

3. Executing Verilog-2005 frontend: vga_seg4.v
Parsing SystemVerilog input from `vga_seg4.v' to AST representation.
Generating RTLIL representation for module `\vga_seg4'.
Successfully finished Verilog frontend.

4. Executing HIERARCHY pass (managing design hierarchy).

4.1. Analyzing design hierarchy..
Top module:  \vga_bitmap8
Used module:     \vga_timing

4.2. Analyzing design hierarchy..
Top module:  \vga_bitmap8
Used module:     \vga_timing
Removing unused module `\vga_seg4'.
Removed 1 unused modules.

5. Executing FLATTEN pass (flatten design).
Deleting now unused module vga_timing.
<suppressed ~1 debug messages>

6. Executing PROC pass (convert processes to netlists).

6.1. Executing PROC_CLEAN pass (remove empty switches from decision trees).
Cleaned up 0 empty switches.

6.2. Executing PROC_RMDEAD pass (remove dead branches from decision trees).
Marked 1 switch rules as full_case in process $flatten\t.$proc$vga_timing.v:9$3 in module vga_bitmap8.
Marked 2 switch rules as full_case in process $proc$vga_bitmap8.v:22$62 in module vga_bitmap8.
Marked 4 switch rules as full_case in process $proc$vga_bitmap8.v:12$30 in module vga_bitmap8.
Removed a total of 0 dead cases.

6.3. Executing PROC_PRUNE pass (remove redundant assignments in processes).
Removed 1 redundant assignment.
Promoted 17 assignments to connections.

6.4. Executing PROC_INIT pass (extract init attributes).

6.5. Executing PROC_ARST pass (detect async resets in processes).

6.6. Executing PROC_ROM pass (convert switches to ROMs).
Converted 0 switches.
<suppressed ~10 debug messages>

6.7. Executing PROC_MUX pass (convert decision trees to multiplexers).
Creating decoders for process `\vga_bitmap8.$flatten\t.$proc$vga_timing.v:9$3'.
     1/2: $flatten\t.$0\hcount[9:0]
     2/2: $flatten\t.$0\vcount[9:0]
Creating decoders for process `\vga_bitmap8.$proc$vga_bitmap8.v:30$84'.
Creating decoders for process `\vga_bitmap8.$proc$vga_bitmap8.v:34$83'.
Creating decoders for process `\vga_bitmap8.$proc$vga_bitmap8.v:22$62'.
     1/2: $0\ry[2:0]
     2/2: $0\lcnt[5:0]
Creating decoders for process `\vga_bitmap8.$proc$vga_bitmap8.v:12$30'.
     1/20: $3$memwr$\row$vga_bitmap8.v:15$28_EN[7:0]$59
     2/20: $3$memwr$\row$vga_bitmap8.v:15$28_DATA[7:0]$58
     3/20: $3$memwr$\row$vga_bitmap8.v:15$28_ADDR[2:0]$57
     4/20: $2$memwr$\row$vga_bitmap8.v:15$28_EN[7:0]$55
     5/20: $2$memwr$\row$vga_bitmap8.v:15$28_DATA[7:0]$54
     6/20: $2$memwr$\row$vga_bitmap8.v:15$28_ADDR[2:0]$53
     7/20: $1\i[31:0]
     8/20: $1$memwr$\row$vga_bitmap8.v:13$27_EN[7:0]$49
     9/20: $1$memwr$\row$vga_bitmap8.v:13$26_EN[7:0]$48
    10/20: $1$memwr$\row$vga_bitmap8.v:13$25_EN[7:0]$47
    11/20: $1$memwr$\row$vga_bitmap8.v:13$24_EN[7:0]$46
    12/20: $1$memwr$\row$vga_bitmap8.v:13$23_EN[7:0]$45
    13/20: $1$memwr$\row$vga_bitmap8.v:13$22_EN[7:0]$44
    14/20: $1$memwr$\row$vga_bitmap8.v:13$21_EN[7:0]$43
    15/20: $1$memwr$\row$vga_bitmap8.v:13$20_EN[7:0]$42
    16/20: $1$memwr$\row$vga_bitmap8.v:15$28_EN[7:0]$52
    17/20: $1$memwr$\row$vga_bitmap8.v:15$28_DATA[7:0]$51
    18/20: $1$memwr$\row$vga_bitmap8.v:15$28_ADDR[2:0]$50
    19/20: $0\bg[5:0]
    20/20: $0\fg[5:0]

6.8. Executing PROC_DLATCH pass (convert process syncs to latches).
No latch inferred for signal `\vga_bitmap8.$mem2bits$\row$vga_bitmap8.v:30$29' from process `\vga_bitmap8.$proc$vga_bitmap8.v:30$84'.

6.9. Executing PROC_DFF pass (convert process syncs to FFs).
Creating register for signal `\vga_bitmap8.\t.hcount' using process `\vga_bitmap8.$flatten\t.$proc$vga_timing.v:9$3'.
  created $dff cell `$procdff$261' with positive edge clock.
Creating register for signal `\vga_bitmap8.\t.vcount' using process `\vga_bitmap8.$flatten\t.$proc$vga_timing.v:9$3'.
  created $dff cell `$procdff$262' with positive edge clock.
Creating register for signal `\vga_bitmap8.\t.active' using process `\vga_bitmap8.$flatten\t.$proc$vga_timing.v:9$3'.
  created $dff cell `$procdff$263' with positive edge clock.
Creating register for signal `\vga_bitmap8.\t.hsync_n' using process `\vga_bitmap8.$flatten\t.$proc$vga_timing.v:9$3'.
  created $dff cell `$procdff$264' with positive edge clock.
Creating register for signal `\vga_bitmap8.\t.vsync_n' using process `\vga_bitmap8.$flatten\t.$proc$vga_timing.v:9$3'.
  created $dff cell `$procdff$265' with positive edge clock.
Creating register for signal `\vga_bitmap8.\o' using process `\vga_bitmap8.$proc$vga_bitmap8.v:34$83'.
  created $dff cell `$procdff$266' with positive edge clock.
Creating register for signal `\vga_bitmap8.\lcnt' using process `\vga_bitmap8.$proc$vga_bitmap8.v:22$62'.
  created $dff cell `$procdff$267' with positive edge clock.
Creating register for signal `\vga_bitmap8.\ry' using process `\vga_bitmap8.$proc$vga_bitmap8.v:22$62'.
  created $dff cell `$procdff$268' with positive edge clock.
Creating register for signal `\vga_bitmap8.\i' using process `\vga_bitmap8.$proc$vga_bitmap8.v:12$30'.
  created $dff cell `$procdff$269' with positive edge clock.
Creating register for signal `\vga_bitmap8.\fg' using process `\vga_bitmap8.$proc$vga_bitmap8.v:12$30'.
  created $dff cell `$procdff$270' with positive edge clock.
Creating register for signal `\vga_bitmap8.\bg' using process `\vga_bitmap8.$proc$vga_bitmap8.v:12$30'.
  created $dff cell `$procdff$271' with positive edge clock.
Creating register for signal `\vga_bitmap8.$memwr$\row$vga_bitmap8.v:13$20_EN' using process `\vga_bitmap8.$proc$vga_bitmap8.v:12$30'.
  created $dff cell `$procdff$272' with positive edge clock.
Creating register for signal `\vga_bitmap8.$memwr$\row$vga_bitmap8.v:13$21_EN' using process `\vga_bitmap8.$proc$vga_bitmap8.v:12$30'.
  created $dff cell `$procdff$273' with positive edge clock.
Creating register for signal `\vga_bitmap8.$memwr$\row$vga_bitmap8.v:13$22_EN' using process `\vga_bitmap8.$proc$vga_bitmap8.v:12$30'.
  created $dff cell `$procdff$274' with positive edge clock.
Creating register for signal `\vga_bitmap8.$memwr$\row$vga_bitmap8.v:13$23_EN' using process `\vga_bitmap8.$proc$vga_bitmap8.v:12$30'.
  created $dff cell `$procdff$275' with positive edge clock.
Creating register for signal `\vga_bitmap8.$memwr$\row$vga_bitmap8.v:13$24_EN' using process `\vga_bitmap8.$proc$vga_bitmap8.v:12$30'.
  created $dff cell `$procdff$276' with positive edge clock.
Creating register for signal `\vga_bitmap8.$memwr$\row$vga_bitmap8.v:13$25_EN' using process `\vga_bitmap8.$proc$vga_bitmap8.v:12$30'.
  created $dff cell `$procdff$277' with positive edge clock.
Creating register for signal `\vga_bitmap8.$memwr$\row$vga_bitmap8.v:13$26_EN' using process `\vga_bitmap8.$proc$vga_bitmap8.v:12$30'.
  created $dff cell `$procdff$278' with positive edge clock.
Creating register for signal `\vga_bitmap8.$memwr$\row$vga_bitmap8.v:13$27_EN' using process `\vga_bitmap8.$proc$vga_bitmap8.v:12$30'.
  created $dff cell `$procdff$279' with positive edge clock.
Creating register for signal `\vga_bitmap8.$memwr$\row$vga_bitmap8.v:15$28_ADDR' using process `\vga_bitmap8.$proc$vga_bitmap8.v:12$30'.
  created $dff cell `$procdff$280' with positive edge clock.
Creating register for signal `\vga_bitmap8.$memwr$\row$vga_bitmap8.v:15$28_DATA' using process `\vga_bitmap8.$proc$vga_bitmap8.v:12$30'.
  created $dff cell `$procdff$281' with positive edge clock.
Creating register for signal `\vga_bitmap8.$memwr$\row$vga_bitmap8.v:15$28_EN' using process `\vga_bitmap8.$proc$vga_bitmap8.v:12$30'.
  created $dff cell `$procdff$282' with positive edge clock.

6.10. Executing PROC_MEMWR pass (convert process memory writes to cells).

6.11. Executing PROC_CLEAN pass (remove empty switches from decision trees).
Found and cleaned up 2 empty switches in `\vga_bitmap8.$flatten\t.$proc$vga_timing.v:9$3'.
Removing empty process `vga_bitmap8.$flatten\t.$proc$vga_timing.v:9$3'.
Removing empty process `vga_bitmap8.$proc$vga_bitmap8.v:30$84'.
Removing empty process `vga_bitmap8.$proc$vga_bitmap8.v:34$83'.
Found and cleaned up 3 empty switches in `\vga_bitmap8.$proc$vga_bitmap8.v:22$62'.
Removing empty process `vga_bitmap8.$proc$vga_bitmap8.v:22$62'.
Found and cleaned up 5 empty switches in `\vga_bitmap8.$proc$vga_bitmap8.v:12$30'.
Removing empty process `vga_bitmap8.$proc$vga_bitmap8.v:12$30'.
Cleaned up 10 empty switches.

6.12. Executing OPT_EXPR pass (perform const folding).
Optimizing module vga_bitmap8.

7. Executing MEMORY pass.

7.1. Executing OPT_MEM pass (optimize memories).
Performed a total of 0 transformations.

7.2. Executing OPT_MEM_PRIORITY pass (removing unnecessary memory write priority relations).
Performed a total of 28 transformations.

7.3. Executing OPT_MEM_FEEDBACK pass (finding memory read-to-write feedback paths).
  Analyzing vga_bitmap8.row write port 0.
  Analyzing vga_bitmap8.row write port 1.
  Analyzing vga_bitmap8.row write port 2.
  Analyzing vga_bitmap8.row write port 3.
  Analyzing vga_bitmap8.row write port 4.
  Analyzing vga_bitmap8.row write port 5.
  Analyzing vga_bitmap8.row write port 6.
  Analyzing vga_bitmap8.row write port 7.
  Analyzing vga_bitmap8.row write port 8.

7.4. Executing MEMORY_BMUX2ROM pass (converting muxes to ROMs).

7.5. Executing MEMORY_DFF pass (merging $dff cells to $memrd).
Checking read port `\row'[0] in module `\vga_bitmap8': no output FF found.
Checking read port address `\row'[0] in module `\vga_bitmap8': merged address FF to cell.

7.6. Executing OPT_CLEAN pass (remove unused cells and wires).
Finding unused cells or wires in module \vga_bitmap8..
Removed 13 unused cells and 106 unused wires.
<suppressed ~15 debug messages>

7.7. Executing MEMORY_SHARE pass (consolidating $memrd/$memwr cells).
Consolidating write ports of memory vga_bitmap8.row by address:
  Merging ports 0, 1 (address 0).
  Merging ports 0, 2 (address 0).
  Merging ports 0, 3 (address 0).
  Merging ports 0, 4 (address 0).
  Merging ports 0, 5 (address 0).
  Merging ports 0, 6 (address 0).
  Merging ports 0, 7 (address 0).
Consolidating write ports of memory vga_bitmap8.row by address:
Consolidating write ports of memory vga_bitmap8.row using sat-based resource sharing:

7.8. Executing OPT_MEM_WIDEN pass (optimize memories where all ports are wide).
Performed a total of 0 transformations.

7.9. Executing OPT_CLEAN pass (remove unused cells and wires).
Finding unused cells or wires in module \vga_bitmap8..

7.10. Executing MEMORY_COLLECT pass (generating $mem cells).

7.11. Executing MEMORY_MAP pass (converting memories to logic and flip-flops).
Mapping memory \row in module \vga_bitmap8:
  created 8 $dff cells and 0 static cells of width 8.
Extracted addr FF from read port 0 of vga_bitmap8.row: $\row$rdreg[0]
  read interface: 1 $dff and 7 $mux cells.
  write interface: 128 write mux blocks.

8. Executing OPT pass (performing simple optimizations).

8.1. Executing OPT_EXPR pass (perform const folding).
Optimizing module vga_bitmap8.
<suppressed ~106 debug messages>

8.2. Executing OPT_MERGE pass (detect identical cells).
Finding identical cells in module `\vga_bitmap8'.
Computing hashes of 318 cells of `\vga_bitmap8'.
Finding duplicate cells in `\vga_bitmap8'.
Computing hashes of 307 cells of `\vga_bitmap8'.
Finding duplicate cells in `\vga_bitmap8'.
<suppressed ~33 debug messages>
Removed a total of 11 cells.

8.3. Executing OPT_DFF pass (perform DFF optimizations).
Adding SRST signal on $procdff$270 ($dff) from module vga_bitmap8 (D = $procmux$256_Y, Q = \fg, rval = 6'111111).
Adding EN signal on $auto$ff.cc:337:slice$951 ($sdff) from module vga_bitmap8 (D = \wdata [5:0], Q = \fg).
Adding SRST signal on $procdff$261 ($dff) from module vga_bitmap8 (D = $flatten\t.$add$vga_timing.v:12$4_Y, Q = \t.hcount, rval = 10'0000000000).
Adding SRST signal on $procdff$262 ($dff) from module vga_bitmap8 (D = $procmux$133_Y, Q = \t.vcount, rval = 10'0000000000).
Adding EN signal on $auto$ff.cc:337:slice$960 ($sdff) from module vga_bitmap8 (D = $flatten\t.$ternary$vga_timing.v:13$7_Y, Q = \t.vcount).
Adding SRST signal on $procdff$266 ($dff) from module vga_bitmap8 (D = { $ternary$vga_bitmap8.v:31$81_Y [0] $ternary$vga_bitmap8.v:31$81_Y [2] $ternary$vga_bitmap8.v:31$81_Y [4] $ternary$vga_bitmap8.v:31$81_Y [1] $ternary$vga_bitmap8.v:31$81_Y [3] $ternary$vga_bitmap8.v:31$81_Y [5] }, Q = { \o [6:4] \o [2:0] }, rval = 6'000000).
Adding SRST signal on $procdff$267 ($dff) from module vga_bitmap8 (D = $procmux$149_Y, Q = \lcnt, rval = 6'000000).
Adding EN signal on $auto$ff.cc:337:slice$964 ($sdff) from module vga_bitmap8 (D = $procmux$147_Y, Q = \lcnt).
Adding SRST signal on $procdff$271 ($dff) from module vga_bitmap8 (D = $procmux$244_Y, Q = \bg, rval = 6'000000).
Adding EN signal on $auto$ff.cc:337:slice$966 ($sdff) from module vga_bitmap8 (D = \wdata [5:0], Q = \bg).

8.4. Executing OPT_CLEAN pass (remove unused cells and wires).
Finding unused cells or wires in module \vga_bitmap8..
Removed 16 unused cells and 146 unused wires.
<suppressed ~18 debug messages>

8.5. Rerunning OPT passes. (Removed registers in this run.)

8.6. Executing OPT_EXPR pass (perform const folding).
Optimizing module vga_bitmap8.

8.7. Executing OPT_MERGE pass (detect identical cells).
Finding identical cells in module `\vga_bitmap8'.
Computing hashes of 298 cells of `\vga_bitmap8'.
Finding duplicate cells in `\vga_bitmap8'.
Computing hashes of 297 cells of `\vga_bitmap8'.
Finding duplicate cells in `\vga_bitmap8'.
<suppressed ~3 debug messages>
Removed a total of 1 cells.

8.8. Executing OPT_DFF pass (perform DFF optimizations).
Adding EN signal on $memory\row[0]$294 ($dff) from module vga_bitmap8 (D = $memory\row$wrmux[0][1][0]$y$404, Q = \row[0] [0]).
Adding EN signal on $memory\row[0]$294 ($dff) from module vga_bitmap8 (D = $memory\row$wrmux[0][1][1]$y$408, Q = \row[0] [1]).
Adding EN signal on $memory\row[0]$294 ($dff) from module vga_bitmap8 (D = $memory\row$wrmux[0][1][2]$y$412, Q = \row[0] [2]).
Adding EN signal on $memory\row[0]$294 ($dff) from module vga_bitmap8 (D = $memory\row$wrmux[0][1][3]$y$416, Q = \row[0] [3]).
Adding EN signal on $memory\row[0]$294 ($dff) from module vga_bitmap8 (D = $memory\row$wrmux[0][1][4]$y$420, Q = \row[0] [4]).
Adding EN signal on $memory\row[0]$294 ($dff) from module vga_bitmap8 (D = $memory\row$wrmux[0][1][5]$y$424, Q = \row[0] [5]).
Adding EN signal on $memory\row[0]$294 ($dff) from module vga_bitmap8 (D = $memory\row$wrmux[0][1][6]$y$428, Q = \row[0] [6]).
Adding EN signal on $memory\row[0]$294 ($dff) from module vga_bitmap8 (D = $memory\row$wrmux[0][1][7]$y$432, Q = \row[0] [7]).
Adding EN signal on $memory\row[1]$296 ($dff) from module vga_bitmap8 (D = $memory\row$wrmux[1][1][0]$y$480, Q = \row[1] [0]).
Adding EN signal on $memory\row[1]$296 ($dff) from module vga_bitmap8 (D = $memory\row$wrmux[1][1][1]$y$484, Q = \row[1] [1]).
Adding EN signal on $memory\row[1]$296 ($dff) from module vga_bitmap8 (D = $memory\row$wrmux[1][1][2]$y$488, Q = \row[1] [2]).
Adding EN signal on $memory\row[1]$296 ($dff) from module vga_bitmap8 (D = $memory\row$wrmux[1][1][3]$y$492, Q = \row[1] [3]).
Adding EN signal on $memory\row[1]$296 ($dff) from module vga_bitmap8 (D = $memory\row$wrmux[1][1][4]$y$496, Q = \row[1] [4]).
Adding EN signal on $memory\row[1]$296 ($dff) from module vga_bitmap8 (D = $memory\row$wrmux[1][1][5]$y$500, Q = \row[1] [5]).
Adding EN signal on $memory\row[1]$296 ($dff) from module vga_bitmap8 (D = $memory\row$wrmux[1][1][6]$y$504, Q = \row[1] [6]).
Adding EN signal on $memory\row[1]$296 ($dff) from module vga_bitmap8 (D = $memory\row$wrmux[1][1][7]$y$508, Q = \row[1] [7]).
Adding EN signal on $memory\row[2]$298 ($dff) from module vga_bitmap8 (D = $memory\row$wrmux[2][1][0]$y$556, Q = \row[2] [0]).
Adding EN signal on $memory\row[2]$298 ($dff) from module vga_bitmap8 (D = $memory\row$wrmux[2][1][1]$y$560, Q = \row[2] [1]).
Adding EN signal on $memory\row[2]$298 ($dff) from module vga_bitmap8 (D = $memory\row$wrmux[2][1][2]$y$564, Q = \row[2] [2]).
Adding EN signal on $memory\row[2]$298 ($dff) from module vga_bitmap8 (D = $memory\row$wrmux[2][1][3]$y$568, Q = \row[2] [3]).
Adding EN signal on $memory\row[2]$298 ($dff) from module vga_bitmap8 (D = $memory\row$wrmux[2][1][4]$y$572, Q = \row[2] [4]).
Adding EN signal on $memory\row[2]$298 ($dff) from module vga_bitmap8 (D = $memory\row$wrmux[2][1][5]$y$576, Q = \row[2] [5]).
Adding EN signal on $memory\row[2]$298 ($dff) from module vga_bitmap8 (D = $memory\row$wrmux[2][1][6]$y$580, Q = \row[2] [6]).
Adding EN signal on $memory\row[2]$298 ($dff) from module vga_bitmap8 (D = $memory\row$wrmux[2][1][7]$y$584, Q = \row[2] [7]).
Adding EN signal on $memory\row[3]$300 ($dff) from module vga_bitmap8 (D = $memory\row$wrmux[3][1][0]$y$630, Q = \row[3] [0]).
Adding EN signal on $memory\row[3]$300 ($dff) from module vga_bitmap8 (D = $memory\row$wrmux[3][1][1]$y$634, Q = \row[3] [1]).
Adding EN signal on $memory\row[3]$300 ($dff) from module vga_bitmap8 (D = $memory\row$wrmux[3][1][2]$y$638, Q = \row[3] [2]).
Adding EN signal on $memory\row[3]$300 ($dff) from module vga_bitmap8 (D = $memory\row$wrmux[3][1][3]$y$642, Q = \row[3] [3]).
Adding EN signal on $memory\row[3]$300 ($dff) from module vga_bitmap8 (D = $memory\row$wrmux[3][1][4]$y$646, Q = \row[3] [4]).
Adding EN signal on $memory\row[3]$300 ($dff) from module vga_bitmap8 (D = $memory\row$wrmux[3][1][5]$y$650, Q = \row[3] [5]).
Adding EN signal on $memory\row[3]$300 ($dff) from module vga_bitmap8 (D = $memory\row$wrmux[3][1][6]$y$654, Q = \row[3] [6]).
Adding EN signal on $memory\row[3]$300 ($dff) from module vga_bitmap8 (D = $memory\row$wrmux[3][1][7]$y$658, Q = \row[3] [7]).
Adding EN signal on $memory\row[4]$302 ($dff) from module vga_bitmap8 (D = $memory\row$wrmux[4][1][0]$y$706, Q = \row[4] [0]).
Adding EN signal on $memory\row[4]$302 ($dff) from module vga_bitmap8 (D = $memory\row$wrmux[4][1][1]$y$710, Q = \row[4] [1]).
Adding EN signal on $memory\row[4]$302 ($dff) from module vga_bitmap8 (D = $memory\row$wrmux[4][1][2]$y$714, Q = \row[4] [2]).
Adding EN signal on $memory\row[4]$302 ($dff) from module vga_bitmap8 (D = $memory\row$wrmux[4][1][3]$y$718, Q = \row[4] [3]).
Adding EN signal on $memory\row[4]$302 ($dff) from module vga_bitmap8 (D = $memory\row$wrmux[4][1][4]$y$722, Q = \row[4] [4]).
Adding EN signal on $memory\row[4]$302 ($dff) from module vga_bitmap8 (D = $memory\row$wrmux[4][1][5]$y$726, Q = \row[4] [5]).
Adding EN signal on $memory\row[4]$302 ($dff) from module vga_bitmap8 (D = $memory\row$wrmux[4][1][6]$y$730, Q = \row[4] [6]).
Adding EN signal on $memory\row[4]$302 ($dff) from module vga_bitmap8 (D = $memory\row$wrmux[4][1][7]$y$734, Q = \row[4] [7]).
Adding EN signal on $memory\row[5]$304 ($dff) from module vga_bitmap8 (D = $memory\row$wrmux[5][1][0]$y$778, Q = \row[5] [0]).
Adding EN signal on $memory\row[5]$304 ($dff) from module vga_bitmap8 (D = $memory\row$wrmux[5][1][1]$y$782, Q = \row[5] [1]).
Adding EN signal on $memory\row[5]$304 ($dff) from module vga_bitmap8 (D = $memory\row$wrmux[5][1][2]$y$786, Q = \row[5] [2]).
Adding EN signal on $memory\row[5]$304 ($dff) from module vga_bitmap8 (D = $memory\row$wrmux[5][1][3]$y$790, Q = \row[5] [3]).
Adding EN signal on $memory\row[5]$304 ($dff) from module vga_bitmap8 (D = $memory\row$wrmux[5][1][4]$y$794, Q = \row[5] [4]).
Adding EN signal on $memory\row[5]$304 ($dff) from module vga_bitmap8 (D = $memory\row$wrmux[5][1][5]$y$798, Q = \row[5] [5]).
Adding EN signal on $memory\row[5]$304 ($dff) from module vga_bitmap8 (D = $memory\row$wrmux[5][1][6]$y$802, Q = \row[5] [6]).
Adding EN signal on $memory\row[5]$304 ($dff) from module vga_bitmap8 (D = $memory\row$wrmux[5][1][7]$y$806, Q = \row[5] [7]).
Adding EN signal on $memory\row[6]$306 ($dff) from module vga_bitmap8 (D = $memory\row$wrmux[6][1][0]$y$850, Q = \row[6] [0]).
Adding EN signal on $memory\row[6]$306 ($dff) from module vga_bitmap8 (D = $memory\row$wrmux[6][1][1]$y$854, Q = \row[6] [1]).
Adding EN signal on $memory\row[6]$306 ($dff) from module vga_bitmap8 (D = $memory\row$wrmux[6][1][2]$y$858, Q = \row[6] [2]).
Adding EN signal on $memory\row[6]$306 ($dff) from module vga_bitmap8 (D = $memory\row$wrmux[6][1][3]$y$862, Q = \row[6] [3]).
Adding EN signal on $memory\row[6]$306 ($dff) from module vga_bitmap8 (D = $memory\row$wrmux[6][1][4]$y$866, Q = \row[6] [4]).
Adding EN signal on $memory\row[6]$306 ($dff) from module vga_bitmap8 (D = $memory\row$wrmux[6][1][5]$y$870, Q = \row[6] [5]).
Adding EN signal on $memory\row[6]$306 ($dff) from module vga_bitmap8 (D = $memory\row$wrmux[6][1][6]$y$874, Q = \row[6] [6]).
Adding EN signal on $memory\row[6]$306 ($dff) from module vga_bitmap8 (D = $memory\row$wrmux[6][1][7]$y$878, Q = \row[6] [7]).
Adding EN signal on $memory\row[7]$308 ($dff) from module vga_bitmap8 (D = $memory\row$wrmux[7][1][0]$y$922, Q = \row[7] [0]).
Adding EN signal on $memory\row[7]$308 ($dff) from module vga_bitmap8 (D = $memory\row$wrmux[7][1][1]$y$926, Q = \row[7] [1]).
Adding EN signal on $memory\row[7]$308 ($dff) from module vga_bitmap8 (D = $memory\row$wrmux[7][1][2]$y$930, Q = \row[7] [2]).
Adding EN signal on $memory\row[7]$308 ($dff) from module vga_bitmap8 (D = $memory\row$wrmux[7][1][3]$y$934, Q = \row[7] [3]).
Adding EN signal on $memory\row[7]$308 ($dff) from module vga_bitmap8 (D = $memory\row$wrmux[7][1][4]$y$938, Q = \row[7] [4]).
Adding EN signal on $memory\row[7]$308 ($dff) from module vga_bitmap8 (D = $memory\row$wrmux[7][1][5]$y$942, Q = \row[7] [5]).
Adding EN signal on $memory\row[7]$308 ($dff) from module vga_bitmap8 (D = $memory\row$wrmux[7][1][6]$y$946, Q = \row[7] [6]).
Adding EN signal on $memory\row[7]$308 ($dff) from module vga_bitmap8 (D = $memory\row$wrmux[7][1][7]$y$950, Q = \row[7] [7]).

8.9. Executing OPT_CLEAN pass (remove unused cells and wires).
Finding unused cells or wires in module \vga_bitmap8..
Removed 0 unused cells and 1 unused wires.
<suppressed ~1 debug messages>

8.10. Rerunning OPT passes. (Removed registers in this run.)

8.11. Executing OPT_EXPR pass (perform const folding).
Optimizing module vga_bitmap8.
<suppressed ~64 debug messages>

8.12. Executing OPT_MERGE pass (detect identical cells).
Finding identical cells in module `\vga_bitmap8'.
Computing hashes of 417 cells of `\vga_bitmap8'.
Finding duplicate cells in `\vga_bitmap8'.
Computing hashes of 361 cells of `\vga_bitmap8'.
Finding duplicate cells in `\vga_bitmap8'.
<suppressed ~168 debug messages>
Removed a total of 56 cells.

8.13. Executing OPT_DFF pass (perform DFF optimizations).

8.14. Executing OPT_CLEAN pass (remove unused cells and wires).
Finding unused cells or wires in module \vga_bitmap8..
Removed 0 unused cells and 56 unused wires.
<suppressed ~1 debug messages>

8.15. Finished fast OPT passes.

9. Executing TECHMAP pass (map to technology primitives).

9.1. Executing Verilog-2005 frontend: /home/moein/oss-cad-suite/lib/../share/yosys/techmap.v
Parsing Verilog input from `/home/moein/oss-cad-suite/lib/../share/yosys/techmap.v' to AST representation.
Generating RTLIL representation for module `\_90_simplemap_bool_ops'.
Generating RTLIL representation for module `\_90_simplemap_reduce_ops'.
Generating RTLIL representation for module `\_90_simplemap_logic_ops'.
Generating RTLIL representation for module `\_90_simplemap_compare_ops'.
Generating RTLIL representation for module `\_90_simplemap_various'.
Generating RTLIL representation for module `\_90_simplemap_registers'.
Generating RTLIL representation for module `\_90_shift_ops_shr_shl_sshl_sshr'.
Generating RTLIL representation for module `\_90_shift_shiftx'.
Generating RTLIL representation for module `\_90_fa'.
Generating RTLIL representation for module `\_90_lcu_brent_kung'.
Generating RTLIL representation for module `\_90_alu'.
Generating RTLIL representation for module `\_90_macc'.
Generating RTLIL representation for module `\_90_alumacc'.
Generating RTLIL representation for module `$__div_mod_u'.
Generating RTLIL representation for module `$__div_mod_trunc'.
Generating RTLIL representation for module `\_90_div'.
Generating RTLIL representation for module `\_90_mod'.
Generating RTLIL representation for module `$__div_mod_floor'.
Generating RTLIL representation for module `\_90_divfloor'.
Generating RTLIL representation for module `\_90_modfloor'.
Generating RTLIL representation for module `\_90_pow'.
Generating RTLIL representation for module `\_90_demux'.
Generating RTLIL representation for module `\_90_lut'.
Generating RTLIL representation for module `$connect'.
Generating RTLIL representation for module `$input_port'.
Successfully finished Verilog frontend.

9.2. Continuing TECHMAP pass.
Using extmapper simplemap for cells of type $reduce_bool.
Using extmapper simplemap for cells of type $dffe.
Using extmapper simplemap for cells of type $reduce_and.
Using extmapper simplemap for cells of type $not.
Using extmapper simplemap for cells of type $sdffe.
Using extmapper simplemap for cells of type $dff.
Using extmapper simplemap for cells of type $sdff.
Using extmapper simplemap for cells of type $reduce_or.
Using extmapper simplemap for cells of type $and.
Running "alumacc" on wrapper $extern:wrap:$lt:Y_WIDTH=1:B_WIDTH=32:A_WIDTH=4:B_SIGNED=0:A_SIGNED=0:394426c56d1a028ba8fdd5469b163e04011def47.
Using template $extern:wrap:$lt:Y_WIDTH=1:B_WIDTH=32:A_WIDTH=4:B_SIGNED=0:A_SIGNED=0:394426c56d1a028ba8fdd5469b163e04011def47 for cells of type $extern:wrap:$lt:Y_WIDTH=1:B_WIDTH=32:A_WIDTH=4:B_SIGNED=0:A_SIGNED=0:394426c56d1a028ba8fdd5469b163e04011def47.
Using extmapper simplemap for cells of type $eq.
Using extmapper simplemap for cells of type $logic_and.
Using extmapper simplemap for cells of type $or.
Running "alumacc" on wrapper $extern:wrap:$add:Y_WIDTH=3:B_WIDTH=3:A_WIDTH=3:B_SIGNED=0:A_SIGNED=0:394426c56d1a028ba8fdd5469b163e04011def47.
Using template $extern:wrap:$add:Y_WIDTH=3:B_WIDTH=3:A_WIDTH=3:B_SIGNED=0:A_SIGNED=0:394426c56d1a028ba8fdd5469b163e04011def47 for cells of type $extern:wrap:$add:Y_WIDTH=3:B_WIDTH=3:A_WIDTH=3:B_SIGNED=0:A_SIGNED=0:394426c56d1a028ba8fdd5469b163e04011def47.
Running "alumacc" on wrapper $extern:wrap:$add:Y_WIDTH=6:B_WIDTH=6:A_WIDTH=6:B_SIGNED=0:A_SIGNED=0:394426c56d1a028ba8fdd5469b163e04011def47.
Using template $extern:wrap:$add:Y_WIDTH=6:B_WIDTH=6:A_WIDTH=6:B_SIGNED=0:A_SIGNED=0:394426c56d1a028ba8fdd5469b163e04011def47 for cells of type $extern:wrap:$add:Y_WIDTH=6:B_WIDTH=6:A_WIDTH=6:B_SIGNED=0:A_SIGNED=0:394426c56d1a028ba8fdd5469b163e04011def47.
Running "alumacc" on wrapper $extern:wrap:$ge:Y_WIDTH=1:B_WIDTH=10:A_WIDTH=10:B_SIGNED=0:A_SIGNED=0:394426c56d1a028ba8fdd5469b163e04011def47.
Using template $extern:wrap:$ge:Y_WIDTH=1:B_WIDTH=10:A_WIDTH=10:B_SIGNED=0:A_SIGNED=0:394426c56d1a028ba8fdd5469b163e04011def47 for cells of type $extern:wrap:$ge:Y_WIDTH=1:B_WIDTH=10:A_WIDTH=10:B_SIGNED=0:A_SIGNED=0:394426c56d1a028ba8fdd5469b163e04011def47.
Running "alumacc" on wrapper $extern:wrap:$lt:Y_WIDTH=1:B_WIDTH=10:A_WIDTH=10:B_SIGNED=0:A_SIGNED=0:394426c56d1a028ba8fdd5469b163e04011def47.
Using template $extern:wrap:$lt:Y_WIDTH=1:B_WIDTH=10:A_WIDTH=10:B_SIGNED=0:A_SIGNED=0:394426c56d1a028ba8fdd5469b163e04011def47 for cells of type $extern:wrap:$lt:Y_WIDTH=1:B_WIDTH=10:A_WIDTH=10:B_SIGNED=0:A_SIGNED=0:394426c56d1a028ba8fdd5469b163e04011def47.
Running "alumacc" on wrapper $extern:wrap:$sub:Y_WIDTH=3:B_WIDTH=3:A_WIDTH=3:B_SIGNED=0:A_SIGNED=0:394426c56d1a028ba8fdd5469b163e04011def47.
Using template $extern:wrap:$sub:Y_WIDTH=3:B_WIDTH=3:A_WIDTH=3:B_SIGNED=0:A_SIGNED=0:394426c56d1a028ba8fdd5469b163e04011def47 for cells of type $extern:wrap:$sub:Y_WIDTH=3:B_WIDTH=3:A_WIDTH=3:B_SIGNED=0:A_SIGNED=0:394426c56d1a028ba8fdd5469b163e04011def47.
Running "alumacc" on wrapper $extern:wrap:$sub:Y_WIDTH=32:B_WIDTH=3:A_WIDTH=32:B_SIGNED=0:A_SIGNED=0:394426c56d1a028ba8fdd5469b163e04011def47.
Using template $extern:wrap:$sub:Y_WIDTH=32:B_WIDTH=3:A_WIDTH=32:B_SIGNED=0:A_SIGNED=0:394426c56d1a028ba8fdd5469b163e04011def47 for cells of type $extern:wrap:$sub:Y_WIDTH=32:B_WIDTH=3:A_WIDTH=32:B_SIGNED=0:A_SIGNED=0:394426c56d1a028ba8fdd5469b163e04011def47.
Using template $paramod$constmap:13475f80e44115aa316d405883a5e764dd9db360$paramod$5a4dcc7281286797ba47757650cb512f9032815c\_90_shift_shiftx for cells of type $shiftx.
Using extmapper simplemap for cells of type $mux.
Running "alumacc" on wrapper $extern:wrap:$add:Y_WIDTH=10:B_WIDTH=10:A_WIDTH=10:B_SIGNED=0:A_SIGNED=0:394426c56d1a028ba8fdd5469b163e04011def47.
Using template $extern:wrap:$add:Y_WIDTH=10:B_WIDTH=10:A_WIDTH=10:B_SIGNED=0:A_SIGNED=0:394426c56d1a028ba8fdd5469b163e04011def47 for cells of type $extern:wrap:$add:Y_WIDTH=10:B_WIDTH=10:A_WIDTH=10:B_SIGNED=0:A_SIGNED=0:394426c56d1a028ba8fdd5469b163e04011def47.
Using template $paramod$484d51534650924b7ed4c69e46eed3a56904771f\_90_alu for cells of type $alu.
Using template $paramod$78e969f2586efcf3a5b0b0440bcca0db83d5cca2\_90_alu for cells of type $alu.
Using template $paramod$3e92930b84a1f8e99102decb41b57db2b77e2f7a\_90_alu for cells of type $alu.
Using template $paramod$00298f3f8094950cb9a5ff2fda48d0d8bde8806c\_90_alu for cells of type $alu.
Using template $paramod$a7817265ef3ab2ee43da53bbd8a90f6450d412d9\_90_alu for cells of type $alu.
Using extmapper simplemap for cells of type $xor.
Using template $paramod\_90_fa\WIDTH=32'00000000000000000000000000001010 for cells of type $fa.
Using template $paramod\_90_lcu_brent_kung\WIDTH=32'00000000000000000000000000001010 for cells of type $lcu.
Using extmapper simplemap for cells of type $pos.
Using template $paramod\_90_fa\WIDTH=32'00000000000000000000000000000011 for cells of type $fa.
Using template $paramod\_90_lcu_brent_kung\WIDTH=32'00000000000000000000000000000011 for cells of type $lcu.
Using template $paramod\_90_fa\WIDTH=32'00000000000000000000000000100000 for cells of type $fa.
Using template $paramod\_90_lcu_brent_kung\WIDTH=32'00000000000000000000000000100000 for cells of type $lcu.
Using template $paramod\_90_fa\WIDTH=32'00000000000000000000000000000110 for cells of type $fa.
Using template $paramod\_90_lcu_brent_kung\WIDTH=32'00000000000000000000000000000110 for cells of type $lcu.
No more expansions possible.
<suppressed ~2363 debug messages>

10. Executing OPT pass (performing simple optimizations).

10.1. Executing OPT_EXPR pass (perform const folding).
Optimizing module vga_bitmap8.
<suppressed ~2105 debug messages>

10.2. Executing OPT_MERGE pass (detect identical cells).
Finding identical cells in module `\vga_bitmap8'.
Computing hashes of 1067 cells of `\vga_bitmap8'.
Finding duplicate cells in `\vga_bitmap8'.
Computing hashes of 933 cells of `\vga_bitmap8'.
Finding duplicate cells in `\vga_bitmap8'.
Computing hashes of 894 cells of `\vga_bitmap8'.
Finding duplicate cells in `\vga_bitmap8'.
Computing hashes of 877 cells of `\vga_bitmap8'.
Finding duplicate cells in `\vga_bitmap8'.
Computing hashes of 865 cells of `\vga_bitmap8'.
Finding duplicate cells in `\vga_bitmap8'.
Computing hashes of 848 cells of `\vga_bitmap8'.
Finding duplicate cells in `\vga_bitmap8'.
Computing hashes of 836 cells of `\vga_bitmap8'.
Finding duplicate cells in `\vga_bitmap8'.
Computing hashes of 774 cells of `\vga_bitmap8'.
Finding duplicate cells in `\vga_bitmap8'.
Computing hashes of 716 cells of `\vga_bitmap8'.
Finding duplicate cells in `\vga_bitmap8'.
<suppressed ~1053 debug messages>
Removed a total of 351 cells.

10.3. Executing OPT_DFF pass (perform DFF optimizations).
Adding SRST signal on $auto$ff.cc:337:slice$1966 ($_DFF_P_) from module vga_bitmap8 (D = $procmux$141_Y [2], Q = $\row$rdreg[0]$q [2], rval = 1'0).
Adding EN signal on $auto$ff.cc:337:slice$5177 ($_SDFF_PP0_) from module vga_bitmap8 (D = $procmux$141_Y [2], Q = $\row$rdreg[0]$q [2]).
Adding SRST signal on $auto$ff.cc:337:slice$1964 ($_DFF_P_) from module vga_bitmap8 (D = $procmux$141_Y [0], Q = $\row$rdreg[0]$q [0], rval = 1'0).
Adding EN signal on $auto$ff.cc:337:slice$5195 ($_SDFF_PP0_) from module vga_bitmap8 (D = $procmux$141_Y [0], Q = $\row$rdreg[0]$q [0]).
Adding SRST signal on $auto$ff.cc:337:slice$1965 ($_DFF_P_) from module vga_bitmap8 (D = $procmux$141_Y [1], Q = $\row$rdreg[0]$q [1], rval = 1'0).
Adding EN signal on $auto$ff.cc:337:slice$5213 ($_SDFF_PP0_) from module vga_bitmap8 (D = $procmux$141_Y [1], Q = $\row$rdreg[0]$q [1]).

10.4. Executing OPT_CLEAN pass (remove unused cells and wires).
Finding unused cells or wires in module \vga_bitmap8..
Removed 118 unused cells and 1559 unused wires.
<suppressed ~119 debug messages>

10.5. Rerunning OPT passes. (Removed registers in this run.)

10.6. Executing OPT_EXPR pass (perform const folding).
Optimizing module vga_bitmap8.
<suppressed ~6 debug messages>

10.7. Executing OPT_MERGE pass (detect identical cells).
Finding identical cells in module `\vga_bitmap8'.
Computing hashes of 607 cells of `\vga_bitmap8'.
Finding duplicate cells in `\vga_bitmap8'.
Computing hashes of 602 cells of `\vga_bitmap8'.
Finding duplicate cells in `\vga_bitmap8'.
Computing hashes of 600 cells of `\vga_bitmap8'.
Finding duplicate cells in `\vga_bitmap8'.
<suppressed ~21 debug messages>
Removed a total of 7 cells.

10.8. Executing OPT_DFF pass (perform DFF optimizations).

10.9. Executing OPT_CLEAN pass (remove unused cells and wires).
Finding unused cells or wires in module \vga_bitmap8..
Removed 0 unused cells and 13 unused wires.
<suppressed ~1 debug messages>

10.10. Finished fast OPT passes.

11. Executing DFFLIBMAP pass (mapping DFF cells to sequential cells from liberty file).
  cell sky130_fd_sc_hd__dfxtp_1 (noninv, pins=3, area=20.02) is a direct match for cell type $_DFF_P_.
  cell sky130_fd_sc_hd__dfrtn_1 (noninv, pins=4, area=25.02) is a direct match for cell type $_DFF_NN0_.
  cell sky130_fd_sc_hd__dfrtp_1 (noninv, pins=4, area=25.02) is a direct match for cell type $_DFF_PN0_.
  cell sky130_fd_sc_hd__dfstp_2 (noninv, pins=4, area=26.28) is a direct match for cell type $_DFF_PN1_.
  cell sky130_fd_sc_hd__edfxtp_1 (noninv, pins=4, area=30.03) is a direct match for cell type $_DFFE_PP_.
  cell sky130_fd_sc_hd__dfbbn_1 (noninv, pins=6, area=32.53) is a direct match for cell type $_DFFSR_NNN_.
  cell sky130_fd_sc_hd__dfbbp_1 (noninv, pins=6, area=32.53) is a direct match for cell type $_DFFSR_PNN_.
  final dff cell mappings:
    unmapped dff cell: $_DFF_N_
    \sky130_fd_sc_hd__dfxtp_1 _DFF_P_ (.CLK( C), .D( D), .Q( Q));
    \sky130_fd_sc_hd__dfrtn_1 _DFF_NN0_ (.CLK_N( C), .D( D), .Q( Q), .RESET_B( R));
    unmapped dff cell: $_DFF_NN1_
    unmapped dff cell: $_DFF_NP0_
    unmapped dff cell: $_DFF_NP1_
    \sky130_fd_sc_hd__dfrtp_1 _DFF_PN0_ (.CLK( C), .D( D), .Q( Q), .RESET_B( R));
    \sky130_fd_sc_hd__dfstp_2 _DFF_PN1_ (.CLK( C), .D( D), .Q( Q), .SET_B( R));
    unmapped dff cell: $_DFF_PP0_
    unmapped dff cell: $_DFF_PP1_
    unmapped dff cell: $_DFFE_NN_
    unmapped dff cell: $_DFFE_NP_
    unmapped dff cell: $_DFFE_PN_
    \sky130_fd_sc_hd__edfxtp_1 _DFFE_PP_ (.CLK( C), .D( D), .DE( E), .Q( Q));
    \sky130_fd_sc_hd__dfbbn_1 _DFFSR_NNN_ (.CLK_N( C), .D( D), .Q( Q), .Q_N(~Q), .RESET_B( R), .SET_B( S));
    unmapped dff cell: $_DFFSR_NNP_
    unmapped dff cell: $_DFFSR_NPN_
    unmapped dff cell: $_DFFSR_NPP_
    \sky130_fd_sc_hd__dfbbp_1 _DFFSR_PNN_ (.CLK( C), .D( D), .Q( Q), .Q_N(~Q), .RESET_B( R), .SET_B( S));
    unmapped dff cell: $_DFFSR_PNP_
    unmapped dff cell: $_DFFSR_PPN_
    unmapped dff cell: $_DFFSR_PPP_

11.1. Executing DFFLEGALIZE pass (convert FFs to types supported by the target).
<suppressed ~24 debug messages>
Mapping DFF cells in module `\vga_bitmap8':
  mapped 64 $_DFFE_PP_ cells to \sky130_fd_sc_hd__edfxtp_1 cells.
  mapped 52 $_DFF_P_ cells to \sky130_fd_sc_hd__dfxtp_1 cells.

12. Executing ABC pass (technology mapping using ABC).

12.1. Extracting gate netlist of module `\vga_bitmap8' to `<abc-temp-dir>/input.blif'..
ABC: using cached merged SCL: /tmp/yosys-liberty-scl-cache/yosys_merged_26d78acf.scl (1 files)
Replacing 76 occurrences of constant undef bits with constant zero bits

12.1.1. Executed ABC.
Extracted 561 gates and 684 wires to a netlist network with 120 inputs and 122 outputs.
Running ABC script: <abc-temp-dir>/abc.script
ABC: UC Berkeley, ABC 1.01 (compiled Jul 16 2026 03:52:11)
ABC: abc 01> empty
ABC: abc 01> source <abc-temp-dir>/abc.script
ABC: + read_blif <abc-temp-dir>/input.blif 
ABC: + read_scl /tmp/yosys-liberty-scl-cache/yosys_merged_26d78acf.scl 
ABC: Warning: Detected 9 multi-output cells (for example, "sky130_fd_sc_hd__fa_1").
ABC: + strash 
ABC: + &get -n 
ABC: + &fraig -x 
ABC: + &put 
ABC: + scorr 
ABC: Warning: The network is combinational (run "fraig" or "fraig_sweep").
ABC: + dc2 
ABC: + dretime 
ABC: + strash 
ABC: + &get -n 
ABC: + &dch -f 
ABC: + &nf 
ABC: + &put 
ABC: + write_blif <abc-temp-dir>/output.blif 
ABC: 
ABC: YOSYS_ABC_DONE 

12.1.2. Re-integrating ABC results.
ABC RESULTS:   sky130_fd_sc_hd__a211oi_1 cells:        2
ABC RESULTS:   sky130_fd_sc_hd__a21o_1 cells:        2
ABC RESULTS:   sky130_fd_sc_hd__a21oi_1 cells:       26
ABC RESULTS:   sky130_fd_sc_hd__a221o_1 cells:        6
ABC RESULTS:   sky130_fd_sc_hd__a221oi_1 cells:        4
ABC RESULTS:   sky130_fd_sc_hd__a311oi_1 cells:        1
ABC RESULTS:   sky130_fd_sc_hd__and2_0 cells:        5
ABC RESULTS:   sky130_fd_sc_hd__and3_1 cells:       15
ABC RESULTS:   sky130_fd_sc_hd__and4_1 cells:        3
ABC RESULTS:   sky130_fd_sc_hd__clkinv_1 cells:        4
ABC RESULTS:   sky130_fd_sc_hd__lpflow_inputiso1p_1 cells:        3
ABC RESULTS:   sky130_fd_sc_hd__lpflow_isobufsrc_1 cells:       12
ABC RESULTS:   sky130_fd_sc_hd__mux2_1 cells:        5
ABC RESULTS:   sky130_fd_sc_hd__mux2i_1 cells:       10
ABC RESULTS:   sky130_fd_sc_hd__mux4_2 cells:        6
ABC RESULTS:   sky130_fd_sc_hd__nand2_1 cells:       29
ABC RESULTS:   sky130_fd_sc_hd__nand2b_1 cells:        9
ABC RESULTS:   sky130_fd_sc_hd__nand3_1 cells:        6
ABC RESULTS:   sky130_fd_sc_hd__nand3b_1 cells:        3
ABC RESULTS:   sky130_fd_sc_hd__nand4_1 cells:        2
ABC RESULTS:   sky130_fd_sc_hd__nand4b_1 cells:        5
ABC RESULTS:   sky130_fd_sc_hd__nor2_1 cells:       87
ABC RESULTS:   sky130_fd_sc_hd__nor2b_1 cells:        1
ABC RESULTS:   sky130_fd_sc_hd__nor3_1 cells:       17
ABC RESULTS:   sky130_fd_sc_hd__nor3b_1 cells:        5
ABC RESULTS:   sky130_fd_sc_hd__nor4_1 cells:        2
ABC RESULTS:   sky130_fd_sc_hd__nor4bb_1 cells:        1
ABC RESULTS:   sky130_fd_sc_hd__o2111ai_1 cells:        1
ABC RESULTS:   sky130_fd_sc_hd__o211ai_1 cells:        2
ABC RESULTS:   sky130_fd_sc_hd__o21a_1 cells:        5
ABC RESULTS:   sky130_fd_sc_hd__o21ai_0 cells:        9
ABC RESULTS:   sky130_fd_sc_hd__o21bai_1 cells:        1
ABC RESULTS:   sky130_fd_sc_hd__o311ai_0 cells:        1
ABC RESULTS:   sky130_fd_sc_hd__o31ai_1 cells:        6
ABC RESULTS:   sky130_fd_sc_hd__o32a_1 cells:        1
ABC RESULTS:   sky130_fd_sc_hd__or4_1 cells:        1
ABC RESULTS:   sky130_fd_sc_hd__xnor2_1 cells:        9
ABC RESULTS:   sky130_fd_sc_hd__xor2_1 cells:        1
ABC RESULTS:        internal signals:      442
ABC RESULTS:           input signals:      120
ABC RESULTS:          output signals:      122
Removing temp directory.
Removing global temp directory.

13. Executing OPT_CLEAN pass (remove unused cells and wires).
Finding unused cells or wires in module \vga_bitmap8..
Removed 1 unused cells and 473 unused wires.
<suppressed ~15 debug messages>

14. Printing statistics.

=== vga_bitmap8 ===

        +----------Local Count, excluding submodules.
        |        +-Local Area, excluding submodules.
        |        | 
      331        - wires
      447        - wire bits
       23        - public wires
      139        - public wire bits
        6        - ports
       31        - port bits
      424  4.8E+03 cells
        2   15.014   sky130_fd_sc_hd__a211oi_1
        2   15.014   sky130_fd_sc_hd__a21o_1
       26  130.125   sky130_fd_sc_hd__a21oi_1
        6   60.058   sky130_fd_sc_hd__a221o_1
        4   35.034   sky130_fd_sc_hd__a221oi_1
        1    8.758   sky130_fd_sc_hd__a311oi_1
        5    31.28   sky130_fd_sc_hd__and2_0
       15    93.84   sky130_fd_sc_hd__and3_1
        3   26.275   sky130_fd_sc_hd__and4_1
        4   15.014   sky130_fd_sc_hd__clkinv_1
       52 1.04E+03   sky130_fd_sc_hd__dfxtp_1
       64 1.92E+03   sky130_fd_sc_hd__edfxtp_1
        3   18.768   sky130_fd_sc_hd__lpflow_inputiso1p_1
       12   75.072   sky130_fd_sc_hd__lpflow_isobufsrc_1
        5   56.304   sky130_fd_sc_hd__mux2_1
       10  100.096   sky130_fd_sc_hd__mux2i_1
        6   135.13   sky130_fd_sc_hd__mux4_2
       29  108.854   sky130_fd_sc_hd__nand2_1
        9   56.304   sky130_fd_sc_hd__nand2b_1
        6   30.029   sky130_fd_sc_hd__nand3_1
        3   22.522   sky130_fd_sc_hd__nand3b_1
        2   12.512   sky130_fd_sc_hd__nand4_1
        5   43.792   sky130_fd_sc_hd__nand4b_1
       87  326.563   sky130_fd_sc_hd__nor2_1
        1    6.256   sky130_fd_sc_hd__nor2b_1
       17   85.082   sky130_fd_sc_hd__nor3_1
        5   37.536   sky130_fd_sc_hd__nor3b_1
        2   12.512   sky130_fd_sc_hd__nor4_1
        1    10.01   sky130_fd_sc_hd__nor4bb_1
        1    8.758   sky130_fd_sc_hd__o2111ai_1
        2   15.014   sky130_fd_sc_hd__o211ai_1
        5   37.536   sky130_fd_sc_hd__o21a_1
        9   45.043   sky130_fd_sc_hd__o21ai_0
        1    7.507   sky130_fd_sc_hd__o21bai_1
        1    8.758   sky130_fd_sc_hd__o311ai_0
        6   45.043   sky130_fd_sc_hd__o31ai_1
        1    10.01   sky130_fd_sc_hd__o32a_1
        1    7.507   sky130_fd_sc_hd__or4_1
        9   78.826   sky130_fd_sc_hd__xnor2_1
        1    8.758   sky130_fd_sc_hd__xor2_1

   Chip area for module '\vga_bitmap8': 4803.356800
     of which used for sequential elements: 2962.841600 (61.68%)

End of script. Logfile hash: 8ab84c4330, time: 0.29s, user: 0.20s, system: 0.02s, MEM: 46.88 MB peak
Yosys 0.67+40 (git sha1 45ea2b8d6-dirty, Release, Clang /usr/bin/clang++ 18.1.8)
Time spent: 34% 1x abc (0 sec), 14% 1x stat (0 sec), ...
