rm -f results.xml
"make" -f Makefile results.xml
make[1]: Entering directory '/home/moein/projects/lithos/designs/ttsky26c-arm16/test'
mkdir -p sim_build/gl
/home/moein/oss-cad-suite/bin/iverilog -o sim_build/gl/sim.vvp -s tb -g2012 -DGL_TEST -DFUNCTIONAL -DUSE_POWER_PINS -DSIM -DUNIT_DELAY=#1 -I/home/moein/projects/lithos/designs/ttsky26c-arm16/test/../src -f sim_build/gl/cmds.f  /home/moein/.ciel/ciel/sky130/versions/8afc8346a57fe1ab7934ba5a6056ea8b43078e71/sky130A/libs.ref/sky130_fd_sc_hd/verilog/primitives.v /home/moein/.ciel/ciel/sky130/versions/8afc8346a57fe1ab7934ba5a6056ea8b43078e71/sky130A/libs.ref/sky130_fd_sc_hd/verilog/sky130_fd_sc_hd.v /home/moein/projects/lithos/designs/ttsky26c-arm16/test/gate_level_netlist.v /home/moein/projects/lithos/designs/ttsky26c-arm16/test/tb.v
rm -f results.xml
COCOTB_TEST_MODULES=test COCOTB_TESTCASE= COCOTB_TEST_FILTER= COCOTB_TOPLEVEL=tb TOPLEVEL_LANG=verilog \
         /home/moein/oss-cad-suite/bin/vvp -M /home/moein/oss-cad-suite/lib/python3.11/site-packages/cocotb-2.1.0.dev0+41564633-py3.11-linux-x64.egg/cocotb/libs -m libcocotbvpi_icarus   sim_build/gl/sim.vvp -fst   
     -.--ns INFO     gpi                                ../gpi/GpiCommon.cpp:216  in gpi_load_users                  Running entry func 'initialize' from loaded library '/home/moein/oss-cad-suite/lib/python3.11/site-packages/cocotb-2.1.0.dev0+41564633-py3.11-linux-x64.egg/cocotb/libs/libcocotb.so'
     -.--ns INFO     gpi                                ..mbed/gpi_embed.cpp:96   in initialize                      Using Python 3.11.6 interpreter at /home/moein/oss-cad-suite/bin/tabbypy3
     0.00ns INFO     cocotb                             Running on Icarus Verilog version 14.0 (devel)
     0.00ns INFO     cocotb                             Seeding Python random module with 1788706467
     0.00ns INFO     cocotb                             Initialized cocotb v2.1.0.dev0+41564633 from /home/moein/oss-cad-suite/lib/python3.11/site-packages/cocotb-2.1.0.dev0+41564633-py3.11-linux-x64.egg/cocotb
     0.00ns INFO     cocotb                             Running tests
     0.00ns INFO     cocotb.regression                  skipping test.test_directed_dataproc_immediate_fwd1 (1/52)
     0.00ns INFO     cocotb.regression                  skipping test.test_directed_dataproc_immediate_fwd0 (2/52)
     0.00ns INFO     cocotb.regression                  skipping test.test_directed_dataproc_register_fwd1 (3/52)
     0.00ns INFO     cocotb.regression                  skipping test.test_directed_dataproc_register_fwd0 (4/52)
     0.00ns INFO     cocotb.regression                  skipping test.test_directed_shifts_fwd1 (5/52)
     0.00ns INFO     cocotb.regression                  skipping test.test_directed_shifts_fwd0 (6/52)
     0.00ns INFO     cocotb.regression                  skipping test.test_directed_branches_fwd1 (7/52)
     0.00ns INFO     cocotb.regression                  skipping test.test_directed_branches_fwd0 (8/52)
     0.00ns INFO     cocotb.regression                  skipping test.test_directed_conditions_fwd1 (9/52)
     0.00ns INFO     cocotb.regression                  skipping test.test_directed_conditions_fwd0 (10/52)
     0.00ns INFO     cocotb.regression                  skipping test.test_directed_unsupported_nop_fwd1 (11/52)
     0.00ns INFO     cocotb.regression                  skipping test.test_directed_unsupported_nop_fwd0 (12/52)
     0.00ns INFO     cocotb.regression                  skipping test.test_directed_peripherals_fwd1 (13/52)
     0.00ns INFO     cocotb.regression                  skipping test.test_directed_peripherals_fwd0 (14/52)
     0.00ns INFO     cocotb.regression                  skipping test.test_directed_regression_load_use_fwd1 (15/52)
     0.00ns INFO     cocotb.regression                  skipping test.test_directed_regression_load_use_fwd0 (16/52)
     0.00ns INFO     cocotb.regression                  skipping test.test_directed_regression_branch_beats_stall_fwd1 (17/52)
     0.00ns INFO     cocotb.regression                  skipping test.test_directed_regression_branch_beats_stall_fwd0 (18/52)
     0.00ns INFO     cocotb.regression                  skipping test.test_directed_regression_flags_untouched_fwd1 (19/52)
     0.00ns INFO     cocotb.regression                  skipping test.test_directed_regression_flags_untouched_fwd0 (20/52)
     0.00ns INFO     cocotb.regression                  skipping test.test_directed_regression_mov_keeps_carry_fwd1 (21/52)
     0.00ns INFO     cocotb.regression                  skipping test.test_directed_regression_mov_keeps_carry_fwd0 (22/52)
     0.00ns INFO     cocotb.regression                  skipping test.test_directed_regression_ls_condition_fwd1 (23/52)
     0.00ns INFO     cocotb.regression                  skipping test.test_directed_regression_ls_condition_fwd0 (24/52)
     0.00ns INFO     cocotb.regression                  skipping test.test_directed_bubble_never_writes_fwd1 (25/52)
     0.00ns INFO     cocotb.regression                  skipping test.test_directed_bubble_never_writes_fwd0 (26/52)
     0.00ns INFO     cocotb.regression                  skipping test.test_directed_dependent_chain_fwd1 (27/52)
     0.00ns INFO     cocotb.regression                  skipping test.test_directed_dependent_chain_fwd0 (28/52)
     0.00ns INFO     cocotb.regression                  skipping test.test_directed_counted_loop_fwd1 (29/52)
     0.00ns INFO     cocotb.regression                  skipping test.test_directed_counted_loop_fwd0 (30/52)
     0.00ns INFO     cocotb.regression                  skipping test.test_random_differential (31/52)
     0.00ns INFO     cocotb.regression                  skipping test.test_hazard_stall_counts (32/52)
                                                            The dependent chain retires about 2x slower with forwarding off (spec 3.5).
     0.00ns INFO     cocotb.regression                  skipping test.test_demo_rom_program_counts (33/52)
                                                            The shipped ROM program (D8) counts on VGA_VAL and reacts to FWD_EN.
     0.00ns INFO     cocotb.regression                  skipping test.test_negative_known_failure (34/52)
                                                            Deliberately wrong expectation so the suite is known to see (spec 14.4).
     0.00ns INFO     cocotb.regression                  skipping test.test_rom_boot (35/52)
                                                            ROM mode: the demo program runs with the bus quiet, stores reach VGA_VAL, forwarding halves the loop time.
     0.00ns INFO     cocotb.regression                  skipping test.test_vga_frame_capture (36/52)
                                                            One full frame rendered from VGA_VAL = 0x1A2F in the program's colours and compared pixel for pixel;
     0.00ns INFO     cocotb.regression                  skipping test.test_hardware_view (37/52)
                                                            DISP_SEL shows the fetch address white on black; with USER the meter (spec 3.6).
     0.00ns INFO     cocotb.regression                  skipping test.test_meter (38/52)
                                                            METER holds the instructions retired during the previous frame, latched at VSYNC.
     0.00ns INFO     cocotb.regression                  running test.test_stream_sequence (39/52)
                                                            64 straight-line words stream in one flash transaction with chip select held; exactly one EBh.
   320.00ns WARNING  py.warnings                        /home/moein/projects/lithos/designs/ttsky26c-arm16/test/qspi_models.py:97: DeprecationWarning: Use `signal.value_change` instead.
                                                          await Edge(self.dut.sd_out)
   320.00ns WARNING  py.warnings                        /home/moein/projects/lithos/designs/ttsky26c-arm16/test/qspi_models.py:284: DeprecationWarning: Use `signal.value_change` instead.
                                                          await First(Edge(self.dut.cs_flash_n), Edge(self.dut.cs_ram_n))
   320.00ns WARNING  py.warnings                        /home/moein/projects/lithos/designs/ttsky26c-arm16/test/qspi_models.py:291: DeprecationWarning: Use `signal.value_change` instead.
                                                          await Edge(self.dut.sd_out)
   381.00ns WARNING  py.warnings                        /home/moein/projects/lithos/designs/ttsky26c-arm16/test/qspi_models.py:180: DeprecationWarning: Use `signal.value_change` instead.
                                                          trig = await First(Edge(self.dut.sd_out), Edge(self.dut.sd_oe), Timer(5, unit="ns"))
122960.00ns INFO     cocotb.tb                          flash transactions 17, bytes 420; psram transactions 16
122960.00ns INFO     cocotb.regression                  test.test_stream_sequence passed
122960.00ns INFO     cocotb.regression                  running test.test_restart_on_branch (40/52)
                                                            Each taken branch starts one new flash transaction at the target; not-taken branches none.
221000.00ns INFO     cocotb.tb                          flash first addresses: ['0x0000', '0x004C', '0x006C', '0x0060', '0x0074', '0x0080', '0x0084', '0x0088', '0x008C', '0x0090', '0x0094', '0x0098', '0x009C', '0x00A0', '0x00A4', '0x00A8', '0x00AC', '0x00B0', '0x00B4', '0x00CC']; taken-branch targets: ['0x004C', '0x006C', '0x0060', '0x0074']
221000.00ns INFO     cocotb.regression                  test.test_restart_on_branch passed
221000.00ns INFO     cocotb.regression                  running test.test_data_access_interleave (41/52)
                                                            Loads and stores to the PSRAM interrupt the stream, one transaction each, and the stream restarts.
335040.00ns INFO     cocotb.regression                  test.test_data_access_interleave passed
335040.00ns INFO     cocotb.regression                  running test.test_flash_literal_load (42/52)
                                                            LDR from a literal pool in the flash reads the 16-bit little-endian word at the byte address.
435840.00ns INFO     cocotb.regression                  test.test_flash_literal_load passed
435840.00ns INFO     cocotb.regression                  skipping test.test_backpressure_hold (43/52)
                                                            A stall while a word is parked: the word is held, exactly one accept, the address advances once.
435840.00ns INFO     cocotb.regression                  running test.test_delay_sweep (44/52)
                                                            Mux round trip 0 to 40 ns against straps 1, 2, 3: at least two straps pass through 30 ns.
2640600.00ns INFO     cocotb.tb                          round trip 0 ns strap 3: 
4845320.00ns INFO     cocotb.tb                          round trip 5 ns strap 3: 
7050040.00ns INFO     cocotb.tb                          round trip 10 ns strap 3: 
7052721.00ns WARNING  cocotb.task.Task 624987            Cannot convert Logic('X') to int
                                                        Traceback (most recent call last):
                                                          File "/home/moein/projects/lithos/designs/ttsky26c-arm16/test/qspi_models.py", line 286, in _selects
                                                            if int(self.dut.cs_flash_n.value) == 0 and int(self.dut.cs_ram_n.value) == 0:
                                                               ^^^^^^^^^^^^^^^^^^^^^^^^^^^^^^
                                                          File "/home/moein/oss-cad-suite/lib/python3.11/site-packages/cocotb-2.1.0.dev0+41564633-py3.11-linux-x64.egg/cocotb/types/_logic.py", line 255, in __int__
                                                            raise ValueError(f"Cannot convert {self!r} to int")
                                                        ValueError: Cannot convert Logic('X') to int
7052721.00ns WARNING  cocotb.task.Test test_delay_sweep  Attempting settings a value during the ReadOnly phase.
                                                        Traceback (most recent call last):
                                                          File "/home/moein/projects/lithos/designs/ttsky26c-arm16/test/test.py", line 610, in test_delay_sweep
                                                            await run.run(timeout_us=2000)
                                                          File "/home/moein/projects/lithos/designs/ttsky26c-arm16/test/test.py", line 391, in run
                                                            await with_timeout(self.psram.write_event.wait(), timeout_us * 1000, "ns")
                                                          File "/home/moein/oss-cad-suite/lib/python3.11/site-packages/cocotb-2.1.0.dev0+41564633-py3.11-linux-x64.egg/cocotb/_extended_awaitables.py", line 405, in with_timeout
                                                            res = await First(timeout_timer, trigger)
                                                                  ^^^^^^^^^^^^^^^^^^^^^^^^^^^^^^^^^^^
                                                          File "/home/moein/oss-cad-suite/lib/python3.11/site-packages/cocotb-2.1.0.dev0+41564633-py3.11-linux-x64.egg/cocotb/_extended_awaitables.py", line 188, in _wait
                                                            await done
                                                          File "/home/moein/oss-cad-suite/lib/python3.11/site-packages/cocotb-2.1.0.dev0+41564633-py3.11-linux-x64.egg/cocotb/_base_triggers.py", line 323, in __await__
                                                            return (yield from super().__await__())
                                                                    ^^^^^^^^^^^^^^^^^^^^^^^^^^^^^^
                                                          File "/home/moein/oss-cad-suite/lib/python3.11/site-packages/cocotb-2.1.0.dev0+41564633-py3.11-linux-x64.egg/cocotb/_base_triggers.py", line 135, in __await__
                                                            yield self
                                                        asyncio.exceptions.CancelledError
                                                        
                                                        During handling of the above exception, another exception occurred:
                                                        
                                                        Traceback (most recent call last):
                                                          File "/home/moein/projects/lithos/designs/ttsky26c-arm16/test/test.py", line 616, in test_delay_sweep
                                                            run.stop()                 # one driver per iteration: the old models must not touch uio_in
                                                            ^^^^^^^^^^
                                                          File "/home/moein/projects/lithos/designs/ttsky26c-arm16/test/test.py", line 381, in stop
                                                            self.bus.release()
                                                          File "/home/moein/projects/lithos/designs/ttsky26c-arm16/test/qspi_models.py", line 44, in release
                                                            self.dut.uio_in.value = 0
                                                            ^^^^^^^^^^^^^^^^^^^^^
                                                          File "/home/moein/oss-cad-suite/lib/python3.11/site-packages/cocotb-2.1.0.dev0+41564633-py3.11-linux-x64.egg/cocotb/handle.py", line 860, in value
                                                            self.set(value)
                                                          File "/home/moein/oss-cad-suite/lib/python3.11/site-packages/cocotb-2.1.0.dev0+41564633-py3.11-linux-x64.egg/cocotb/handle.py", line 1343, in set
                                                            super().set(value)
                                                          File "/home/moein/oss-cad-suite/lib/python3.11/site-packages/cocotb-2.1.0.dev0+41564633-py3.11-linux-x64.egg/cocotb/handle.py", line 889, in set
                                                            raise RuntimeError("Attempting settings a value during the ReadOnly phase.")
                                                        RuntimeError: Attempting settings a value during the ReadOnly phase.
7052721.00ns WARNING  cocotb.regression                  test.test_delay_sweep failed
7052721.00ns INFO     cocotb.regression                  running test.test_psram_write_read (45/52)
                                                            Store then load the same and the neighbouring word; 64-word fill and verify with a checksum.
8346361.00ns INFO     cocotb.regression                  test.test_psram_write_read passed
8346361.00ns INFO     cocotb.regression                  running test.test_tcem_and_idle_pins (46/52)
                                                            A load-heavy program never holds the PSRAM select longer than 6 us; the lanes hold when idle.
9008721.01ns INFO     cocotb.tb                          longest PSRAM chip-select-low time 2000 ns
9008721.01ns INFO     cocotb.regression                  test.test_tcem_and_idle_pins passed
9008721.01ns INFO     cocotb.regression                  skipping test.test_tcem_hard_counter (47/52)
                                                            Force the engine to stall mid-read: the hard counter raises the PSRAM select at 150 cycles and sets the fault.
9008721.01ns INFO     cocotb.regression                  running test.test_random_differential_flash (48/52)
                                                            Random programs streamed from the flash with PSRAM data, compared with the golden model.
10418001.01ns INFO     cocotb.tb                          12 random flash programs matched the golden model
10418001.01ns INFO     cocotb.regression                  test.test_random_differential_flash passed
10418001.01ns INFO     cocotb.regression                  running test.test_negative_byte_order (49/52)
                                                            Negative test: an image with swapped bytes must not run correctly (spec 14.4).
10506441.01ns INFO     cocotb.tb                          byte-swapped image did not match, as it must
10506441.01ns INFO     cocotb.regression                  test.test_negative_byte_order passed
10506441.01ns INFO     cocotb.regression                  skipping test.test_shipped_rom_boot (50/52)
                                                            Plain build (ROMTEST=no): the shipped src/demo_rom.v boots, loops and stores to VGA_VAL.
10506441.01ns INFO     cocotb.regression                  running test.test_demo_draws_end_to_end (51/52)
                                                            A flash program writes VGA_VAL, VGA_FG and VGA_BG and the digit band renders them (spec 14.4
20523641.01ns INFO     cocotb.regression                  test.test_demo_draws_end_to_end passed
20523641.01ns INFO     cocotb.regression                  running test.test_rom_mode_band (52/52)
                                                            ROM mode with nothing on the socket: the bus stays quiet and the band shows VGA_VAL = 0 in white on
30540061.01ns INFO     cocotb.regression                  test.test_rom_mode_band passed
30540061.01ns INFO     cocotb.regression                  ***************************************************************************************************************
                                                        ** TEST                                                   STATUS  SIM TIME (ns)  REAL TIME (s)  RATIO (ns/s) **
                                                        ***************************************************************************************************************
                                                        ** test.test_directed_dataproc_immediate_fwd1              SKIP           0.00           0.00          -.--  **
                                                        ** test.test_directed_dataproc_immediate_fwd0              SKIP           0.00           0.00          -.--  **
                                                        ** test.test_directed_dataproc_register_fwd1               SKIP           0.00           0.00          -.--  **
                                                        ** test.test_directed_dataproc_register_fwd0               SKIP           0.00           0.00          -.--  **
                                                        ** test.test_directed_shifts_fwd1                          SKIP           0.00           0.00          -.--  **
                                                        ** test.test_directed_shifts_fwd0                          SKIP           0.00           0.00          -.--  **
                                                        ** test.test_directed_branches_fwd1                        SKIP           0.00           0.00          -.--  **
                                                        ** test.test_directed_branches_fwd0                        SKIP           0.00           0.00          -.--  **
                                                        ** test.test_directed_conditions_fwd1                      SKIP           0.00           0.00          -.--  **
                                                        ** test.test_directed_conditions_fwd0                      SKIP           0.00           0.00          -.--  **
                                                        ** test.test_directed_unsupported_nop_fwd1                 SKIP           0.00           0.00          -.--  **
                                                        ** test.test_directed_unsupported_nop_fwd0                 SKIP           0.00           0.00          -.--  **
                                                        ** test.test_directed_peripherals_fwd1                     SKIP           0.00           0.00          -.--  **
                                                        ** test.test_directed_peripherals_fwd0                     SKIP           0.00           0.00          -.--  **
                                                        ** test.test_directed_regression_load_use_fwd1             SKIP           0.00           0.00          -.--  **
                                                        ** test.test_directed_regression_load_use_fwd0             SKIP           0.00           0.00          -.--  **
                                                        ** test.test_directed_regression_branch_beats_stall_fwd1   SKIP           0.00           0.00          -.--  **
                                                        ** test.test_directed_regression_branch_beats_stall_fwd0   SKIP           0.00           0.00          -.--  **
                                                        ** test.test_directed_regression_flags_untouched_fwd1      SKIP           0.00           0.00          -.--  **
                                                        ** test.test_directed_regression_flags_untouched_fwd0      SKIP           0.00           0.00          -.--  **
                                                        ** test.test_directed_regression_mov_keeps_carry_fwd1      SKIP           0.00           0.00          -.--  **
                                                        ** test.test_directed_regression_mov_keeps_carry_fwd0      SKIP           0.00           0.00          -.--  **
                                                        ** test.test_directed_regression_ls_condition_fwd1         SKIP           0.00           0.00          -.--  **
                                                        ** test.test_directed_regression_ls_condition_fwd0         SKIP           0.00           0.00          -.--  **
                                                        ** test.test_directed_bubble_never_writes_fwd1             SKIP           0.00           0.00          -.--  **
                                                        ** test.test_directed_bubble_never_writes_fwd0             SKIP           0.00           0.00          -.--  **
                                                        ** test.test_directed_dependent_chain_fwd1                 SKIP           0.00           0.00          -.--  **
                                                        ** test.test_directed_dependent_chain_fwd0                 SKIP           0.00           0.00          -.--  **
                                                        ** test.test_directed_counted_loop_fwd1                    SKIP           0.00           0.00          -.--  **
                                                        ** test.test_directed_counted_loop_fwd0                    SKIP           0.00           0.00          -.--  **
                                                        ** test.test_random_differential                           SKIP           0.00           0.00          -.--  **
                                                        ** test.test_hazard_stall_counts                           SKIP           0.00           0.00          -.--  **
                                                        ** test.test_demo_rom_program_counts                       SKIP           0.00           0.00          -.--  **
                                                        ** test.test_negative_known_failure                        SKIP           0.00           0.00          -.--  **
                                                        ** test.test_rom_boot                                      SKIP           0.00           0.00          -.--  **
                                                        ** test.test_vga_frame_capture                             SKIP           0.00           0.00          -.--  **
                                                        ** test.test_hardware_view                                 SKIP           0.00           0.00          -.--  **
                                                        ** test.test_meter                                         SKIP           0.00           0.00          -.--  **
                                                        ** test.test_stream_sequence                               PASS      122960.00           2.17      56566.41  **
                                                        ** test.test_restart_on_branch                             PASS       98040.00           1.55      63096.34  **
                                                        ** test.test_data_access_interleave                        PASS      114040.00           4.28      26650.94  **
                                                        ** test.test_flash_literal_load                            PASS      100800.00           1.57      64310.08  **
                                                        ** test.test_backpressure_hold                             SKIP           0.00           0.00          -.--  **
                                                        ** test.test_delay_sweep                                   FAIL     6616881.00         148.85      44452.42  **
                                                        ** test.test_psram_write_read                              PASS     1293640.00          28.51      45376.41  **
                                                        ** test.test_tcem_and_idle_pins                            PASS      662360.00          13.34      49660.50  **
                                                        ** test.test_tcem_hard_counter                             SKIP           0.00           0.00          -.--  **
                                                        ** test.test_random_differential_flash                     PASS     1409280.00          29.88      47163.48  **
                                                        ** test.test_negative_byte_order                           PASS       88440.00           1.54      57458.11  **
                                                        ** test.test_shipped_rom_boot                              SKIP           0.00           0.00          -.--  **
                                                        ** test.test_demo_draws_end_to_end                         PASS    10017200.00         212.28      47189.66  **
                                                        ** test.test_rom_mode_band                                 PASS    10016420.00         420.25      23834.35  **
                                                        ***************************************************************************************************************
                                                        ** TESTS=52 PASS=10 FAIL=1 SKIP=41                                 30540061.01         864.24      35337.27  **
                                                        ***************************************************************************************************************
FST info: dumpfile tb.fst opened for output.
make[1]: *** [/home/moein/oss-cad-suite/lib/python3.11/site-packages/cocotb-2.1.0.dev0+41564633-py3.11-linux-x64.egg/cocotb_tools/makefiles/simulators/Makefile.icarus:66: results.xml] Segmentation fault (core dumped)
make[1]: *** Deleting file 'results.xml'
make[1]: Leaving directory '/home/moein/projects/lithos/designs/ttsky26c-arm16/test'
make: *** [/home/moein/oss-cad-suite/lib/python3.11/site-packages/cocotb-2.1.0.dev0+41564633-py3.11-linux-x64.egg/cocotb_tools/makefiles/Makefile.inc:17: sim] Error 2
