# RTL suite after the X-safe models (make -B, ROMTEST=yes), start 2026-09-06T15:10:09Z, exit=2 end 2026-09-06T15:16:04Z
** test.test_directed_dataproc_immediate_fwd1              PASS        1160.00           0.01      86916.16  **
** test.test_directed_dataproc_immediate_fwd0              PASS        1320.00           0.01     250712.37  **
** test.test_directed_dataproc_register_fwd1               PASS        1280.00           0.01     244811.18  **
** test.test_directed_dataproc_register_fwd0               PASS        1400.00           0.01     186289.32  **
** test.test_directed_shifts_fwd1                          PASS        1320.00           0.01     138022.12  **
** test.test_directed_shifts_fwd0                          PASS        1440.00           0.01     176292.99  **
** test.test_directed_branches_fwd1                        PASS        1520.00           0.01     251235.11  **
** test.test_directed_branches_fwd0                        PASS        1600.00           0.01     279620.27  **
** test.test_directed_conditions_fwd1                      PASS        2120.00           0.01     324309.74  **
** test.test_directed_conditions_fwd0                      PASS        2520.00           0.01     355234.46  **
** test.test_directed_unsupported_nop_fwd1                 PASS        1400.00           0.00     284304.52  **
** test.test_directed_unsupported_nop_fwd0                 PASS        1400.00           0.00     301810.53  **
** test.test_directed_peripherals_fwd1                     PASS        1360.00           0.01     218704.60  **
** test.test_directed_peripherals_fwd0                     PASS        1760.00           0.01     286600.73  **
** test.test_directed_regression_load_use_fwd1             PASS        1040.00           0.00     226601.36  **
** test.test_directed_regression_load_use_fwd0             PASS        1200.00           0.00     249351.74  **
** test.test_directed_regression_branch_beats_stall_fwd1   PASS         960.00           0.00     230429.89  **
** test.test_directed_regression_branch_beats_stall_fwd0   PASS        1040.00           0.00     248820.73  **
** test.test_directed_regression_flags_untouched_fwd1      PASS        1040.00           0.00     230419.74  **
** test.test_directed_regression_flags_untouched_fwd0      PASS        1080.00           0.00     252894.61  **
** test.test_directed_regression_mov_keeps_carry_fwd1      PASS         920.00           0.00     231785.18  **
** test.test_directed_regression_mov_keeps_carry_fwd0      PASS        1080.00           0.00     236286.49  **
** test.test_directed_regression_ls_condition_fwd1         PASS        1240.00           0.01     233540.05  **
** test.test_directed_regression_ls_condition_fwd0         PASS        1400.00           0.01     123613.78  **
** test.test_directed_bubble_never_writes_fwd1             PASS         880.00           0.00     201132.77  **
** test.test_directed_bubble_never_writes_fwd0             PASS         920.00           0.00     215068.54  **
** test.test_directed_dependent_chain_fwd1                 PASS        1200.00           0.01     238245.04  **
** test.test_directed_dependent_chain_fwd0                 PASS        2240.00           0.01     308283.27  **
** test.test_directed_counted_loop_fwd1                    PASS        3160.00           0.01     282541.05  **
** test.test_directed_counted_loop_fwd0                    PASS        4160.00           0.01     301978.27  **
** test.test_random_differential                           PASS      493400.00           1.60     308551.53  **
** test.test_hazard_stall_counts                           PASS        3440.00           0.01     312946.66  **
** test.test_demo_rom_program_counts                       PASS      160720.00           0.26     622530.63  **
** test.test_negative_known_failure                        PASS         720.00           0.00     184590.40  **
** test.test_rom_boot                                      PASS      240740.00           0.52     463098.72  **
** test.test_vga_frame_capture                             PASS    32480380.00          61.31     529787.77  **
** test.test_hardware_view                                 PASS        2780.00           0.01     316396.63  **
** test.test_meter                                         PASS    32480480.00          79.15     410391.85  **
** test.test_stream_sequence                               PASS      123000.00           0.52     235844.14  **
** test.test_restart_on_branch                             PASS       98040.00           0.41     238032.69  **
** test.test_data_access_interleave                        PASS      114040.00           0.47     242607.76  **
** test.test_flash_literal_load                            PASS      100800.00           0.41     243560.01  **
** test.test_backpressure_hold                             PASS      110800.00           0.46     239158.70  **
** test.test_delay_sweep                                   PASS    21747320.00          93.26     233195.55  **
** test.test_psram_write_read                              PASS     1293640.00           5.82     222320.15  **
** test.test_tcem_and_idle_pins                            PASS      662360.00           3.06     216587.21  **
** test.test_tcem_hard_counter                             PASS       19260.00           0.07     259979.19  **
** test.test_random_differential_flash                     PASS     4734880.00          23.48     201658.42  **
** test.test_negative_byte_order                           PASS       88440.00           0.46     193998.76  **
** test.test_shipped_rom_boot                              SKIP           0.00           0.00          -.--  **
** test.test_demo_draws_end_to_end                         PASS    10241200.00          50.75     201784.79  **
** test.test_rom_mode_band                                 PASS    10240420.00          29.69     344914.09  **
** TESTS=52 PASS=51 FAIL=0 SKIP=1                                 115482020.05         351.94     328125.39  **

88201820.04ns INFO     cocotb.tb                          delay sweep:
rt  0 ns: strap1=ok  strap2=ok  strap3=BAD
rt  5 ns: strap1=ok  strap2=ok  strap3=BAD
rt 10 ns: strap1=ok  strap2=ok  strap3=BAD
rt 15 ns: strap1=BAD strap2=ok  strap3=BAD
rt 20 ns: strap1=BAD strap2=ok  strap3=ok 
rt 25 ns: strap1=BAD strap2=ok  strap3=ok 
rt 30 ns: strap1=BAD strap2=ok  strap3=ok 
rt 35 ns: strap1=BAD strap2=ok  strap3=ok 
rt 40 ns: strap1=BAD strap2=ok  strap3=ok 
